******************************************************************************
            TI ARM Clang Linker PC v4.0.4                      
******************************************************************************
>> Linked Sat Jun  6 14:39:13 2026

OUTPUT FILE NAME:   <LEAP_LP-AM243.out>
ENTRY POINT SYMBOL: "_vectors"  address: 00000000


MEMORY CONFIGURATION

         name            origin    length      used     unused   attr    fill
----------------------  --------  ---------  --------  --------  ----  --------
  R5F_VECS              00000000   00000040  00000040  00000000  RWIX
  R5F_TCMA              00000040   00007fc0  00000000  00007fc0  RWIX
  R5F_TCMB0             41010000   00008000  00000000  00008000  RWIX
  FLASH                 60100000   00100000  00000000  00100000  RWIX
  MSRAM                 70080000   00160000  000996a0  000c6960  RWIX


SEGMENT ALLOCATION MAP

run origin  load origin   length   init length attrs members
----------  ----------- ---------- ----------- ----- -------
00000000    00000000    00000040   00000040    r-x
  00000000    00000000    00000040   00000040    r-x .vectors
70080000    70080000    00056528   00056528    r-x
  70080000    70080000    00043f00   00043f00    r-x .text
  700c3f00    700c3f00    00012628   00012628    r-- .rodata
700d6580    700d6580    0001e680   00000000    rw-
  700d6580    700d6580    0001e680   00000000    rw- .bss
70110e00    70110e00    00005b80   00003780    rw-
  70110e00    70110e00    00003780   00003780    rw- .data
  70114580    70114580    00000400   00000000    rw- .sysmem
  70114980    70114980    00002000   00000000    rw- .stack
70116980    70116980    000019b8   000019b8    r-x
  70116980    70116980    00000f90   00000f90    r-x .text.hwi
  70117910    70117910    000004a0   000004a0    r-x .text.cache
  70117db0    70117db0    000003c0   000003c0    r-x .text.mpu
  70118170    70118170    000001c0   000001c0    r-x .text.boot
  70118330    70118330    00000008   00000008    r-x .text:abort
70118338    70118338    00001400   00000000    rw-
  70118338    70118338    00000100   00000000    rw- .irqstack
  70118438    70118438    00000100   00000000    rw- .fiqstack
  70118538    70118538    00001000   00000000    rw- .svcstack
  70119538    70119538    00000100   00000000    rw- .abortstack
  70119638    70119638    00000100   00000000    rw- .undefinedstack


SECTION ALLOCATION MAP

 output                                  attributes/
section   page    origin      length       input sections
--------  ----  ----------  ----------   ----------------
.vectors   0    00000000    00000040     
                  00000000    00000040     freertos.am243x.r5f.ti-arm-clang.debug.lib : HwiP_armv7r_vectors_freertos_asm.obj (.vectors)

.text      0    70080000    00043f00     
                  70080000    00000a96     enet-icssg.am243x.r5f.ti-arm-clang.freertos.debug.lib : icssg_utils.obj (.text.IcssgUtils_configSwtFw)
                  70080a96    00000002     --HOLE-- [fill = 0]
                  70080a98    00000008     libsysbm.a : hostexit.c.obj (.text.HOSTexit)
                  70080aa0    00000a34     freertos.am243x.r5f.ti-arm-clang.debug.lib : printf.obj (.text._vsnprintf)
                  700814d4    0000000c     libclang_rt.builtins.a : aeabi_memset.S.obj (.text.__aeabi_memclr)
                  700814e0    0000089c     enet-icssg.am243x.r5f.ti-arm-clang.freertos.debug.lib : enet_udma.obj (.text.EnetUdma_openTxCh)
                  70081d7c    00000004     libclang_rt.builtins.a : aeabi_div0.c.obj (.text.__aeabi_idiv0)
                  70081d80    00000852     enet-icssg.am243x.r5f.ti-arm-clang.freertos.debug.lib : icssg_utils.obj (.text.IcssgUtils_fwConfig)
                  700825d2    00000002     --HOLE-- [fill = 0]
                  700825d4    0000000c     libc.a : memory.c.obj (.text.malloc)
                  700825e0    00000838     enet-icssg.am243x.r5f.ti-arm-clang.freertos.debug.lib : enet_udma_priv.obj (.text.EnetUdma_submitPkts)
                  70082e18    00000004     libclang_rt.builtins.a : aeabi_div0.c.obj (.text.__aeabi_ldiv0)
                  70082e1c    00000004                            : aeabi_memcpy.S.obj (.text.__aeabi_memcpy)
                  70082e20    00000772     leap_device_stack.o (.text.leap_device_stack_process_frame)
                  70083592    00000002     --HOLE-- [fill = 0]
                  70083594    0000000c     freertos.am243x.r5f.ti-arm-clang.debug.lib : CpuId_armv7r_asm.obj (.text)
                  700835a0    000006f4     enet-icssg.am243x.r5f.ti-arm-clang.freertos.debug.lib : enet_udma.obj (.text.EnetUdma_openRxFlow)
                  70083c94    00000004     libc.a : _lock.c.obj (.text._nop)
                  70083c98    00000004            : fseek.c.obj (.text.fseek)
                  70083c9c    00000004     libsysbm.a : remove.c.obj (.text.remove)
                  70083ca0    000006a4     enet-icssg.am243x.r5f.ti-arm-clang.freertos.debug.lib : icssg.obj (.text.Icssg_open)
                  70084344    0000000c     --HOLE-- [fill = 0]
                  70084350    000005f0     drivers.am243x.r5f.ti-arm-clang.freertos.debug.lib : sciclient_rm_irq.obj (.text.Sciclient_rmIrqRouteValidate)
                  70084940    000005e2     freertos.am243x.r5f.ti-arm-clang.debug.lib : printf.obj (.text._ftoa)
                  70084f22    0000000e     --HOLE-- [fill = 0]
                  70084f30    000005a6     drivers.am243x.r5f.ti-arm-clang.freertos.debug.lib : i2c_v0_lld.obj (.text.I2C_lld_primeTransferPoll)
                  700854d6    0000000a     --HOLE-- [fill = 0]
                  700854e0    00000550                                                        : udma_rm.obj (.text.Udma_rmInit)
                  70085a30    00000546     enet-icssg.am243x.r5f.ti-arm-clang.freertos.debug.lib : icssg_utils.obj (.text.IcssgUtils_checkFwPoolMem)
                  70085f76    0000000a     --HOLE-- [fill = 0]
                  70085f80    000004c4                                                           : enet_udma_priv.obj (.text.EnetMem_initCore)
                  70086444    0000000c     --HOLE-- [fill = 0]
                  70086450    000004b0     freertos.am243x.r5f.ti-arm-clang.debug.lib : printf.obj (.text._etoa)
                  70086900    00000466     board.am243x.r5f.ti-arm-clang.freertos.debug.lib : dp83869.obj (.text.Dp83869_printRegs)
                  70086d66    0000000a     --HOLE-- [fill = 0]
                  70086d70    00000456     enet_layer2_icssg.o (.text.EnetMp_rxTask)
                  700871c6    0000000a     --HOLE-- [fill = 0]
                  700871d0    00000452     enet-icssg.am243x.r5f.ti-arm-clang.freertos.debug.lib : enet_udma_priv.obj (.text.EnetUdma_allocRing)
                  70087622    0000000e     --HOLE-- [fill = 0]
                  70087630    00000436                                                           : enet_rm.obj (.text.EnetRm_detachCore)
                  70087a66    0000000a     --HOLE-- [fill = 0]
                  70087a70    00000430                                                           : icssg.obj (.text.Icssg_ioctl)
                  70087ea0    00000426     drivers.am243x.r5f.ti-arm-clang.freertos.debug.lib : i2c_v0_lld.obj (.text.I2C_lld_controllerIsr)
                  700882c6    0000000a     --HOLE-- [fill = 0]
                  700882d0    00000404                                                        : uart_v0.obj (.text.UART_open)
                  700886d4    0000000c     --HOLE-- [fill = 0]
                  700886e0    000003fc     enet-icssg.am243x.r5f.ti-arm-clang.freertos.debug.lib : enet_udma.obj (.text.EnetUdma_openRxCh)
                  70088adc    00000004     --HOLE-- [fill = 0]
                  70088ae0    000003f4                                                           : icssg.obj (.text.Icssg_registerIoctlHandler)
                  70088ed4    0000000c     --HOLE-- [fill = 0]
                  70088ee0    000003dc                                                           : enet_rm.obj (.text.EnetRm_close)
                  700892bc    000003dc     libc.a : _printfi.c.obj (.text:__TI_printfi_minimal)
                  70089698    00000008     --HOLE-- [fill = 0]
                  700896a0    000003d4     enet-icssg.am243x.r5f.ti-arm-clang.freertos.debug.lib : enet_udma_priv.obj (.text.EnetUdma_processRetrievedDesc)
                  70089a74    0000000c     --HOLE-- [fill = 0]
                  70089a80    000003d2     drivers.am243x.r5f.ti-arm-clang.freertos.debug.lib : soc.obj (.text.SOC_phyToVirt)
                  70089e52    0000000e     --HOLE-- [fill = 0]
                  70089e60    000003ce     ti_enet_open_close.o (.text.EnetApp_driverOpen)
                  7008a22e    00000002     --HOLE-- [fill = 0]
                  7008a230    0000039c     drivers.am243x.r5f.ti-arm-clang.freertos.debug.lib : udma_ch.obj (.text.Udma_chAllocResource)
                  7008a5cc    00000004     --HOLE-- [fill = 0]
                  7008a5d0    00000398     enet-icssg.am243x.r5f.ti-arm-clang.freertos.debug.lib : mdio.obj (.text.Mdio_open)
                  7008a968    00000014     libc.a : sprintf.c.obj (.text._outc)
                  7008a97c    00000004     --HOLE-- [fill = 0]
                  7008a980    00000390            : strcmp32.S.obj (.text:strcmp)
                  7008ad10    0000038c     drivers.am243x.r5f.ti-arm-clang.freertos.debug.lib : udma_ch.obj (.text.Udma_chDisableTxChan)
                  7008b09c    00000004     --HOLE-- [fill = 0]
                  7008b0a0    0000038c     leap_diag_device.o (.text.leap_diag_device_process_frame)
                  7008b42c    00000004     --HOLE-- [fill = 0]
                  7008b430    00000384     drivers.am243x.r5f.ti-arm-clang.freertos.debug.lib : i2c_v0.obj (.text.I2C_open)
                  7008b7b4    0000000c     --HOLE-- [fill = 0]
                  7008b7c0    00000372                                                        : udma_rmcfg_common.obj (.text.UdmaRmInitPrms_init)
                  7008bb32    0000000e     --HOLE-- [fill = 0]
                  7008bb40    00000362                                                        : pruicss_g_v0.obj (.text.PRUICSS_intcInit)
                  7008bea2    0000000e     --HOLE-- [fill = 0]
                  7008beb0    0000035a                                                        : udma_event.obj (.text.Udma_eventConfig)
                  7008c20a    00000006     --HOLE-- [fill = 0]
                  7008c210    00000340     enet-icssg.am243x.r5f.ti-arm-clang.freertos.debug.lib : enet_udma_priv.obj (.text.EnetMem_deInit)
                  7008c550    00000330     leap_dir_device.o (.text.leap_dir_device_process_frame)
                  7008c880    00000322     drivers.am243x.r5f.ti-arm-clang.freertos.debug.lib : soc.obj (.text.SOC_virtToPhy)
                  7008cba2    0000000e     --HOLE-- [fill = 0]
                  7008cbb0    0000030c     enet-icssg.am243x.r5f.ti-arm-clang.freertos.debug.lib : icssg.obj (.text.Icssg_configAndDownloadFw)
                  7008cebc    00000004     --HOLE-- [fill = 0]
                  7008cec0    00000302     drivers.am243x.r5f.ti-arm-clang.freertos.debug.lib : sciclient_rm_irq.obj (.text.Sciclient_rmIrqGetRoute)
                  7008d1c2    0000000e     --HOLE-- [fill = 0]
                  7008d1d0    000002f4                                                        : udma_event.obj (.text.Udma_eventReset)
                  7008d4c4    0000000c     --HOLE-- [fill = 0]
                  7008d4d0    000002ea     enet_layer2_icssg.o (.text.EnetMp_open)
                  7008d7ba    00000006     --HOLE-- [fill = 0]
                  7008d7c0    000002ea     drivers.am243x.r5f.ti-arm-clang.freertos.debug.lib : udma_soc.obj (.text.Udma_initDrvHandle)
                  7008daaa    00000006     --HOLE-- [fill = 0]
                  7008dab0    000002e4                                                        : udma_ch.obj (.text.Udma_chDisableRxChan)
                  7008dd94    0000000c     --HOLE-- [fill = 0]
                  7008dda0    000002d2     enet-icssg.am243x.r5f.ti-arm-clang.freertos.debug.lib : enetphy.obj (.text.EnetPhy_enableState)
                  7008e072    0000000e     --HOLE-- [fill = 0]
                  7008e080    000002ce     drivers.am243x.r5f.ti-arm-clang.freertos.debug.lib : sciclient.obj (.text.Sciclient_service)
                  7008e34e    00000002     --HOLE-- [fill = 0]
                  7008e350    000002a8     enet-icssg.am243x.r5f.ti-arm-clang.freertos.debug.lib : enet_udma.obj (.text.EnetUdma_closeRxFlow)
                  7008e5f8    00000008     --HOLE-- [fill = 0]
                  7008e600    00000292                                                           : enet_udma.obj (.text.EnetUdma_closeTxCh)
                  7008e892    0000000e     --HOLE-- [fill = 0]
                  7008e8a0    00000288                                                           : icssg.obj (.text.Icssg_setPcpBasedClassification)
                  7008eb28    00000008     --HOLE-- [fill = 0]
                  7008eb30    00000282                                                           : enet_udma_priv.obj (.text.EnetMem_initMemObjs)
                  7008edb2    0000000e     --HOLE-- [fill = 0]
                  7008edc0    0000027a     enet_layer2_icssg.o (.text.EnetMp_openDma)
                  7008f03a    00000006     --HOLE-- [fill = 0]
                  7008f040    0000027a     freertos.am243x.r5f.ti-arm-clang.debug.lib : TimerP.obj (.text.TimerP_setup)
                  7008f2ba    00000006     --HOLE-- [fill = 0]
                  7008f2c0    0000026a     ti_enet_open_close.o (.text.EnetApp_enablePorts)
                  7008f52a    00000006     --HOLE-- [fill = 0]
                  7008f530    00000266     drivers.am243x.r5f.ti-arm-clang.freertos.debug.lib : udma_ch.obj (.text.Udma_chConfigRx)
                  7008f796    0000000a     --HOLE-- [fill = 0]
                  7008f7a0    00000266     freertos.am243x.r5f.ti-arm-clang.debug.lib : tasks.obj (.text.xTaskIncrementTick)
                  7008fa06    0000000a     --HOLE-- [fill = 0]
                  7008fa10    00000260     drivers.am243x.r5f.ti-arm-clang.freertos.debug.lib : i2c_v0_lld.obj (.text.I2C_lld_targetIsr)
                  7008fc70    0000025a     freertos.am243x.r5f.ti-arm-clang.debug.lib : tasks.obj (.text.xTaskResumeAll)
                  7008feca    00000006     --HOLE-- [fill = 0]
                  7008fed0    0000024a     leap_mgmt_device.o (.text.leap_mgmt_handle_open_session)
                  7009011a    00000006     --HOLE-- [fill = 0]
                  70090120    00000248     drivers.am243x.r5f.ti-arm-clang.freertos.debug.lib : sciclient_rm_irq.obj (.text.Sciclient_rmIrqFindRoute)
                  70090368    00000008     --HOLE-- [fill = 0]
                  70090370    00000242     enet-icssg.am243x.r5f.ti-arm-clang.freertos.debug.lib : enetphy.obj (.text.EnetPhy_bindDriver)
                  700905b2    0000000e     --HOLE-- [fill = 0]
                  700905c0    00000242     drivers.am243x.r5f.ti-arm-clang.freertos.debug.lib : uart_v0_lld.obj (.text.UART_fifoConfig)
                  70090802    0000000e     --HOLE-- [fill = 0]
                  70090810    0000023e     freertos.am243x.r5f.ti-arm-clang.debug.lib : printf.obj (.text._ntoa_format)
                  70090a4e    00000002     --HOLE-- [fill = 0]
                  70090a50    0000023c     enet_layer2_icssg.o (.text.EnetMp_close)
                  70090c8c    00000004     --HOLE-- [fill = 0]
                  70090c90    00000236     enet-icssg.am243x.r5f.ti-arm-clang.freertos.debug.lib : enet_udma_priv.obj (.text.EnetUdma_initTxFreeDescQ)
                  70090ec6    0000000a     --HOLE-- [fill = 0]
                  70090ed0    00000232                                                           : enet_udma_priv.obj (.text.EnetMem_allocEthPkt)
                  70091102    0000000e     --HOLE-- [fill = 0]
                  70091110    0000022a                                                           : enet_udma_priv.obj (.text.EnetUdma_ringDequeue)
                  7009133a    00000006     --HOLE-- [fill = 0]
                  70091340    00000228     enet_layer2_icssg.o (.text.EnetMp_waitForLinkUp)
                  70091568    00000008     --HOLE-- [fill = 0]
                  70091570    00000228     enet-icssg.am243x.r5f.ti-arm-clang.freertos.debug.lib : icssg.obj (.text.Icssg_handleLinkUp)
                  70091798    00000008     --HOLE-- [fill = 0]
                  700917a0    00000220     freertos.am243x.r5f.ti-arm-clang.debug.lib : queue.obj (.text.xQueueGenericSend)
                  700919c0    0000021e     enet-icssg.am243x.r5f.ti-arm-clang.freertos.debug.lib : enet_rm_ioctl.obj (.text.EnetRm_allocMacAddr)
                  70091bde    00000002     --HOLE-- [fill = 0]
                  70091be0    0000021e                                                           : icssg.obj (.text.Icssg_ioctlPortLinkCfg)
                  70091dfe    00000002     --HOLE-- [fill = 0]
                  70091e00    0000021a     drivers.am243x.r5f.ti-arm-clang.freertos.debug.lib : udma_event.obj (.text.Udma_eventAllocResource)
                  7009201a    00000006     --HOLE-- [fill = 0]
                  70092020    00000216                                                        : udma_event.obj (.text.Udma_eventRegister)
                  70092236    0000000a     --HOLE-- [fill = 0]
                  70092240    00000214                                                        : udma_rm.obj (.text.Udma_rmSetSharedResRmInitPrms)
                  70092454    0000000c     --HOLE-- [fill = 0]
                  70092460    00000214     leap_host.o (.text.leap_handle_result)
                  70092674    0000000c     --HOLE-- [fill = 0]
                  70092680    00000212     drivers.am243x.r5f.ti-arm-clang.freertos.debug.lib : udma_ring_common.obj (.text.Udma_ringAlloc)
                  70092892    0000000e     --HOLE-- [fill = 0]
                  700928a0    0000020c                                                        : udma_ch.obj (.text.Udma_chFreeResource)
                  70092aac    00000004     --HOLE-- [fill = 0]
                  70092ab0    0000020a     enet-icssg.am243x.r5f.ti-arm-clang.freertos.debug.lib : enetphy.obj (.text.EnetPhy_open)
                  70092cba    00000006     --HOLE-- [fill = 0]
                  70092cc0    0000020a     leap_disc_device.o (.text.leap_disc_device_process_frame)
                  70092eca    00000006     --HOLE-- [fill = 0]
                  70092ed0    0000020a     freertos.am243x.r5f.ti-arm-clang.debug.lib : queue.obj (.text.xQueueSemaphoreTake)
                  700930da    00000006     --HOLE-- [fill = 0]
                  700930e0    000001fa     drivers.am243x.r5f.ti-arm-clang.freertos.debug.lib : pruicss_g_v0.obj (.text.PRUICSS_intcSetCmr)
                  700932da    00000006     --HOLE-- [fill = 0]
                  700932e0    000001f6     enet_layer2_icssg.o (.text.EnetMp_txTsCb)
                  700934d6    0000000a     --HOLE-- [fill = 0]
                  700934e0    000001f2     drivers.am243x.r5f.ti-arm-clang.freertos.debug.lib : udma_ch.obj (.text.Udma_chDisableBlkCpyChan)
                  700936d2    0000000e     --HOLE-- [fill = 0]
                  700936e0    000001ec                                                        : i2c_v0.obj (.text.I2C_transfer)
                  700938cc    00000004     --HOLE-- [fill = 0]
                  700938d0    000001ea     enet_layer2_icssg.o (.text.EnetMp_mainTask)
                  70093aba    00000006     --HOLE-- [fill = 0]
                  70093ac0    000001ea     enet-icssg.am243x.r5f.ti-arm-clang.freertos.debug.lib : enet_udma_priv.obj (.text.EnetUdma_retrievePkts)
                  70093caa    00000006     --HOLE-- [fill = 0]
                  70093cb0    000001e4     drivers.am243x.r5f.ti-arm-clang.freertos.debug.lib : udma_flow.obj (.text.Udma_flowConfig)
                  70093e94    0000000c     --HOLE-- [fill = 0]
                  70093ea0    000001de     leap_pd_device.o (.text.leap_pd_device_process_parsed_frame)
                  7009407e    00000002     --HOLE-- [fill = 0]
                  70094080    000001da     enet-icssg.am243x.r5f.ti-arm-clang.freertos.debug.lib : enet_udma.obj (.text.EnetUdma_getMappedRxChNum)
                  7009425a    00000006     --HOLE-- [fill = 0]
                  70094260    000001da                                                           : enet.obj (.text.Enet_validateIoctl)
                  7009443a    00000006     --HOLE-- [fill = 0]
                  70094440    000001d8     freertos.am243x.r5f.ti-arm-clang.debug.lib : queue.obj (.text.xQueueReceive)
                  70094618    00000008     --HOLE-- [fill = 0]
                  70094620    000001d4     enet-icssg.am243x.r5f.ti-arm-clang.freertos.debug.lib : mdio.obj (.text.Mdio_ioctl)
                  700947f4    000001d0     libclang_rt.builtins.a : udivsi3.S.obj (.text.__udivsi3)
                  700949c4    0000000c     --HOLE-- [fill = 0]
                  700949d0    000001ce     enet-icssg.am243x.r5f.ti-arm-clang.freertos.debug.lib : enet_udma.obj (.text.EnetDma_submitRxPktQ)
                  70094b9e    00000002     --HOLE-- [fill = 0]
                  70094ba0    000001ce                                                           : enet_udma.obj (.text.EnetDma_submitTxPktQ)
                  70094d6e    00000002     --HOLE-- [fill = 0]
                  70094d70    000001c8                                                           : icssg.obj (.text.Icssg_periodicTick)
                  70094f38    00000008     --HOLE-- [fill = 0]
                  70094f40    000001c6     ti_enet_open_close.o (.text.EnetApp_getRxDmaHandle)
                  70095106    0000000a     --HOLE-- [fill = 0]
                  70095110    000001c6     enet-icssg.am243x.r5f.ti-arm-clang.freertos.debug.lib : enet_rm_ioctl.obj (.text.EnetRm_allocTxChNum)
                  700952d6    0000000a     --HOLE-- [fill = 0]
                  700952e0    000001c2                                                           : enet.obj (.text.Enet_validateGenericIoctl)
                  700954a2    0000000e     --HOLE-- [fill = 0]
                  700954b0    000001c2     leap_host.o (.text.leap_host_init)
                  70095672    0000000e     --HOLE-- [fill = 0]
                  70095680    000001c0     enet-icssg.am243x.r5f.ti-arm-clang.freertos.debug.lib : icssg.obj (.text.IcssgMacPort_ioctl_handler_registerHandler)
                  70095840    000001c0     leap_diag_device.o (.text.leap_diag_get_counter)
                  70095a00    000001bc     freertos.am243x.r5f.ti-arm-clang.debug.lib : tasks.obj (.text.xTaskRemoveFromEventList)
                  70095bbc    00000004     --HOLE-- [fill = 0]
                  70095bc0    000001b6     enet-icssg.am243x.r5f.ti-arm-clang.freertos.debug.lib : icssg_stats.obj (.text.IcssgStats_ioctl_handler_registerHandler)
                  70095d76    0000000a     --HOLE-- [fill = 0]
                  70095d80    000001b6                                                           : icssg_tas.obj (.text.IcssgTas_ioctl_handler_registerHandler)
                  70095f36    0000000a     --HOLE-- [fill = 0]
                  70095f40    000001b6                                                           : icssg_timesync.obj (.text.IcssgTimeSync_ioctl_handler_registerHandler)
                  700960f6    0000000a     --HOLE-- [fill = 0]
                  70096100    000001b4     drivers.am243x.r5f.ti-arm-clang.freertos.debug.lib : soc.obj (.text.SOC_moduleSetClockFrequency)
                  700962b4    0000000c     --HOLE-- [fill = 0]
                  700962c0    000001b4                                                        : soc.obj (.text.SOC_moduleSetClockFrequencyWithParent)
                  70096474    0000000c     --HOLE-- [fill = 0]
                  70096480    000001b0     enet-icssg.am243x.r5f.ti-arm-clang.freertos.debug.lib : enet_rm.obj (.text.EnetRm_open)
                  70096630    000001ac     drivers.am243x.r5f.ti-arm-clang.freertos.debug.lib : uart_v0.obj (.text.UART_close)
                  700967dc    00000004     --HOLE-- [fill = 0]
                  700967e0    000001aa     enet-icssg.am243x.r5f.ti-arm-clang.freertos.debug.lib : mdio_ioctl.obj (.text.Mdio_readRegC45)
                  7009698a    00000006     --HOLE-- [fill = 0]
                  70096990    000001a8                                                           : enet_apputils.obj (.text.EnetDma_checkPktState)
                  70096b38    00000008     --HOLE-- [fill = 0]
                  70096b40    000001a8                                                           : enet_udma_priv.obj (.text.EnetDma_checkPktState)
                  70096ce8    000001a8     libc.a : memory.c.obj (.text.free)
                  70096e90    000001a8     leap_frame.o (.text.leap_frame_parse)
                  70097038    000001a4     libc.a : memory.c.obj (.text.aligned_alloc)
                  700971dc    00000004     --HOLE-- [fill = 0]
                  700971e0    000001a4     freertos.am243x.r5f.ti-arm-clang.debug.lib : timers.obj (.text.prvProcessReceivedCommands)
                  70097384    0000000c     --HOLE-- [fill = 0]
                  70097390    000001a0     drivers.am243x.r5f.ti-arm-clang.freertos.debug.lib : uart_v0.obj (.text.UART_write)
                  70097530    000001a0     freertos.am243x.r5f.ti-arm-clang.debug.lib : tasks.obj (.text.vTaskSwitchContext)
                  700976d0    0000019c     libc.a : fputs.c.obj (.text.fputs)
                  7009786c    00000004     --HOLE-- [fill = 0]
                  70097870    0000019c     leap_dir_device.o (.text.leap_dir_device_config_set_digital_io)
                  70097a0c    00000004     --HOLE-- [fill = 0]
                  70097a10    0000019a     enet-icssg.am243x.r5f.ti-arm-clang.freertos.debug.lib : enet_udma.obj (.text.EnetUdma_open)
                  70097baa    00000006     --HOLE-- [fill = 0]
                  70097bb0    0000019a     freertos.am243x.r5f.ti-arm-clang.debug.lib : tasks.obj (.text.vTaskPriorityDisinheritAfterTimeout)
                  70097d4a    00000006     --HOLE-- [fill = 0]
                  70097d50    0000019a                                                : queue.obj (.text.xQueueGenericSendFromISR)
                  70097eea    00000006     --HOLE-- [fill = 0]
                  70097ef0    00000198     drivers.am243x.r5f.ti-arm-clang.freertos.debug.lib : sciclient_rm_irq.obj (.text.Sciclient_rmClearInterruptRoute)
                  70098088    00000008     --HOLE-- [fill = 0]
                  70098090    00000198                                                        : uart_v0_lld.obj (.text.UART_lld_controllerIsr)
                  70098228    00000008     --HOLE-- [fill = 0]
                  70098230    00000196                                                        : udma_ch.obj (.text.Udma_chConfigTx)
                  700983c6    0000000a     --HOLE-- [fill = 0]
                  700983d0    0000018a     enet-icssg.am243x.r5f.ti-arm-clang.freertos.debug.lib : enet_rm.obj (.text.EnetRm_ioctl)
                  7009855a    00000006     --HOLE-- [fill = 0]
                  70098560    0000018a     drivers.am243x.r5f.ti-arm-clang.freertos.debug.lib : sciclient_rm_irq.obj (.text.Sciclient_rmIrqDeleteRoute)
                  700986ea    00000006     --HOLE-- [fill = 0]
                  700986f0    0000018a                                                        : sciclient_rm_irq.obj (.text.Sciclient_rmProgramInterruptRoute)
                  7009887a    00000006     --HOLE-- [fill = 0]
                  70098880    00000188                                                        : i2c_v0_lld.obj (.text.I2C_lld_primeTransferIntr)
                  70098a08    00000008     --HOLE-- [fill = 0]
                  70098a10    00000188     enet-icssg.am243x.r5f.ti-arm-clang.freertos.debug.lib : icssg_tas.obj (.text.IcssgTas_ioctl)
                  70098b98    00000008     --HOLE-- [fill = 0]
                  70098ba0    00000188     drivers.am243x.r5f.ti-arm-clang.freertos.debug.lib : udma_ch.obj (.text.Udma_chEnableLocal)
                  70098d28    00000008     --HOLE-- [fill = 0]
                  70098d30    00000188     leap_mgmt_device.o (.text.leap_mgmt_device_handle)
                  70098eb8    00000008     --HOLE-- [fill = 0]
                  70098ec0    00000186     freertos.am243x.r5f.ti-arm-clang.debug.lib : ClockP_freertos_r5.obj (.text.ClockP_init)
                  70099046    0000000a     --HOLE-- [fill = 0]
                  70099050    00000186     enet-icssg.am243x.r5f.ti-arm-clang.freertos.debug.lib : enet_udma_priv.obj (.text.EnetUdma_ringEnqueue)
                  700991d6    0000000a     --HOLE-- [fill = 0]
                  700991e0    00000186     drivers.am243x.r5f.ti-arm-clang.freertos.debug.lib : sciclient_rm_irq.obj (.text.Sciclient_rmIrqProgramRoute)
                  70099366    0000000a     --HOLE-- [fill = 0]
                  70099370    00000184     board.am243x.r5f.ti-arm-clang.freertos.debug.lib : eeprom_at24c.obj (.text.EEPROM_AT24C_write)
                  700994f4    0000000c     --HOLE-- [fill = 0]
                  70099500    00000182     leap_pd_device.o (.text.leap_pd_handle_exchange)
                  70099682    0000000e     --HOLE-- [fill = 0]
                  70099690    00000182     leap_pd_common.o (.text.leap_pd_profile_map_from_dir)
                  70099812    00000002     --HOLE-- [fill = 0]
                  70099814    00000180     libc.a : memcpy32.S.obj (.text:memcpy)
                  70099994    0000000c     --HOLE-- [fill = 0]
                  700999a0    0000017e     drivers.am243x.r5f.ti-arm-clang.freertos.debug.lib : udma_ch.obj (.text.Udma_chConfigPdma)
                  70099b1e    00000002     --HOLE-- [fill = 0]
                  70099b20    0000017c     enet-icssg.am243x.r5f.ti-arm-clang.freertos.debug.lib : enet_apputils_k3.obj (.text.EnetAppUtils_enableClocks)
                  70099c9c    00000004     --HOLE-- [fill = 0]
                  70099ca0    0000017c                                                           : enet_udma_priv.obj (.text.EnetUdma_initRxFreeDescQ)
                  70099e1c    00000004     --HOLE-- [fill = 0]
                  70099e20    00000178                                                           : enet_rm.obj (.text.EnetRm_initRxObj)
                  70099f98    00000008     --HOLE-- [fill = 0]
                  70099fa0    00000174                                                           : icssg_timesync.obj (.text.IcssgTimeSync_open)
                  7009a114    0000000c     --HOLE-- [fill = 0]
                  7009a120    00000170                                                           : enet_rm.obj (.text.EnetRm_initTxObj)
                  7009a290    00000170     freertos.am243x.r5f.ti-arm-clang.debug.lib : queue.obj (.text.xQueueGiveFromISR)
                  7009a400    0000016c     drivers.am243x.r5f.ti-arm-clang.freertos.debug.lib : csl_bcdma.obj (.text.CSL_bcdmaChanOpTeardownChan)
                  7009a56c    00000004     --HOLE-- [fill = 0]
                  7009a570    0000016c     enet-icssg.am243x.r5f.ti-arm-clang.freertos.debug.lib : icssg_utils.obj (.text.IcssgUtils_downloadFirmware)
                  7009a6dc    00000004     --HOLE-- [fill = 0]
                  7009a6e0    00000168                                                           : enet_phymdio_dflt.obj (.text.EnetPhyMdioDflt_writeC45)
                  7009a848    00000008     --HOLE-- [fill = 0]
                  7009a850    00000168     drivers.am243x.r5f.ti-arm-clang.freertos.debug.lib : udma_ch.obj (.text.Udma_chOpen)
                  7009a9b8    00000008     --HOLE-- [fill = 0]
                  7009a9c0    00000166     freertos.am243x.r5f.ti-arm-clang.debug.lib : TaskP_freertos.obj (.text.TaskP_assertParams)
                  7009ab26    0000000a     --HOLE-- [fill = 0]
                  7009ab30    00000164     board.am243x.r5f.ti-arm-clang.freertos.debug.lib : dp83869.obj (.text.Dp83869_config)
                  7009ac94    0000000c     --HOLE-- [fill = 0]
                  7009aca0    00000164     enet-icssg.am243x.r5f.ti-arm-clang.freertos.debug.lib : enet_udma.obj (.text.EnetDma_retrieveRxPktQ)
                  7009ae04    0000000c     --HOLE-- [fill = 0]
                  7009ae10    00000164                                                           : enet_udma.obj (.text.EnetDma_retrieveTxPktQ)
                  7009af74    0000000c     --HOLE-- [fill = 0]
                  7009af80    00000164                                                           : enet_rm.obj (.text.EnetRm_initHwPushObj)
                  7009b0e4    0000000c     --HOLE-- [fill = 0]
                  7009b0f0    00000162                                                           : enet_phymdio_dflt.obj (.text.EnetPhyMdioDflt_readC45)
                  7009b252    0000000e     --HOLE-- [fill = 0]
                  7009b260    00000162     drivers.am243x.r5f.ti-arm-clang.freertos.debug.lib : sciclient_pm.obj (.text.Sciclient_pmQueryModuleClkFreq)
                  7009b3c2    0000000e     --HOLE-- [fill = 0]
                  7009b3d0    0000015e     enet-icssg.am243x.r5f.ti-arm-clang.freertos.debug.lib : enet_udma_priv.obj (.text.EnetUdma_registerEvent)
                  7009b52e    00000002     --HOLE-- [fill = 0]
                  7009b530    0000015e                                                           : icssg.obj (.text.Icssg_ioctl_handler_ENET_PER_IOCTL_ATTACH_CORE)
                  7009b68e    00000002     --HOLE-- [fill = 0]
                  7009b690    0000015e                                                           : icssg.obj (.text.Icssg_openEnetPhy)
                  7009b7ee    00000002     --HOLE-- [fill = 0]
                  7009b7f0    0000015c                                                           : enet_rm.obj (.text.EnetRm_initMacObj)
                  7009b94c    00000004     --HOLE-- [fill = 0]
                  7009b950    0000015c     freertos.am243x.r5f.ti-arm-clang.debug.lib : tasks.obj (.text.prvAddNewTaskToReadyList)
                  7009baac    00000004     --HOLE-- [fill = 0]
                  7009bab0    0000015c                                                : tasks.obj (.text.xTaskPriorityInherit)
                  7009bc0c    00000004     --HOLE-- [fill = 0]
                  7009bc10    0000015a     drivers.am243x.r5f.ti-arm-clang.freertos.debug.lib : udma_rm.obj (.text.Udma_rmAllocMappedRxCh)
                  7009bd6a    00000006     --HOLE-- [fill = 0]
                  7009bd70    0000015a                                                        : udma_rm.obj (.text.Udma_rmAllocMappedTxCh)
                  7009beca    00000006     --HOLE-- [fill = 0]
                  7009bed0    0000015a     leap_mgmt_process.o (.text.leap_mgmt_process_frame)
                  7009c02a    00000006     --HOLE-- [fill = 0]
                  7009c030    00000158     board.am243x.r5f.ti-arm-clang.freertos.debug.lib : eeprom_at24c.obj (.text.EEPROM_AT24C_read)
                  7009c188    00000008     --HOLE-- [fill = 0]
                  7009c190    00000158     enet-icssg.am243x.r5f.ti-arm-clang.freertos.debug.lib : enet_phymdio_dflt.obj (.text.EnetPhyMdioDflt_writeC22)
                  7009c2e8    00000008     --HOLE-- [fill = 0]
                  7009c2f0    00000158     drivers.am243x.r5f.ti-arm-clang.freertos.debug.lib : i2c_v0_lld.obj (.text.I2C_lld_ctrlInit)
                  7009c448    00000008     --HOLE-- [fill = 0]
                  7009c450    00000158     enet-icssg.am243x.r5f.ti-arm-clang.freertos.debug.lib : icssg.obj (.text.Icssg_internalIoctlHandler_registerHandler)
                  7009c5a8    00000008     --HOLE-- [fill = 0]
                  7009c5b0    00000158     leap_dir_device.o (.text.leap_dir_build_directory_tlvs)
                  7009c708    00000008     --HOLE-- [fill = 0]
                  7009c710    00000156     enet_layer2_icssg.o (.text.leap_icssg_eth_send)
                  7009c866    0000000a     --HOLE-- [fill = 0]
                  7009c870    00000152     drivers.am243x.r5f.ti-arm-clang.freertos.debug.lib : uart_v0_lld.obj (.text.UART_lld_initDma)
                  7009c9c2    0000000e     --HOLE-- [fill = 0]
                  7009c9d0    00000150                                                        : csl_lcdma_ringacc.obj (.text.CSL_lcdma_ringaccDequeue)
                  7009cb20    00000150     enet-icssg.am243x.r5f.ti-arm-clang.freertos.debug.lib : enet_phymdio_dflt.obj (.text.EnetPhyMdioDflt_readC22)
                  7009cc70    00000150                                                           : enet_rm.obj (.text.EnetRm_delCoreAttached)
                  7009cdc0    0000014e     drivers.am243x.r5f.ti-arm-clang.freertos.debug.lib : pinmux.obj (.text.Pinmux_config)
                  7009cf0e    00000002     --HOLE-- [fill = 0]
                  7009cf10    0000014e     freertos.am243x.r5f.ti-arm-clang.debug.lib : tasks.obj (.text.xTaskPriorityDisinherit)
                  7009d05e    00000002     --HOLE-- [fill = 0]
                  7009d060    0000014c     enet-icssg.am243x.r5f.ti-arm-clang.freertos.debug.lib : icssg_stats.obj (.text.IcssgStats_open)
                  7009d1ac    00000004     --HOLE-- [fill = 0]
                  7009d1b0    0000014c     freertos.am243x.r5f.ti-arm-clang.debug.lib : queue.obj (.text.xQueueReceiveFromISR)
                  7009d2fc    00000004     --HOLE-- [fill = 0]
                  7009d300    00000148     drivers.am243x.r5f.ti-arm-clang.freertos.debug.lib : sciclient_pm.obj (.text.Sciclient_pmSetModuleClkFreq)
                  7009d448    00000008     --HOLE-- [fill = 0]
                  7009d450    00000146                                                        : udma_ch.obj (.text.Udma_chAssignRegOverlay)
                  7009d596    0000000a     --HOLE-- [fill = 0]
                  7009d5a0    00000144     ti_enet_open_close.o (.text.EnetApp_closeRxDma)
                  7009d6e4    0000000c     --HOLE-- [fill = 0]
                  7009d6f0    00000144     enet-icssg.am243x.r5f.ti-arm-clang.freertos.debug.lib : icssg.obj (.text.Icssg_registerMdioLinkIntr)
                  7009d834    0000000c     --HOLE-- [fill = 0]
                  7009d840    00000144     freertos.am243x.r5f.ti-arm-clang.debug.lib : tasks.obj (.text.prvInitialiseNewTask)
                  7009d984    00000144     libc.a : setvbuf.c.obj (.text.setvbuf)
                  7009dac8    00000008     --HOLE-- [fill = 0]
                  7009dad0    00000142     ti_enet_open_close.o (.text.EnetAppUtils_openRxFlowForChIdx)
                  7009dc12    0000000e     --HOLE-- [fill = 0]
                  7009dc20    00000142     ti_board_config.o (.text.EnetBoard_getMacAddrList)
                  7009dd62    0000000e     --HOLE-- [fill = 0]
                  7009dd70    00000142     drivers.am243x.r5f.ti-arm-clang.freertos.debug.lib : i2c_v0.obj (.text.I2C_primeTransfer)
                  7009deb2    0000000e     --HOLE-- [fill = 0]
                  7009dec0    00000142     enet-icssg.am243x.r5f.ti-arm-clang.freertos.debug.lib : icssg_utils.obj (.text.IcssgUtils_configFilter3)
                  7009e002    0000000e     --HOLE-- [fill = 0]
                  7009e010    00000142                                                           : icssg_utils.obj (.text.IcssgUtils_disablePruss)
                  7009e152    0000000e     --HOLE-- [fill = 0]
                  7009e160    00000142                                                           : icssg_utils.obj (.text.IcssgUtils_enablePruss)
                  7009e2a2    0000000e     --HOLE-- [fill = 0]
                  7009e2b0    00000142                                                           : icssg.obj (.text.Icssg_pollTxTs)
                  7009e3f2    0000000e     --HOLE-- [fill = 0]
                  7009e400    00000142     drivers.am243x.r5f.ti-arm-clang.freertos.debug.lib : sciclient.obj (.text.Sciclient_sendMessage)
                  7009e542    0000000e     --HOLE-- [fill = 0]
                  7009e550    00000140     ti_enet_open_close.o (.text.EnetApp_initLinkArgs)
                  7009e690    00000140     drivers.am243x.r5f.ti-arm-clang.freertos.debug.lib : i2c_v0_lld.obj (.text.I2C_lld_init)
                  7009e7d0    00000140                                                        : sciclient_rm_irq.obj (.text.Sciclient_rmIaValidateMapping)
                  7009e910    00000140                                                        : udma_rm.obj (.text.Udma_rmAllocMappedRing)
                  7009ea50    0000013e                                                        : i2c_v0.obj (.text.I2C_mem_primeTransfer)
                  7009eb8e    00000002     --HOLE-- [fill = 0]
                  7009eb90    0000013a     board.am243x.r5f.ti-arm-clang.freertos.debug.lib : dp83869.obj (.text.Dp83869_enableAdvertisement)
                  7009ecca    00000006     --HOLE-- [fill = 0]
                  7009ecd0    0000013a     enet-icssg.am243x.r5f.ti-arm-clang.freertos.debug.lib : enet_phymdio_dflt.obj (.text.EnetPhyMdioDflt_isAlive)
                  7009ee0a    00000006     --HOLE-- [fill = 0]
                  7009ee10    0000013a                                                           : enet_phymdio_dflt.obj (.text.EnetPhyMdioDflt_isLinked)
                  7009ef4a    00000006     --HOLE-- [fill = 0]
                  7009ef50    0000013a                                                           : enet.obj (.text.Enet_ioctl)
                  7009f08a    00000006     --HOLE-- [fill = 0]
                  7009f090    0000013a     board.am243x.r5f.ti-arm-clang.freertos.debug.lib : generic_phy.obj (.text.GenericPhy_enableAdvertisement)
                  7009f1ca    00000006     --HOLE-- [fill = 0]
                  7009f1d0    00000138     drivers.am243x.r5f.ti-arm-clang.freertos.debug.lib : i2c_v0_lld.obj (.text.I2C_lld_mem_write)
                  7009f308    00000008     --HOLE-- [fill = 0]
                  7009f310    00000138     freertos.am243x.r5f.ti-arm-clang.debug.lib : printf.obj (.text._ntoa_long_long)
                  7009f448    00000008     --HOLE-- [fill = 0]
                  7009f450    00000136     board.am243x.r5f.ti-arm-clang.freertos.debug.lib : dp83869.obj (.text.Dp83869_disableAdvertisement)
                  7009f586    0000000a     --HOLE-- [fill = 0]
                  7009f590    00000136     enet-icssg.am243x.r5f.ti-arm-clang.freertos.debug.lib : enet_apputils_k3.obj (.text.EnetAppUtils_disableClocks)
                  7009f6c6    0000000a     --HOLE-- [fill = 0]
                  7009f6d0    00000136     board.am243x.r5f.ti-arm-clang.freertos.debug.lib : generic_phy.obj (.text.GenericPhy_disableAdvertisement)
                  7009f806    0000000a     --HOLE-- [fill = 0]
                  7009f810    00000136     drivers.am243x.r5f.ti-arm-clang.freertos.debug.lib : sciclient_rm_irq.obj (.text.Sciclient_rmIrqVintDelete)
                  7009f946    0000000a     --HOLE-- [fill = 0]
                  7009f950    00000136                                                        : uart_v0_lld.obj (.text.UART_procLineStatusErr)
                  7009fa86    0000000a     --HOLE-- [fill = 0]
                  7009fa90    00000134                                                        : uart_v0_lld.obj (.text.UART_writePolling)
                  7009fbc4    0000000c     --HOLE-- [fill = 0]
                  7009fbd0    00000134     freertos.am243x.r5f.ti-arm-clang.debug.lib : tasks.obj (.text.vTaskDelete)
                  7009fd04    0000000c     --HOLE-- [fill = 0]
                  7009fd10    00000132     enet-icssg.am243x.r5f.ti-arm-clang.freertos.debug.lib : enet_udma_priv.obj (.text.EnetMem_getPktInfoEntry)
                  7009fe42    0000000e     --HOLE-- [fill = 0]
                  7009fe50    00000130                                                           : enet.obj (.text.EnetPer_open)
                  7009ff80    00000130     drivers.am243x.r5f.ti-arm-clang.freertos.debug.lib : sciclient.obj (.text.Sciclient_recvMessage)
                  700a00b0    0000012e                                                        : udma_rm.obj (.text.Udma_rmAllocIrIntr)
                  700a01de    00000002     --HOLE-- [fill = 0]
                  700a01e0    0000012c     enet-icssg.am243x.r5f.ti-arm-clang.freertos.debug.lib : enet_osal.obj (.text.EnetOsal_registerIntr)
                  700a030c    00000004     --HOLE-- [fill = 0]
                  700a0310    0000012c                                                           : enet_rm.obj (.text.EnetRm_validateResPartInfo)
                  700a043c    00000004     --HOLE-- [fill = 0]
                  700a0440    0000012c                                                           : icssg_utils.obj (.text.IcssgUtils_getSliceNum)
                  700a056c    00000004     --HOLE-- [fill = 0]
                  700a0570    0000012c     drivers.am243x.r5f.ti-arm-clang.freertos.debug.lib : uart_v0_lld.obj (.text.UART_lld_init)
                  700a069c    00000004     --HOLE-- [fill = 0]
                  700a06a0    0000012a     enet-icssg.am243x.r5f.ti-arm-clang.freertos.debug.lib : enet_utils.obj (.text.EnetUtils_macToPhyMii)
                  700a07ca    00000006     --HOLE-- [fill = 0]
                  700a07d0    0000012a     drivers.am243x.r5f.ti-arm-clang.freertos.debug.lib : i2c_v0_lld.obj (.text.I2C_lld_mem_read)
                  700a08fa    00000006     --HOLE-- [fill = 0]
                  700a0900    00000128     freertos.am243x.r5f.ti-arm-clang.debug.lib : port.obj (.text.pxPortInitialiseStack)
                  700a0a28    00000008     --HOLE-- [fill = 0]
                  700a0a30    00000126     drivers.am243x.r5f.ti-arm-clang.freertos.debug.lib : i2c_v0_lld.obj (.text.I2C_lld_mem_writeIntr)
                  700a0b56    0000000a     --HOLE-- [fill = 0]
                  700a0b60    00000124     enet-icssg.am243x.r5f.ti-arm-clang.freertos.debug.lib : enet_phymdio_dflt.obj (.text.EnetPhyMdioDflt_setIoctlHandlerFxn)
                  700a0c84    0000000c     --HOLE-- [fill = 0]
                  700a0c90    00000124                                                           : enet_rm.obj (.text.EnetRm_setIoctlHandlerFxn)
                  700a0db4    0000000c     --HOLE-- [fill = 0]
                  700a0dc0    00000124                                                           : icssg_stats.obj (.text.IcssgStats_ioctl)
                  700a0ee4    0000000c     --HOLE-- [fill = 0]
                  700a0ef0    00000124                                                           : mdio.obj (.text.Mdio_setIoctlHandlerFxn)
                  700a1014    0000000c     --HOLE-- [fill = 0]
                  700a1020    00000122                                                           : icssg.obj (.text.Icssg_ioctl_handler_ENET_PER_IOCTL_DETACH_CORE)
                  700a1142    0000000e     --HOLE-- [fill = 0]
                  700a1150    00000122     drivers.am243x.r5f.ti-arm-clang.freertos.debug.lib : uart_dma_udma.obj (.text.UART_udmaInitTxCh)
                  700a1272    0000000e     --HOLE-- [fill = 0]
                  700a1280    00000122                                                        : udma_rm.obj (.text.Udma_rmAllocBlkCopyCh)
                  700a13a2    0000000e     --HOLE-- [fill = 0]
                  700a13b0    00000122                                                        : udma_rm.obj (.text.Udma_rmAllocBlkCopyHcCh)
                  700a14d2    0000000e     --HOLE-- [fill = 0]
                  700a14e0    00000122                                                        : udma_rm.obj (.text.Udma_rmAllocBlkCopyUhcCh)
                  700a1602    0000000e     --HOLE-- [fill = 0]
                  700a1610    00000122                                                        : udma_rm.obj (.text.Udma_rmAllocRxCh)
                  700a1732    0000000e     --HOLE-- [fill = 0]
                  700a1740    00000122                                                        : udma_rm.obj (.text.Udma_rmAllocRxHcCh)
                  700a1862    0000000e     --HOLE-- [fill = 0]
                  700a1870    00000122                                                        : udma_rm.obj (.text.Udma_rmAllocRxUhcCh)
                  700a1992    0000000e     --HOLE-- [fill = 0]
                  700a19a0    00000122                                                        : udma_rm.obj (.text.Udma_rmAllocTxCh)
                  700a1ac2    0000000e     --HOLE-- [fill = 0]
                  700a1ad0    00000122                                                        : udma_rm.obj (.text.Udma_rmAllocTxHcCh)
                  700a1bf2    0000000e     --HOLE-- [fill = 0]
                  700a1c00    00000122                                                        : udma_rm.obj (.text.Udma_rmAllocTxUhcCh)
                  700a1d22    0000000e     --HOLE-- [fill = 0]
                  700a1d30    00000120     enet-icssg.am243x.r5f.ti-arm-clang.freertos.debug.lib : enet_rm_ioctl.obj (.text.EnetRm_allocInternalRxFlowIdx)
                  700a1e50    00000120                                                           : icssg_timesync.obj (.text.IcssgTimeSync_ioctl)
                  700a1f70    00000120                                                           : mdio_manual_ioctl.obj (.text.Mdio_manualModePhyRegRead22)
                  700a2090    00000120     drivers.am243x.r5f.ti-arm-clang.freertos.debug.lib : uart_dma_udma.obj (.text.UART_udmaInitRxCh)
                  700a21b0    0000011e     enet-icssg.am243x.r5f.ti-arm-clang.freertos.debug.lib : mdio_manual_ioctl.obj (.text.Mdio_manualModePhyRegValReadC45)
                  700a22ce    00000002     --HOLE-- [fill = 0]
                  700a22d0    0000011e     drivers.am243x.r5f.ti-arm-clang.freertos.debug.lib : sciclient_rm_irq.obj (.text.Sciclient_rmIaValidateEvt)
                  700a23ee    00000002     --HOLE-- [fill = 0]
                  700a23f0    0000011e                                                        : sciclient_rm_irq.obj (.text.Sciclient_rmIrqVintAdd)
                  700a250e    00000002     --HOLE-- [fill = 0]
                  700a2510    0000011e     leap_diag_device.o (.text.leap_diag_build_events_reply)
                  700a262e    00000002     --HOLE-- [fill = 0]
                  700a2630    0000011c     enet-icssg.am243x.r5f.ti-arm-clang.freertos.debug.lib : enet_queue.obj (.text.EnetQueue_append)
                  700a274c    00000004     --HOLE-- [fill = 0]
                  700a2750    0000011c                                                           : enet_utils.obj (.text.EnetUtils_delayNs)
                  700a286c    00000004     --HOLE-- [fill = 0]
                  700a2870    0000011c                                                           : mdio_ioctl.obj (.text.Mdio_writeRegC45)
                  700a298c    00000004     --HOLE-- [fill = 0]
                  700a2990    0000011a                                                           : enetphy.obj (.text.EnetPhy_setupManual)
                  700a2aaa    00000006     --HOLE-- [fill = 0]
                  700a2ab0    00000118                                                           : enetphy.obj (.text.EnetPhy_resetWaitState)
                  700a2bc8    00000008     --HOLE-- [fill = 0]
                  700a2bd0    00000118                                                           : enetphy.obj (.text.EnetPhy_setupNway)
                  700a2ce8    00000008     --HOLE-- [fill = 0]
                  700a2cf0    00000118     drivers.am243x.r5f.ti-arm-clang.freertos.debug.lib : i2c_v0_lld.obj (.text.I2C_lld_mem_readIntr)
                  700a2e08    00000008     --HOLE-- [fill = 0]
                  700a2e10    00000118                                                        : pruicss_g_v0.obj (.text.PRUICSS_getMemInfo)
                  700a2f28    00000008     --HOLE-- [fill = 0]
                  700a2f30    00000118                                                        : udma_ring_lcdma.obj (.text.Udma_ringSetCfgLcdma)
                  700a3048    00000118     libclang_rt.builtins.a : udivmoddi4.S.obj (.text)
                  700a3160    00000116     enet-icssg.am243x.r5f.ti-arm-clang.freertos.debug.lib : mdio_ioctl.obj (.text.Mdio_handleIntr)
                  700a3276    0000000a     --HOLE-- [fill = 0]
                  700a3280    00000116     drivers.am243x.r5f.ti-arm-clang.freertos.debug.lib : uart_v0_lld.obj (.text.UART_divisorLatchWrite)
                  700a3396    0000000a     --HOLE-- [fill = 0]
                  700a33a0    00000114     enet-icssg.am243x.r5f.ti-arm-clang.freertos.debug.lib : enet_apputils_k3.obj (.text.EnetAppUtils_setDeviceState)
                  700a34b4    0000000c     --HOLE-- [fill = 0]
                  700a34c0    00000114                                                           : icssg_utils.obj (.text.IcssgUtils_classiDisable)
                  700a35d4    0000000c     --HOLE-- [fill = 0]
                  700a35e0    00000114     freertos.am243x.r5f.ti-arm-clang.debug.lib : printf.obj (.text._ntoa_long)
                  700a36f4    0000000c     --HOLE-- [fill = 0]
                  700a3700    00000112     enet-icssg.am243x.r5f.ti-arm-clang.freertos.debug.lib : enetphy.obj (.text.EnetPhy_tick)
                  700a3812    0000000e     --HOLE-- [fill = 0]
                  700a3820    00000112                                                           : icssg_utils.obj (.text.IcssgUtils_createPruss)
                  700a3932    0000000e     --HOLE-- [fill = 0]
                  700a3940    00000110                                                           : enetphy.obj (.text.EnetPhy_rmwReg)
                  700a3a50    0000010e     freertos.am243x.r5f.ti-arm-clang.debug.lib : queue.obj (.text.xQueueGenericReset)
                  700a3b5e    00000002     --HOLE-- [fill = 0]
                  700a3b60    0000010c     enet-icssg.am243x.r5f.ti-arm-clang.freertos.debug.lib : enet_hostport.obj (.text.EnetHostPortDma_close)
                  700a3c6c    00000004     --HOLE-- [fill = 0]
                  700a3c70    0000010c                                                           : enet_udma_priv.obj (.text.EnetUdma_flushRxFlowRing)
                  700a3d7c    00000004     --HOLE-- [fill = 0]
                  700a3d80    0000010c                                                           : enet_udma_priv.obj (.text.EnetUdma_flushTxChRing)
                  700a3e8c    00000004     --HOLE-- [fill = 0]
                  700a3e90    0000010c     leap_frame.o (.text.leap_frame_write)
                  700a3f9c    00000004     --HOLE-- [fill = 0]
                  700a3fa0    0000010a     enet-icssg.am243x.r5f.ti-arm-clang.freertos.debug.lib : enet_hostport.obj (.text.EnetHostPortDma_open)
                  700a40aa    00000006     --HOLE-- [fill = 0]
                  700a40b0    0000010a     drivers.am243x.r5f.ti-arm-clang.freertos.debug.lib : i2c_v0_lld.obj (.text.I2C_lld_targetTransferIntr)
                  700a41ba    00000006     --HOLE-- [fill = 0]
                  700a41c0    0000010a     enet-icssg.am243x.r5f.ti-arm-clang.freertos.debug.lib : icssg.obj (.text.Icssg_configMacPortDfltVlanId)
                  700a42ca    00000006     --HOLE-- [fill = 0]
                  700a42d0    00000106                                                           : enet_udma_priv.obj (.text.EnetMem_getDescMemEntry)
                  700a43d6    0000000a     --HOLE-- [fill = 0]
                  700a43e0    00000106                                                           : icssg.obj (.text.Icssg_ioctl_handler_ENET_PER_IOCTL_IS_PORT_LINK_UP)
                  700a44e6    0000000a     --HOLE-- [fill = 0]
                  700a44f0    00000106     drivers.am243x.r5f.ti-arm-clang.freertos.debug.lib : udma_event.obj (.text.Udma_eventCheckParams)
                  700a45f6    0000000a     --HOLE-- [fill = 0]
                  700a4600    00000106     freertos.am243x.r5f.ti-arm-clang.debug.lib : tasks.obj (.text.prvAddCurrentTaskToDelayedList)
                  700a4706    0000000a     --HOLE-- [fill = 0]
                  700a4710    00000104     drivers.am243x.r5f.ti-arm-clang.freertos.debug.lib : csl_pktdma.obj (.text.CSL_pktdmaTeardownChan)
                  700a4814    0000000c     --HOLE-- [fill = 0]
                  700a4820    00000104     enet_layer2_icssg.o (.text.EnetMp_closeDma)
                  700a4924    0000000c     --HOLE-- [fill = 0]
                  700a4930    00000104     drivers.am243x.r5f.ti-arm-clang.freertos.debug.lib : i2c_v0.obj (.text.I2C_close)
                  700a4a34    0000000c     --HOLE-- [fill = 0]
                  700a4a40    00000104     enet-icssg.am243x.r5f.ti-arm-clang.freertos.debug.lib : icssg.obj (.text.Icssg_initCfg)
                  700a4b44    0000000c     --HOLE-- [fill = 0]
                  700a4b50    00000104     drivers.am243x.r5f.ti-arm-clang.freertos.debug.lib : uart_v0_lld.obj (.text.UART_configInstance)
                  700a4c54    0000000c     --HOLE-- [fill = 0]
                  700a4c60    00000102     enet-icssg.am243x.r5f.ti-arm-clang.freertos.debug.lib : enet_udma.obj (.text.EnetUdma_closeRxCh)
                  700a4d62    0000000e     --HOLE-- [fill = 0]
                  700a4d70    00000102                                                           : enet_utils.obj (.text.EnetUtils_delayTicks)
                  700a4e72    0000000e     --HOLE-- [fill = 0]
                  700a4e80    00000100     drivers.am243x.r5f.ti-arm-clang.freertos.debug.lib : csl_lcdma_ringacc.obj (.text.CSL_lcdma_ringaccPop64MultiAccess)
                  700a4f80    00000100     enet-icssg.am243x.r5f.ti-arm-clang.freertos.debug.lib : enet_osal.obj (.text.EnetOsal_createMutex)
                  700a5080    00000100                                                           : enetphy.obj (.text.EnetPhy_getId)
                  700a5180    000000fe     enet_layer2_icssg.o (.text.EnetMp_initRxReadyPktQ)
                  700a527e    00000002     --HOLE-- [fill = 0]
                  700a5280    000000fe     drivers.am243x.r5f.ti-arm-clang.freertos.debug.lib : sciclient_rm_irq.obj (.text.Sciclient_rmIrGetOutp)
                  700a537e    00000002     --HOLE-- [fill = 0]
                  700a5380    000000fe                                                        : udma.obj (.text.Udma_init)
                  700a547e    00000002     --HOLE-- [fill = 0]
                  700a5480    000000fc     ti_enet_open_close.o (.text.EnetApp_createPhyStateHandlerTask)
                  700a557c    00000004     --HOLE-- [fill = 0]
                  700a5580    000000fc     enet-icssg.am243x.r5f.ti-arm-clang.freertos.debug.lib : icssg.obj (.text.Icssg_registerEventCb)
                  700a567c    00000004     --HOLE-- [fill = 0]
                  700a5680    000000fa     drivers.am243x.r5f.ti-arm-clang.freertos.debug.lib : csl_lcdma_ringacc.obj (.text.CSL_lcdma_ringaccPush64MultiAccess)
                  700a577a    00000006     --HOLE-- [fill = 0]
                  700a5780    000000fa     ti_enet_open_close.o (.text.EnetApp_getTxDmaHandle)
                  700a587a    00000006     --HOLE-- [fill = 0]
                  700a5880    000000fa     enet-icssg.am243x.r5f.ti-arm-clang.freertos.debug.lib : enet_udma_priv.obj (.text.EnetUdmaStats_updateNotifyStats)
                  700a597a    00000006     --HOLE-- [fill = 0]
                  700a5980    000000fa     leap_mgmt_device.o (.text.leap_mgmt_handle_set_state)
                  700a5a7a    00000006     --HOLE-- [fill = 0]
                  700a5a80    000000f6     enet-icssg.am243x.r5f.ti-arm-clang.freertos.debug.lib : enetphy.obj (.text.EnetPhy_clearIsolateState)
                  700a5b76    0000000a     --HOLE-- [fill = 0]
                  700a5b80    000000f6                                                           : enetphy.obj (.text.EnetPhy_setIsolateState)
                  700a5c76    0000000a     --HOLE-- [fill = 0]
                  700a5c80    000000f6                                                           : enet_queue.obj (.text.EnetQueue_enq)
                  700a5d76    0000000a     --HOLE-- [fill = 0]
                  700a5d80    000000f4                                                           : enet_udma_priv.obj (.text.EnetMem_getRingMemEntry)
                  700a5e74    0000000c     --HOLE-- [fill = 0]
                  700a5e80    000000f4                                                           : enet.obj (.text.EnetPer_ioctl)
                  700a5f74    0000000c     --HOLE-- [fill = 0]
                  700a5f80    000000f4                                                           : enet.obj (.text.Enet_open)
                  700a6074    0000000c     --HOLE-- [fill = 0]
                  700a6080    000000f4     drivers.am243x.r5f.ti-arm-clang.freertos.debug.lib : sciclient_rm_irq.obj (.text.Sciclient_rmTranslateIntOutput)
                  700a6174    0000000c     --HOLE-- [fill = 0]
                  700a6180    000000f4     leap_host.o (.text.leap_update_locate_led)
                  700a6274    0000000c     --HOLE-- [fill = 0]
                  700a6280    000000f4     freertos.am243x.r5f.ti-arm-clang.debug.lib : tasks.obj (.text.prvCreateStaticTask)
                  700a6374    0000000c     --HOLE-- [fill = 0]
                  700a6380    000000f2     ti_enet_open_close.o (.text.EnetAppUtils_closeRxFlowForChIdx)
                  700a6472    0000000e     --HOLE-- [fill = 0]
                  700a6480    000000ee     enet-icssg.am243x.r5f.ti-arm-clang.freertos.debug.lib : enet_udma_priv.obj (.text.EnetMem_freeEthPkt)
                  700a656e    00000002     --HOLE-- [fill = 0]
                  700a6570    000000ee     drivers.am243x.r5f.ti-arm-clang.freertos.debug.lib : i2c_v0_lld.obj (.text.I2CControllerInitExpClk)
                  700a665e    00000002     --HOLE-- [fill = 0]
                  700a6660    000000ec     enet-icssg.am243x.r5f.ti-arm-clang.freertos.debug.lib : enet_rm_ioctl.obj (.text.EnetRm_addCoreAttached)
                  700a674c    00000004     --HOLE-- [fill = 0]
                  700a6750    000000ec                                                           : icssg_utils.obj (.text.IcssgUtils_checkPortMode)
                  700a683c    00000004     --HOLE-- [fill = 0]
                  700a6840    000000ec     drivers.am243x.r5f.ti-arm-clang.freertos.debug.lib : udma_event.obj (.text.Udma_eventIsrFxn)
                  700a692c    00000004     --HOLE-- [fill = 0]
                  700a6930    000000ec     leap_diag_device.o (.text.leap_diag_device_on_mgmt_flags)
                  700a6a1c    00000004     --HOLE-- [fill = 0]
                  700a6a20    000000ec     freertos.am243x.r5f.ti-arm-clang.debug.lib : queue.obj (.text.xQueueGenericCreateStatic)
                  700a6b0c    00000004     --HOLE-- [fill = 0]
                  700a6b10    000000ea                                                : AddrTranslateP.obj (.text.AddrTranslateP_getLocalAddr)
                  700a6bfa    00000006     --HOLE-- [fill = 0]
                  700a6c00    000000ea     enet-icssg.am243x.r5f.ti-arm-clang.freertos.debug.lib : enetphy.obj (.text.EnetPhy_getManualCaps)
                  700a6cea    00000006     --HOLE-- [fill = 0]
                  700a6cf0    000000ea                                                           : icssg.obj (.text.Icssg_pollHwQAsyncResp)
                  700a6dda    00000006     --HOLE-- [fill = 0]
                  700a6de0    000000e8                                                           : enetphy.obj (.text.EnetPhy_findCommonCaps)
                  700a6ec8    00000008     --HOLE-- [fill = 0]
                  700a6ed0    000000e8                                                           : icssg_tas.obj (.text.IcssgTas_open)
                  700a6fb8    00000008     --HOLE-- [fill = 0]
                  700a6fc0    000000e8                                                           : mdio.obj (.text.Mdio_close)
                  700a70a8    00000008     --HOLE-- [fill = 0]
                  700a70b0    000000e8     drivers.am243x.r5f.ti-arm-clang.freertos.debug.lib : udma_event.obj (.text.Udma_eventFreeResource)
                  700a7198    00000008     --HOLE-- [fill = 0]
                  700a71a0    000000e6     board.am243x.r5f.ti-arm-clang.freertos.debug.lib : dp83869.obj (.text.Dp83869_setClkDelay)
                  700a7286    0000000a     --HOLE-- [fill = 0]
                  700a7290    000000e6     enet-icssg.am243x.r5f.ti-arm-clang.freertos.debug.lib : enet_rm_ioctl.obj (.text.EnetRm_allocRxFlowIdx)
                  700a7376    0000000a     --HOLE-- [fill = 0]
                  700a7380    000000e4                                                           : enet_rm.obj (.text.EnetRm_getFreeQ)
                  700a7464    0000000c     --HOLE-- [fill = 0]
                  700a7470    000000e4     drivers.am243x.r5f.ti-arm-clang.freertos.debug.lib : i2c_v0_lld.obj (.text.I2C_lld_recoverBus)
                  700a7554    0000000c     --HOLE-- [fill = 0]
                  700a7560    000000e2     enet-icssg.am243x.r5f.ti-arm-clang.freertos.debug.lib : enet_rm_ioctl.obj (.text.EnetRm_freeMacAddr)
                  700a7642    0000000e     --HOLE-- [fill = 0]
                  700a7650    000000e2                                                           : icssg.obj (.text.Icssg_getInternalIoctlHandler)
                  700a7732    0000000e     --HOLE-- [fill = 0]
                  700a7740    000000e2                                                           : icssg.obj (.text.Icssg_getMacPortIoctlHandler)
                  700a7822    0000000e     --HOLE-- [fill = 0]
                  700a7830    000000e2     drivers.am243x.r5f.ti-arm-clang.freertos.debug.lib : sciclient_rm_irq.obj (.text.Sciclient_rmIrqGetNode)
                  700a7912    0000000e     --HOLE-- [fill = 0]
                  700a7920    000000e2     leap_diag_device.o (.text.leap_diag_build_timing_reply)
                  700a7a02    0000000e     --HOLE-- [fill = 0]
                  700a7a10    000000e0     enet-icssg.am243x.r5f.ti-arm-clang.freertos.debug.lib : enet_apputils.obj (.text.EnetAppUtils_reduceCoreMacAllocation)
                  700a7af0    000000e0                                                           : enet_udma_priv.obj (.text.EnetUdma_memMgrInit)
                  700a7bd0    000000e0                                                           : icssg.obj (.text.IcssgMacPort_ioctl_handler_ENET_MACPORT_IOCTL_SET_EGRESS_QOS_PRI_MAP)
                  700a7cb0    000000e0                                                           : mdio_ioctl.obj (.text.Mdio_normal_ioctl_handler_ENET_MDIO_IOCTL_C22_READ)
                  700a7d90    000000e0     freertos.am243x.r5f.ti-arm-clang.debug.lib : tasks.obj (.text.xTaskCheckForTimeOut)
                  700a7e70    000000de     board.am243x.r5f.ti-arm-clang.freertos.debug.lib : dp83869.obj (.text.Dp83869_getSpeedDuplex)
                  700a7f4e    00000002     --HOLE-- [fill = 0]
                  700a7f50    000000de     drivers.am243x.r5f.ti-arm-clang.freertos.debug.lib : sciclient.obj (.text.Sciclient_waitForMessage)
                  700a802e    00000002     --HOLE-- [fill = 0]
                  700a8030    000000de                                                        : uart_v0_lld.obj (.text.UART_intrEnable)
                  700a810e    00000002     --HOLE-- [fill = 0]
                  700a8110    000000de     leap_diag_device.o (.text.leap_diag_build_counters_reply)
                  700a81ee    00000002     --HOLE-- [fill = 0]
                  700a81f0    000000dc     drivers.am243x.r5f.ti-arm-clang.freertos.debug.lib : csl_intaggr.obj (.text.CSL_intaggrSetIntrEnable)
                  700a82cc    00000004     --HOLE-- [fill = 0]
                  700a82d0    000000dc     enet_layer2_icssg.o (.text.EnetMp_abortOpen)
                  700a83ac    00000004     --HOLE-- [fill = 0]
                  700a83b0    000000dc     enet-icssg.am243x.r5f.ti-arm-clang.freertos.debug.lib : enet_rm_ioctl.obj (.text.EnetRm_freeTxChNum)
                  700a848c    00000004     --HOLE-- [fill = 0]
                  700a8490    000000dc                                                           : icssg.obj (.text.Icssg_ioctl_handler_ICSSG_PER_IOCTL_SET_PORT_STATE)
                  700a856c    00000004     --HOLE-- [fill = 0]
                  700a8570    000000dc     drivers.am243x.r5f.ti-arm-clang.freertos.debug.lib : sciclient.obj (.text.Sciclient_getCurrentContext)
                  700a864c    00000004     --HOLE-- [fill = 0]
                  700a8650    000000dc     leap_diag_device.o (.text.leap_diag_device_on_pd_result)
                  700a872c    00000004     --HOLE-- [fill = 0]
                  700a8730    000000da     ti_enet_soc.o (.text.EnetSoc_getEnetHandle)
                  700a880a    00000006     --HOLE-- [fill = 0]
                  700a8810    000000da     enet-icssg.am243x.r5f.ti-arm-clang.freertos.debug.lib : icssg.obj (.text.Icssg_ioctl_handler_ENET_PER_IOCTL_OPEN_PORT_LINK)
                  700a88ea    00000006     --HOLE-- [fill = 0]
                  700a88f0    000000da     drivers.am243x.r5f.ti-arm-clang.freertos.debug.lib : sciclient_rm_irq.obj (.text.Sciclient_rmIrInpIsFree)
                  700a89ca    00000006     --HOLE-- [fill = 0]
                  700a89d0    000000da                                                        : uart_v0_lld.obj (.text.UART_intrDisable)
                  700a8aaa    00000006     --HOLE-- [fill = 0]
                  700a8ab0    000000da                                                        : udma_rm.obj (.text.Udma_rmGetSciclientDefaultBoardCfgRmRange)
                  700a8b8a    00000006     --HOLE-- [fill = 0]
                  700a8b90    000000d8     enet-icssg.am243x.r5f.ti-arm-clang.freertos.debug.lib : icssg_stats.obj (.text.Icssg_getStatsIoctlHandler)
                  700a8c68    00000008     --HOLE-- [fill = 0]
                  700a8c70    000000d8                                                           : icssg_tas.obj (.text.Icssg_getTasIoctlHandler)
                  700a8d48    00000008     --HOLE-- [fill = 0]
                  700a8d50    000000d8                                                           : icssg_timesync.obj (.text.Icssg_getTimeSyncIoctlHandler)
                  700a8e28    00000008     --HOLE-- [fill = 0]
                  700a8e30    000000d8     drivers.am243x.r5f.ti-arm-clang.freertos.debug.lib : uart_dma_udma.obj (.text.UART_udmaConfigPdmaTx)
                  700a8f08    00000008     --HOLE-- [fill = 0]
                  700a8f10    000000d6     enet-icssg.am243x.r5f.ti-arm-clang.freertos.debug.lib : enetphy.obj (.text.EnetPhy_nwayWaitState)
                  700a8fe6    0000000a     --HOLE-- [fill = 0]
                  700a8ff0    000000d6     leap_host.o (.text.leap_host_queue_frame)
                  700a90c6    0000000a     --HOLE-- [fill = 0]
                  700a90d0    000000d4     drivers.am243x.r5f.ti-arm-clang.freertos.debug.lib : csl_bcdma.obj (.text.CSL_bcdmaChanOpGetChanRT)
                  700a91a4    0000000c     --HOLE-- [fill = 0]
                  700a91b0    000000d4     enet-icssg.am243x.r5f.ti-arm-clang.freertos.debug.lib : enet_rm.obj (.text.EnetRm_freeResource)
                  700a9284    0000000c     --HOLE-- [fill = 0]
                  700a9290    000000d4                                                           : enet.obj (.text.Enet_getHandles)
                  700a9364    0000000c     --HOLE-- [fill = 0]
                  700a9370    000000d4                                                           : icssg_utils.obj (.text.IcssgUtils_getHwqNum)
                  700a9444    0000000c     --HOLE-- [fill = 0]
                  700a9450    000000d4     drivers.am243x.r5f.ti-arm-clang.freertos.debug.lib : pinmux.obj (.text.Pinmux_unlockMMR)
                  700a9524    0000000c     --HOLE-- [fill = 0]
                  700a9530    000000d2     ti_enet_config.o (.text.EnetAppSoc_getMacAddrList)
                  700a9602    0000000e     --HOLE-- [fill = 0]
                  700a9610    000000d2     enet_layer2_icssg.o (.text.EnetMp_createRxTask)
                  700a96e2    0000000e     --HOLE-- [fill = 0]
                  700a96f0    000000d2     enet-icssg.am243x.r5f.ti-arm-clang.freertos.debug.lib : enet_udma_priv.obj (.text.EnetUdma_rxCqIsr)
                  700a97c2    0000000e     --HOLE-- [fill = 0]
                  700a97d0    000000d2                                                           : enet_udma_priv.obj (.text.EnetUdma_txCqIsr)
                  700a98a2    0000000e     --HOLE-- [fill = 0]
                  700a98b0    000000d2     drivers.am243x.r5f.ti-arm-clang.freertos.debug.lib : uart_v0_lld.obj (.text.UART_lld_write)
                  700a9982    0000000e     --HOLE-- [fill = 0]
                  700a9990    000000d2                                                        : uart_dma_udma.obj (.text.UART_udmaDeInitCh)
                  700a9a62    0000000e     --HOLE-- [fill = 0]
                  700a9a70    000000d2     freertos.am243x.r5f.ti-arm-clang.debug.lib : timers.obj (.text.xTimerGenericCommandFromTask)
                  700a9b42    0000000e     --HOLE-- [fill = 0]
                  700a9b50    000000d0     leap_crc.o (.text.leap_crc_init_tables)
                  700a9c20    000000d0     leap_dir_device.o (.text.leap_dir_read_object_bytes)
                  700a9cf0    000000ce     enet-icssg.am243x.r5f.ti-arm-clang.freertos.debug.lib : enet_phymdio_dflt.obj (.text.EnetPhyMdioDflt_getIoctlHandlerFxn)
                  700a9dbe    00000002     --HOLE-- [fill = 0]
                  700a9dc0    000000ce                                                           : enet_rm_ioctl.obj (.text.EnetRm_allocResourceNode)
                  700a9e8e    00000002     --HOLE-- [fill = 0]
                  700a9e90    000000ce                                                           : enet_rm.obj (.text.EnetRm_getIoctlHandlerFxn)
                  700a9f5e    00000002     --HOLE-- [fill = 0]
                  700a9f60    000000ce                                                           : mdio.obj (.text.Mdio_getIoctlHandlerFxn)
                  700aa02e    00000002     --HOLE-- [fill = 0]
                  700aa030    000000ce     drivers.am243x.r5f.ti-arm-clang.freertos.debug.lib : pruicss_g_v0.obj (.text.PRUICSS_disableCore)
                  700aa0fe    00000002     --HOLE-- [fill = 0]
                  700aa100    000000ce                                                        : pruicss_g_v0.obj (.text.PRUICSS_enableCore)
                  700aa1ce    00000002     --HOLE-- [fill = 0]
                  700aa1d0    000000ce                                                        : uart_v0_lld.obj (.text.UART_lld_writeDma)
                  700aa29e    00000002     --HOLE-- [fill = 0]
                  700aa2a0    000000cc     freertos.am243x.r5f.ti-arm-clang.debug.lib : ClockP_freertos.obj (.text.ClockP_construct)
                  700aa36c    00000004     --HOLE-- [fill = 0]
                  700aa370    000000cc                                                : queue.obj (.text.prvCopyDataToQueue)
                  700aa43c    00000004     --HOLE-- [fill = 0]
                  700aa440    000000ca                                                : ClockP_freertos.obj (.text.ClockP_getTimeUsec)
                  700aa50a    00000006     --HOLE-- [fill = 0]
                  700aa510    000000ca     enet-icssg.am243x.r5f.ti-arm-clang.freertos.debug.lib : enetphy.obj (.text.EnetPhy_getCapsString)
                  700aa5da    00000006     --HOLE-- [fill = 0]
                  700aa5e0    000000ca                                                           : mdio_manual_ioctl.obj (.text.Mdio_manualModePhyRegReadC45)
                  700aa6aa    00000006     --HOLE-- [fill = 0]
                  700aa6b0    000000ca     drivers.am243x.r5f.ti-arm-clang.freertos.debug.lib : udma_ring_common.obj (.text.Udma_ringCheckParams)
                  700aa77a    00000006     --HOLE-- [fill = 0]
                  700aa780    000000ca     leap_disc_device.o (.text.leap_disc_build_hello_reply)
                  700aa84a    00000006     --HOLE-- [fill = 0]
                  700aa850    000000c8     drivers.am243x.r5f.ti-arm-clang.freertos.debug.lib : uart_dma_udma.obj (.text.UART_udmaHpdInit)
                  700aa918    00000008     --HOLE-- [fill = 0]
                  700aa920    000000c8                                                        : udma_event.obj (.text.Udma_eventCheckUnRegister)
                  700aa9e8    000000c8     libc.a : getdevice.c.obj (.text.getdevice)
                  700aaab0    000000c8     freertos.am243x.r5f.ti-arm-clang.debug.lib : tasks.obj (.text.prvCreateIdleTasks)
                  700aab78    00000008     --HOLE-- [fill = 0]
                  700aab80    000000c6     enet-icssg.am243x.r5f.ti-arm-clang.freertos.debug.lib : enet.obj (.text.Enet_getDmaHandle)
                  700aac46    0000000a     --HOLE-- [fill = 0]
                  700aac50    000000c6                                                           : icssg.obj (.text.Icssg_handleMdioLinkStateChange)
                  700aad16    0000000a     --HOLE-- [fill = 0]
                  700aad20    000000c6     drivers.am243x.r5f.ti-arm-clang.freertos.debug.lib : uart_v0_lld.obj (.text.UART_lld_writeIntr)
                  700aade6    0000000a     --HOLE-- [fill = 0]
                  700aadf0    000000c4     ti_enet_init.o (.text.EnetApp_icssgInitMacAddr)
                  700aaeb4    0000000c     --HOLE-- [fill = 0]
                  700aaec0    000000c4     ti_enet_config.o (.text.EnetCb_GetFwPoolMem)
                  700aaf84    0000000c     --HOLE-- [fill = 0]
                  700aaf90    000000c4     enet-icssg.am243x.r5f.ti-arm-clang.freertos.debug.lib : mdio_ioctl.obj (.text.Mdio_normal_ioctl_handler_ENET_MDIO_IOCTL_C45_READ)
                  700ab054    0000000c     --HOLE-- [fill = 0]
                  700ab060    000000c4                                                           : mdio.obj (.text.Mdio_setupNormalMode)
                  700ab124    0000000c     --HOLE-- [fill = 0]
                  700ab130    000000c4     drivers.am243x.r5f.ti-arm-clang.freertos.debug.lib : soc.obj (.text.SOC_isR5FDualCoreMode)
                  700ab1f4    0000000c     --HOLE-- [fill = 0]
                  700ab200    000000c4                                                        : sciclient_rm_irq.obj (.text.Sciclient_rmIrqIsVintRouteSet)
                  700ab2c4    0000000c     --HOLE-- [fill = 0]
                  700ab2d0    000000c4                                                        : udma_ring_common.obj (.text.Udma_ringFree)
                  700ab394    0000000c     --HOLE-- [fill = 0]
                  700ab3a0    000000c2     enet-icssg.am243x.r5f.ti-arm-clang.freertos.debug.lib : enet_rm.obj (.text.EnetRm_getCoreResourceInfo)
                  700ab462    0000000e     --HOLE-- [fill = 0]
                  700ab470    000000c2     drivers.am243x.r5f.ti-arm-clang.freertos.debug.lib : udma_ch.obj (.text.Udma_chClose)
                  700ab532    0000000e     --HOLE-- [fill = 0]
[...]
700d627e  TIMESYNC_EVENT_INTROUTER0_outl_20_20_to_CPTS0_cpts_hw5_push_4_4               
700d6286  TIMESYNC_EVENT_INTROUTER0_outl_21_21_to_CPTS0_cpts_hw6_push_5_5               
700d628e  TIMESYNC_EVENT_INTROUTER0_outl_22_22_to_CPTS0_cpts_hw7_push_6_6               
700d6296  TIMESYNC_EVENT_INTROUTER0_outl_23_23_to_CPTS0_cpts_hw8_push_7_7               
700d629e  TIMESYNC_EVENT_INTROUTER0_outl_29_29_to_PCIE0_pcie_cpts_hw2_push_0_0          
700d62a6  TIMESYNC_EVENT_INTROUTER0_outl_30_30_to_CPSW0_cpts_hw1_push_0_0               
700d62ae  TIMESYNC_EVENT_INTROUTER0_outl_31_31_to_CPSW0_cpts_hw2_push_1_1               
700d62b6  TIMESYNC_EVENT_INTROUTER0_outl_32_32_to_CPSW0_cpts_hw3_push_2_2               
700d62be  TIMESYNC_EVENT_INTROUTER0_outl_33_33_to_CPSW0_cpts_hw4_push_3_3               
700d62c6  TIMESYNC_EVENT_INTROUTER0_outl_34_34_to_CPSW0_cpts_hw5_push_4_4               
700d62ce  TIMESYNC_EVENT_INTROUTER0_outl_35_35_to_CPSW0_cpts_hw6_push_5_5               
700d62d6  TIMESYNC_EVENT_INTROUTER0_outl_36_36_to_CPSW0_cpts_hw7_push_6_6               
700d62de  TIMESYNC_EVENT_INTROUTER0_outl_37_37_to_CPSW0_cpts_hw8_push_7_7               
700d62e6  TIMESYNC_EVENT_INTROUTER0_outl_8_8_to_PRU_ICSSG0_pr1_edc0_latch0_in_0_0       
700d62ee  TIMESYNC_EVENT_INTROUTER0_outl_9_9_to_PRU_ICSSG0_pr1_edc0_latch1_in_1_1       
700d62f8  gEnetPhyDrvTbl                                                                
700d6340  tisci_if_GPIO0                                                                
700d6348  tisci_if_GPIO1                                                                
700d6350  tisci_if_MCU_GPIO0                                                            
700d64ec  gCacheL1dCacheLineSize                                                        
700d64f0  gCacheL1pCacheLineSize                                                        
700d64f4  gRmIrqTreeCount                                                               
700d6500  tisci_if_EPWM0                                                                
700d6504  tisci_if_EPWM3                                                                
700d6508  tisci_if_EPWM6                                                                
700d650c  tisci_if_GPMC0                                                                
700d6510  tisci_if_GTC0                                                                 
700d6514  tisci_if_TIMER0                                                               
700d6518  tisci_if_TIMER1                                                               
700d651c  tisci_if_TIMER2                                                               
700d6520  tisci_if_TIMER3                                                               
700d6580  __BSS_START                                                                   
700e7d80  gMainTaskStack                                                                
700edc60  gEnetMp                                                                       
700ee700  gEnetSoc_dmaObj                                                               
700f0164  gHwiCtrl                                                                      
700f0970  virtToPhymap                                                                  
700f3f04  gEepromObject_AT24C                                                           
700f4070  _CIOBUF_                                                                      
700f4070  __CIOBUF_                                                                     
700f4290  xQueueRegistry                                                                
700f4390  gEnetUtilsObj                                                                 
700f4468  __TI_tmpnams                                                                  
700f4508  gTaskP_ctrl                                                                   
700f4770  gMainTaskObj                                                                  
700f4988  gRovDummyQueue                                                                
700f4a48  gClockCtrl                                                                    
700f4b28  parmbuf                                                                       
700f4b48  IcssgUtils_BufPoolCfg                                                         
700f4b78  gEepromHandle                                                                 
700f4b7c  gI2cHandle                                                                    
700f4b80  gMainTask                                                                     
700f4b84  gUartHandle                                                                   
700f4c00  __BSS_END                                                                     
70110e00  gUartDmaHandle                                                                
70112100  gUdmaDrvObj                                                                   
70112638  gEnetIcssgCfg                                                                 
70112ffc  gEnetPhyDrvDp83869                                                            
70113100  gEnetPhyDrvGeneric                                                            
701133f4  _ftable                                                                       
70113760  vint_usage_count_DMASS0_INTAGGR_0                                             
70113948  gPruIcssHwAttrs_ICSSG1                                                        
70113a4c  _device                                                                       
70113c74  gRmIrInstances                                                                
70113de8  gUartParams                                                                   
70113e40  gUdmaRmSharedResPrms                                                          
70113e98  gEnetMacAddrPool                                                              
70113f40  gEnetSoc_perObj                                                               
70113fe8  _stream                                                                       
70114038  gSocModulesClockFrequency                                                     
7011410c  count                                                                         
7011414c  soc_qos_data                                                                  
70114270  Icssq_FwPoolMemInfo                                                           
70114290  gRmIaInstances                                                                
701142b0  gSciclientSecProxyCfg                                                         
701142d0  gClockConfig                                                                  
70114360  gEnetSoc_PruIcssg0                                                            
70114374  gEnetSoc_PruIcssg1                                                            
7011439c  IcssgUtils_R30DmemAddr                                                        
701143bc  gEepromFxns_AT24C                                                             
701143cc  gSocModules                                                                   
701143f8  gAddrTranslateConfig                                                          
70114404  gEepromAttrs_AT24C                                                            
70114410  gEepromConfig                                                                 
7011441c  gI2cParams                                                                    
70114428  __TI_cleanup_ptr                                                              
7011442c  __TI_dtors_ptr                                                                
70114440  gDmaCfg                                                                       
70114448  gEepromParams                                                                 
70114450  gEnetSoc_dmaObjMemInfo                                                        
70114458  gI2cConfig                                                                    
70114468  gPruIcssConfig                                                                
70114478  gUartConfig                                                                   
70114498  FreeRTOS_errno                                                                
7011449c  __TI_ft_end                                                                   
701144a0  _lock                                                                         
701144a4  _unlock                                                                       
701144ac  gDebugLogZone                                                                 
701144b0  gDebugP_uartDrvIndex                                                          
701144b4  gEepromConfigNum                                                              
701144b8  gEnetOsalHwiAllocCnt                                                          
701144bc  gEnetOsalHwiPeak                                                              
701144c0  gEnetOsalSemAllocCnt                                                          
701144c4  gEnetOsalSemPeak                                                              
701144c8  gHwiConfig                                                                    
701144cc  gI2cConfigNum                                                                 
701144d0  gPruIcssConfigNum                                                             
701144d4  gUartConfigNum                                                                
701144d8  gUartDmaChConfig                                                              
701144e4  pxCurrentTCB                                                                  
701144e8  reqTs                                                                         
701144ec  ulPortInterruptNesting                                                        
701144f0  ulPortSchedularRunning                                                        
701144f4  ulPortTaskHasFPUContext                                                       
701144f8  ulPortYieldRequired                                                           
7011454c  gEnetTrace_runtimeLevel                                                       
7011454e  isMapAvailable                                                                
70114580  _sys_memory                                                                   
70114980  __stack                                                                       
70116980  __STACK_END                                                                   
70116981  HwiP_enableInt                                                                
701169c1  HwiP_disableInt                                                               
70116a21  HwiP_restoreInt                                                               
70116a51  HwiP_clearInt                                                                 
70116a91  HwiP_post                                                                     
70116ad1  HwiP_Params_init                                                              
70116b01  HwiP_construct                                                                
70116cf1  HwiP_destruct                                                                 
70116d61  HwiP_init                                                                     
70116f11  HwiP_inISR                                                                    
70116f41  HwiP_setVimIrqPriMaskNonAtomic                                                
70116f91  HwiP_setVimIrqPriMaskAtomic                                                   
70117031  HwiP_restoreVimIrqPriMask                                                     
70117041  HwiP_irq_handler_c                                                            
701171e1  HwiP_fiq_handler                                                              
70117351  HwiP_reserved_handler                                                         
70117391  HwiP_undefined_handler_c                                                      
701173b1  HwiP_user_undefined_handler_c                                                 
701173d1  HwiP_prefetch_abort_handler_c                                                 
70117471  HwiP_user_prefetch_abort_handler_c                                            
701174b1  HwiP_data_abort_handler_c                                                     
70117571  HwiP_user_data_abort_handler_c                                                
701175ac  vPortRestoreTaskContext                                                       
701175e4  HwiP_svc_handler                                                              
70117654  HwiP_irq_handler                                                              
70117798  HwiP_data_abort_handler                                                       
701177dc  HwiP_prefetch_abort_handler                                                   
70117828  HwiP_undefined_handler                                                        
70117858  GET_DFSR                                                                      
70117860  GET_ADFSR                                                                     
70117868  GET_DFAR                                                                      
70117870  GET_IFSR                                                                      
70117878  GET_AIFSR                                                                     
70117880  GET_IFAR                                                                      
70117888  GET_SPSR                                                                      
7011789c  HwiP_disable                                                                  
701178ac  HwiP_disableFIQ                                                               
701178bc  HwiP_enable                                                                   
701178cc  HwiP_enableFIQ                                                                
701178dc  HwiP_restore                                                                  
701178e4  HwiP_enableVIC                                                                
701178f4  HwiP_disableVIC                                                               
70117904  HwiP_getCPSR                                                                  
70117910  CacheP_disableL1d                                                             
70117938  CacheP_disableL1p                                                             
70117950  CacheP_enableL1d                                                              
70117968  CacheP_enableL1p                                                              
70117980  CacheP_invL1d                                                                 
701179b8  CacheP_invL1p                                                                 
701179f4  CacheP_invL1dAll                                                              
701179fc  CacheP_invL1pAll                                                              
70117a04  CacheP_wb                                                                     
70117a40  CacheP_wbInv                                                                  
70117a7c  CacheP_wbAll                                                                  
70117b24  CacheP_wbInvAll                                                               
70117b3c  CacheP_wbInvAllAsm                                                            
70117bdc  CacheP_getEnabled                                                             
70117c14  CacheP_getCacheLevelInfo                                                      
70117c20  CacheP_configForceWrThru                                                      
70117c40  CacheP_setDLFO                                                                
70117c51  CacheP_init                                                                   
70117ce1  CacheP_disable                                                                
70117d31  CacheP_enable                                                                 
70117d71  CacheP_inv                                                                    
70117db1  MpuP_getAttrs                                                                 
70117e11  MpuP_RegionAttrs_init                                                         
70117e41  MpuP_setRegion                                                                
70117ed1  MpuP_isEnable                                                                 
70117ee1  MpuP_disable                                                                  
70117f21  MpuP_enable                                                                   
70117f71  MpuP_init                                                                     
70118011  MpuP_isUserAuthorizedToAccessMemory                                           
701180f0  MpuP_disableAsm                                                               
70118108  MpuP_disableBRAsm                                                             
70118118  MpuP_enableAsm                                                                
70118130  MpuP_enableBRAsm                                                              
70118140  MpuP_isEnableAsm                                                              
70118154  MpuP_setRegionAsm                                                             
70118170  _c_int00_sbl                                                                  
70118194  _c_int00                                                                      
701182c1  _DebugP_assertNoLog                                                           
701182f1  _system_pre_init                                                              
70118321  __mpu_init                                                                    
70118330  abort                                                                         
70118338  __IRQ_STACK_START                                                             
70118438  __FIQ_STACK_START                                                             
70118438  __IRQ_STACK_END                                                               
70118538  __FIQ_STACK_END                                                               
70118538  __SVC_STACK_START                                                             
70119538  __ABORT_STACK_START                                                           
70119538  __SVC_STACK_END                                                               
70119638  __ABORT_STACK_END                                                             
70119638  __UNDEFINED_STACK_START                                                       
70119738  __UNDEFINED_STACK_END                                                         
ffffffff  __TI_pprof_out_hndl                                                           
ffffffff  __TI_prof_data_size                                                           
ffffffff  __TI_prof_data_start                                                          
ffffffff  __binit__                                                                     
ffffffff  binit                                                                         
UNDEFED   __TI_CINIT_Base                                                               
UNDEFED   __TI_CINIT_Limit                                                              
UNDEFED   __TI_Handler_Table_Base                                                       
UNDEFED   __TI_Handler_Table_Limit                                                      
UNDEFED   _system_post_cinit                                                            

[1315 symbols]
