******************************************************************************
            TI ARM Clang Linker PC v4.0.4                      
******************************************************************************
>> Linked Sat Jun  6 18:19:14 2026

OUTPUT FILE NAME:   <LEAP_LP-AM243.out>
ENTRY POINT SYMBOL: "_vectors"  address: 00000000


MEMORY CONFIGURATION

         name            origin    length      used     unused   attr    fill
----------------------  --------  ---------  --------  --------  ----  --------
  R5F_VECS              00000000   00000040  00000040  00000000  RWIX
  R5F_TCMA              00000040   00007fc0  00000000  00007fc0  RWIX
  R5F_TCMB0             41010000   00008000  00000000  00008000  RWIX
  FLASH                 60100000   00100000  00000000  00100000  RWIX
  MSRAM                 70080000   00160000  0007dc40  000e23c0  RWIX


SEGMENT ALLOCATION MAP

run origin  load origin   length   init length attrs members
----------  ----------- ---------- ----------- ----- -------
00000000    00000000    00000040   00000040    r-x
  00000000    00000000    00000040   00000040    r-x .vectors
70080000    70080000    0002cc90   0002cc90    r-x
  70080000    70080000    0001f760   0001f760    r-x .text
  7009f760    7009f760    0000d530   0000d530    r-- .rodata
700acd00    700acd00    00026c00   00000000    rw-
  700acd00    700acd00    00026c00   00000000    rw- .bss
700f6700    700f6700    00005240   00002e40    rw-
  700f6700    700f6700    00002e40   00002e40    rw- .data
  700f9540    700f9540    00000400   00000000    rw- .sysmem
  700f9940    700f9940    00002000   00000000    rw- .stack
700fb940    700fb940    00000fb0   00000fb0    r-x
  700fb940    700fb940    00000848   00000848    r-x .text.hwi
  700fc188    700fc188    00000428   00000428    r-x .text.cache
  700fc5b0    700fc5b0    000000f0   000000f0    r-x .text.mpu
  700fc6a0    700fc6a0    00000248   00000248    r-x .text.boot
  700fc8e8    700fc8e8    00000008   00000008    r-x .text:abort
700fc8f0    700fc8f0    00001400   00000000    rw-
  700fc8f0    700fc8f0    00000100   00000000    rw- .irqstack
  700fc9f0    700fc9f0    00000100   00000000    rw- .fiqstack
  700fcaf0    700fcaf0    00001000   00000000    rw- .svcstack
  700fdaf0    700fdaf0    00000100   00000000    rw- .abortstack
  700fdbf0    700fdbf0    00000100   00000000    rw- .undefinedstack


SECTION ALLOCATION MAP

 output                                  attributes/
section   page    origin      length       input sections
--------  ----  ----------  ----------   ----------------
.vectors   0    00000000    00000040     
                  00000000    00000040     freertos.am243x.r5f.ti-arm-clang.release.lib : HwiP_armv7r_vectors_freertos_asm.obj (.vectors)

.text      0    70080000    0001f760     
                  70080000    00001efc     enet-icssg.am243x.r5f.ti-arm-clang.freertos.release.lib : icssg.obj (.text.Icssg_open)
                  70081efc    000019d4     {8BBC2A71-AA2B-40DC-8160-B220EDC9B3A1} (.text.leap_task)
                  700838d0    00001654     main.o (.text.freertos_main)
                  70084f24    00000dbc     main.o (.text.main)
                  70085ce0    00000cec     {8BBC2A71-AA2B-40DC-8160-B220EDC9B3A1} (.text:__TI_printfi)
                  700869cc    00000cb0     {8BBC2A71-AA2B-40DC-8160-B220EDC9B3A1} (.text.EnetMp_rxTask)
                  7008767c    0000094c     enet-icssg.am243x.r5f.ti-arm-clang.freertos.release.lib : icssg.obj (.text.Icssg_periodicTick)
                  70087fc8    000008b0     drivers.am243x.r5f.ti-arm-clang.freertos.release.lib : udma_ch.obj (.text.Udma_chOpen)
                  70088878    000006f8                                                          : udma_event.obj (.text.Udma_eventRegister)
                  70088f70    00000614     enet-icssg.am243x.r5f.ti-arm-clang.freertos.release.lib : enet_udma.obj (.text.EnetUdma_openRxFlow)
                  70089584    0000060c     {8BBC2A71-AA2B-40DC-8160-B220EDC9B3A1} (.text.EnetAppUtils_openTxCh)
                  70089b90    00000558     {8BBC2A71-AA2B-40DC-8160-B220EDC9B3A1} (.text.Sciclient_rmIrqFindRoute)
                  7008a0e8    00000556     {8BBC2A71-AA2B-40DC-8160-B220EDC9B3A1} (.text.Udma_chDisable)
                  7008a63e    00000002     freertos.am243x.r5f.ti-arm-clang.release.lib : AddrTranslateP.obj (.text.AddrTranslateP_getLocalAddr)
                  7008a640    00000500     {8BBC2A71-AA2B-40DC-8160-B220EDC9B3A1} (.text._vsnprintf)
                  7008ab40    00000470     enet-icssg.am243x.r5f.ti-arm-clang.freertos.release.lib : icssg.obj (.text.Icssg_ioctl_handler_ENET_PER_IOCTL_OPEN_PORT_LINK)
                  7008afb0    00000458                                                             : icssg.obj (.text.Icssg_close)
                  7008b408    000003e8     ti_dpl_config.o (.text.putchar_)
                  7008b7f0    000003da     board.am243x.r5f.ti-arm-clang.freertos.release.lib : dp83869.obj (.text.Dp83869_printRegs)
                  7008bbca    00000002     {8BBC2A71-AA2B-40DC-8160-B220EDC9B3A1} (.text.EnetApp_rxPktNotifyCb)
                  7008bbcc    000003c4     enet-icssg.am243x.r5f.ti-arm-clang.freertos.release.lib : enet_udma_priv.obj (.text.EnetUdma_submitPkts)
                  7008bf90    000003a4                                                             : enet_udma_priv.obj (.text.EnetMem_init)
                  7008c334    000003a0     drivers.am243x.r5f.ti-arm-clang.freertos.release.lib : i2c_v0.obj (.text.I2C_transfer)
                  7008c6d4    0000000c                                                          : i2c_v0.obj (.text.I2C_Transaction_init)
                  7008c6e0    00000390     libc.a : strcmp32.S.obj (.text:strcmp)
                  7008ca70    00000378     ti_dpl_config.o (.text.Dpl_init)
                  7008cde8    0000036c     {8BBC2A71-AA2B-40DC-8160-B220EDC9B3A1} (.text._ftoa)
                  7008d154    0000034c     drivers.am243x.r5f.ti-arm-clang.freertos.release.lib : sciclient.obj (.text.Sciclient_service)
                  7008d4a0    00000338                                                          : udma_event.obj (.text.Udma_eventUnRegister)
                  7008d7d8    00000322     {8BBC2A71-AA2B-40DC-8160-B220EDC9B3A1} (.text.I2C_hwiFxn)
                  7008dafa    00000002     {8BBC2A71-AA2B-40DC-8160-B220EDC9B3A1} (.text.EnetApp_txPktNotifyCb)
                  7008dafc    00000314     leap_pd_device.o (.text.leap_pd_device_process_parsed_frame)
                  7008de10    00000308     enet-icssg.am243x.r5f.ti-arm-clang.freertos.release.lib : enet_rm.obj (.text.EnetRm_detachCore)
                  7008e118    000002f0     {8BBC2A71-AA2B-40DC-8160-B220EDC9B3A1} (.text._etoa)
                  7008e408    000002d0     libc.a : _printfi.c.obj (.text:__TI_printfi)
                  7008e6d8    000002c0     {8BBC2A71-AA2B-40DC-8160-B220EDC9B3A1} (.text.I2C_lld_primeTransferPoll)
                  7008e998    000002a8     drivers.am243x.r5f.ti-arm-clang.freertos.release.lib : i2c_v0.obj (.text.I2C_open)
                  7008ec40    0000029c     {8BBC2A71-AA2B-40DC-8160-B220EDC9B3A1} (.text.Sciclient_rmIrqGetRoute)
                  7008eedc    00000298     board.am243x.r5f.ti-arm-clang.freertos.release.lib : dp83869.obj (.text.Dp83869_config)
                  7008f174    00000294     drivers.am243x.r5f.ti-arm-clang.freertos.release.lib : udma_ring_common.obj (.text.Udma_ringAlloc)
                  7008f408    00000278     {8BBC2A71-AA2B-40DC-8160-B220EDC9B3A1} (.text.fputs)
                  7008f680    00000270     {8BBC2A71-AA2B-40DC-8160-B220EDC9B3A1} (.text._pconv_a)
                  7008f8f0    00000240     {8BBC2A71-AA2B-40DC-8160-B220EDC9B3A1} (.text.UART_configInstance)
                  7008fb30    00000240     {8BBC2A71-AA2B-40DC-8160-B220EDC9B3A1} (.text.leap_handle_pd_exchange_fast)
                  7008fd70    00000228     {8BBC2A71-AA2B-40DC-8160-B220EDC9B3A1} (.text._pconv_g)
                  7008ff98    00000214     {8BBC2A71-AA2B-40DC-8160-B220EDC9B3A1} (.text.EnetAppUtils_closeTxCh)
                  700901ac    00000200     enet-icssg.am243x.r5f.ti-arm-clang.freertos.release.lib : icssg.obj (.text.Icssg_ioctl)
                  700903ac    000001e4                                                             : icssg.obj (.text.Icssg_poll)
                  70090590    000001e4                                                             : mdio_ioctl.obj (.text.Mdio_ioctl_handler_ENET_MDIO_IOCTL_C45_READ)
                  70090774    000001d8     {8BBC2A71-AA2B-40DC-8160-B220EDC9B3A1} (.text.prvTimerTask)
                  7009094c    000001d0     libclang_rt.builtins.a : udivsi3.S.obj (.text.__udivsi3)
                  70090b1c    000001c8     {8BBC2A71-AA2B-40DC-8160-B220EDC9B3A1} (.text.__TI_closefile)
                  70090ce4    000001bc     {8BBC2A71-AA2B-40DC-8160-B220EDC9B3A1} (.text.Icssg_ioctl_handler_ENET_PER_IOCTL_REGISTER_IOCTL_HANDLER)
                  70090ea0    000001b8     libc.a : memory.c.obj (.text.malloc)
                  70091058    000001ae     drivers.am243x.r5f.ti-arm-clang.freertos.release.lib : uart_v0_lld.obj (.text.UART_lld_controllerIsr)
                  70091206    00000002                                                          : udma_utils.obj (.text.Udma_defaultPhyToVirtFxn)
                  70091208    000001a8     freertos.am243x.r5f.ti-arm-clang.release.lib : queue.obj (.text.xQueueSemaphoreTake)
                  700913b0    000001a0     enet-icssg.am243x.r5f.ti-arm-clang.freertos.release.lib : icssg.obj (.text.IcssgMacPort_ioctl_handler_ENET_MACPORT_IOCTL_SET_EGRESS_QOS_PRI_MAP)
                  70091550    000001a0     drivers.am243x.r5f.ti-arm-clang.freertos.release.lib : udma_ch.obj (.text.Udma_chConfigRx)
                  700916f0    0000019c     {8BBC2A71-AA2B-40DC-8160-B220EDC9B3A1} (.text.EnetPhy_bindDriver)
                  7009188c    00000194     {8BBC2A71-AA2B-40DC-8160-B220EDC9B3A1} (.text.Udma_chFreeResource)
                  70091a20    00000184     drivers.am243x.r5f.ti-arm-clang.freertos.release.lib : uart_v0.obj (.text.UART_close)
                  70091ba4    00000180     libc.a : memcpy32.S.obj (.text:memcpy)
                  70091d24    0000017c     {8BBC2A71-AA2B-40DC-8160-B220EDC9B3A1} (.text.EnetUdma_closeRxFlow)
                  70091ea0    00000174     {8BBC2A71-AA2B-40DC-8160-B220EDC9B3A1} (.text.Udma_flowConfig)
                  70092014    00000170     libc.a : memory.c.obj (.text.free)
                  70092184    00000168     {8BBC2A71-AA2B-40DC-8160-B220EDC9B3A1} (.text.EnetUtilsDflt_physToVirtDflt)
                  700922ec    00000168     drivers.am243x.r5f.ti-arm-clang.freertos.release.lib : udma_ring_common.obj (.text.Udma_ringFlushRaw)
                  70092454    00000164     {8BBC2A71-AA2B-40DC-8160-B220EDC9B3A1} (.text.I2C_primeTransfer)
                  700925b8    00000164     freertos.am243x.r5f.ti-arm-clang.release.lib : tasks.obj (.text.xTaskGenericNotify)
                  7009271c    0000015c     {8BBC2A71-AA2B-40DC-8160-B220EDC9B3A1} (.text.EnetUdma_retrievePkts)
                  70092878    0000015c     freertos.am243x.r5f.ti-arm-clang.release.lib : queue.obj (.text.xQueueGenericSend)
                  700929d4    00000144     {8BBC2A71-AA2B-40DC-8160-B220EDC9B3A1} (.text.Enet_open)
                  70092b18    00000140     enet-icssg.am243x.r5f.ti-arm-clang.freertos.release.lib : enet_udma_priv.obj (.text.EnetMem_deInit)
                  70092c58    00000140     {8BBC2A71-AA2B-40DC-8160-B220EDC9B3A1} (.text.fcvt)
                  70092d98    0000013c     enet-icssg.am243x.r5f.ti-arm-clang.freertos.release.lib : mdio_ioctl.obj (.text.Mdio_ioctl_handler_ENET_MDIO_IOCTL_C45_WRITE)
                  70092ed4    00000004     {8BBC2A71-AA2B-40DC-8160-B220EDC9B3A1} (.text.EnetPhyMdioDflt_ioctl_handler_default)
                  70092ed8    0000013c     libc.a : s_scalbn.c.obj (.text.ldexp)
                  70093014    00000004     {8BBC2A71-AA2B-40DC-8160-B220EDC9B3A1} (.text.EnetRm_ioctl_handler_default)
                  70093018    00000138     {8BBC2A71-AA2B-40DC-8160-B220EDC9B3A1} (.text._pconv_e)
                  70093150    00000138     {8BBC2A71-AA2B-40DC-8160-B220EDC9B3A1} (.text.xQueueReceive)
                  70093288    00000138     freertos.am243x.r5f.ti-arm-clang.release.lib : tasks.obj (.text.xTaskIncrementTick)
                  700933c0    00000138                                                  : tasks.obj (.text.xTaskResumeAll)
                  700934f8    00000134     enet-icssg.am243x.r5f.ti-arm-clang.freertos.release.lib : icssg_utils.obj (.text.IcssgUtils_checkFwPoolMem)
                  7009362c    00000134     freertos.am243x.r5f.ti-arm-clang.release.lib : SemaphoreP_freertos.obj (.text.SemaphoreP_pend)
                  70093760    00000130                                                  : TaskP_freertos.obj (.text.TaskP_construct)
                  70093890    00000130     {8BBC2A71-AA2B-40DC-8160-B220EDC9B3A1} (.text.prvAddNewTaskToReadyList)
                  700939c0    0000012c     enet-icssg.am243x.r5f.ti-arm-clang.freertos.release.lib : enet_udmautils.obj (.text.EnetAppUtils_freePktInfoQ)
                  70093aec    00000128     enet_layer2_icssg.o (.text.leap_icssg_eth_send_on)
                  70093c14    00000124     enet-icssg.am243x.r5f.ti-arm-clang.freertos.release.lib : enet_rm_ioctl.obj (.text.EnetRm_ioctl_handler_ENET_RM_IOCTL_ALLOC_MAC_ADDR)
                  70093d38    00000124     freertos.am243x.r5f.ti-arm-clang.release.lib : SemaphoreP_freertos.obj (.text.SemaphoreP_post)
                  70093e5c    00000120     {8BBC2A71-AA2B-40DC-8160-B220EDC9B3A1} (.text.EnetUtilsDflt_virtToPhysDflt)
                  70093f7c    0000011c     freertos.am243x.r5f.ti-arm-clang.release.lib : queue.obj (.text.xQueueGenericCreateStatic)
                  70094098    00000118     {8BBC2A71-AA2B-40DC-8160-B220EDC9B3A1} (.text._ntoa_format)
                  700941b0    00000118     libclang_rt.builtins.a : udivmoddi4.S.obj (.text)
                  700942c8    00000112     leap_frame.o (.text.leap_frame_parse)
                  700943da    00000002     {8BBC2A71-AA2B-40DC-8160-B220EDC9B3A1} (.text._out_null)
                  700943dc    00000110     freertos.am243x.r5f.ti-arm-clang.release.lib : ClockP_freertos.obj (.text.ClockP_construct)
                  700944ec    00000110     {8BBC2A71-AA2B-40DC-8160-B220EDC9B3A1} (.text.EnetMp_txTsCb)
                  700945fc    00000108     {8BBC2A71-AA2B-40DC-8160-B220EDC9B3A1} (.text.Udma_eventFreeResource)
                  70094704    00000104     {8BBC2A71-AA2B-40DC-8160-B220EDC9B3A1} (.text.Sciclient_rmIrqProgramRoute)
                  70094808    00000104     drivers.am243x.r5f.ti-arm-clang.freertos.release.lib : udma_ch.obj (.text.Udma_chConfigTx)
                  7009490c    00000104     {8BBC2A71-AA2B-40DC-8160-B220EDC9B3A1} (.text.leap_send_reply)
                  70094a10    00000104     freertos.am243x.r5f.ti-arm-clang.release.lib : tasks.obj (.text.vTaskSwitchContext)
                  70094b14    00000100     enet-icssg.am243x.r5f.ti-arm-clang.freertos.release.lib : mdio.obj (.text.Mdio_ioctl)
                  70094c14    00000100     {8BBC2A71-AA2B-40DC-8160-B220EDC9B3A1} (.text.Sciclient_rmIrqDeleteRoute)
                  70094d14    000000fe     board.am243x.r5f.ti-arm-clang.freertos.release.lib : eeprom_at24c.obj (.text.EEPROM_AT24C_write)
                  70094e12    00000002     --HOLE-- [fill = 0]
                  70094e14    000000fc     drivers.am243x.r5f.ti-arm-clang.freertos.release.lib : pinmux.obj (.text.Pinmux_config)
                  70094f10    000000f8     enet-icssg.am243x.r5f.ti-arm-clang.freertos.release.lib : enet_rm_ioctl.obj (.text.EnetRm_ioctl_handler_ENET_RM_IOCTL_ALLOC_RX_FLOW)
                  70095008    000000f8                                                             : enet_rm_ioctl.obj (.text.EnetRm_ioctl_handler_ENET_RM_IOCTL_ALLOC_TX_CH_PEERID)
                  70095100    000000f4     drivers.am243x.r5f.ti-arm-clang.freertos.release.lib : i2c_v0_lld.obj (.text.I2C_lld_recoverBus)
                  700951f4    000000f0                                                          : udma_rm.obj (.text.Udma_rmSetSharedResRmInitPrms)
                  700952e4    000000ec     leap_pd_device.o (.text.leap_pd_device_sync_profile_from_dir)
                  700953d0    000000e8     enet-icssg.am243x.r5f.ti-arm-clang.freertos.release.lib : mdio_ioctl.obj (.text.Mdio_ioctl_handler_ENET_MDIO_IOCTL_C22_WRITE)
                  700954b8    000000e4     drivers.am243x.r5f.ti-arm-clang.freertos.release.lib : udma_ch.obj (.text.Udma_chEnable)
                  7009559c    000000e0     board.am243x.r5f.ti-arm-clang.freertos.release.lib : eeprom_at24c.obj (.text.EEPROM_AT24C_read)
                  7009567c    000000e0     enet-icssg.am243x.r5f.ti-arm-clang.freertos.release.lib : enet_queue.obj (.text.EnetQueue_append)
                  7009575c    000000dc                                                             : enet.obj (.text.Enet_init)
                  70095838    000000dc     {8BBC2A71-AA2B-40DC-8160-B220EDC9B3A1} (.text.Enet_ioctl)
                  70095914    000000dc     freertos.am243x.r5f.ti-arm-clang.release.lib : port.obj (.text.vApplicationIdleHook)
                  700959f0    000000d8     {8BBC2A71-AA2B-40DC-8160-B220EDC9B3A1} (.text.EnetMem_allocEthPkt)
                  70095ac8    000000d8     freertos.am243x.r5f.ti-arm-clang.release.lib : tasks.obj (.text.xTaskRemoveFromEventList)
                  70095ba0    000000d2     {8BBC2A71-AA2B-40DC-8160-B220EDC9B3A1} (.text.I2C_lld_primeTransferIntr)
                  70095c72    00000002     --HOLE-- [fill = 0]
                  70095c74    000000d0     enet-icssg.am243x.r5f.ti-arm-clang.freertos.release.lib : enet_udma_priv.obj (.text.EnetUdma_ringEnqueue)
                  70095d44    000000d0                                                             : icssg_tas.obj (.text.IcssgTas_ioctl_handler_ICSSG_TAS_IOCTL_REGISTER_HANDLER)
                  70095e14    000000d0     {8BBC2A71-AA2B-40DC-8160-B220EDC9B3A1} (.text.xTimerGenericCommandFromISR)
                  70095ee4    000000cc     {8BBC2A71-AA2B-40DC-8160-B220EDC9B3A1} (.text.EnetMem_freeDmaDesc)
                  70095fb0    000000cc     enet-icssg.am243x.r5f.ti-arm-clang.freertos.release.lib : icssg_stats.obj (.text.IcssgStats_ioctl)
                  7009607c    000000cc                                                             : icssg_stats.obj (.text.IcssgStats_ioctl_handler_ICSSG_STATS_IOCTL_REGISTER_HANDLER)
                  70096148    000000cc                                                             : icssg_tas.obj (.text.IcssgTas_ioctl)
                  70096214    000000cc                                                             : icssg_timesync.obj (.text.IcssgTimeSync_ioctl)
                  700962e0    000000cc                                                             : icssg_timesync.obj (.text.IcssgTimeSync_ioctl_handler_ICSSG_TIMESYNC_IOCTL_REGISTER_HANDLER)
                  700963ac    000000cc                                                             : icssg.obj (.text.Icssg_ioctl_handler_ENET_PER_IOCTL_ATTACH_CORE)
                  70096478    000000cc     drivers.am243x.r5f.ti-arm-clang.freertos.release.lib : udma_ring_common.obj (.text.Udma_ringDequeueRaw)
                  70096544    000000cc     freertos.am243x.r5f.ti-arm-clang.release.lib : tasks.obj (.text.vTaskStartScheduler)
                  70096610    000000c8                                                  : tasks.obj (.text.xTaskCreateStatic)
                  700966d8    000000c4     enet-icssg.am243x.r5f.ti-arm-clang.freertos.release.lib : enet_rm.obj (.text.EnetRm_ioctl)
                  7009679c    000000c4     {8BBC2A71-AA2B-40DC-8160-B220EDC9B3A1} (.text.IcssgMacPort_ioctl_handler_ICSSG_MACPORT_IOCTL_REGISTER_HANDLER)
                  70096860    000000c0     {8BBC2A71-AA2B-40DC-8160-B220EDC9B3A1} (.text.Mdio_manualModePhyRegRead22)
                  70096920    000000c0     drivers.am243x.r5f.ti-arm-clang.freertos.release.lib : udma_ch.obj (.text.Udma_chClose)
                  700969e0    000000bc     enet-icssg.am243x.r5f.ti-arm-clang.freertos.release.lib : enet_phymdio_dflt.obj (.text.EnetPhyMdioDflt_writeC45)
                  70096a9c    000000bc     {8BBC2A71-AA2B-40DC-8160-B220EDC9B3A1} (.text.Udma_eventIsrFxn)
                  70096b58    000000bc     {8BBC2A71-AA2B-40DC-8160-B220EDC9B3A1} (.text._mcpy)
                  70096c14    000000bc     {8BBC2A71-AA2B-40DC-8160-B220EDC9B3A1} (.text.leap_record_tx_result)
                  70096cd0    000000ba     {8BBC2A71-AA2B-40DC-8160-B220EDC9B3A1} (.text.Sciclient_pmQueryModuleClkFreq)
                  70096d8a    00000002     --HOLE-- [fill = 0]
                  70096d8c    000000b8     drivers.am243x.r5f.ti-arm-clang.freertos.release.lib : i2c_v0.obj (.text.I2C_close)
                  70096e44    000000b8     {8BBC2A71-AA2B-40DC-8160-B220EDC9B3A1} (.text.Icssg_ioctlMacPort)
                  70096efc    000000b4     {8BBC2A71-AA2B-40DC-8160-B220EDC9B3A1} (.text.EnetMem_freeRingMem)
                  70096fb0    000000b4     enet-icssg.am243x.r5f.ti-arm-clang.freertos.release.lib : enet_phymdio_dflt.obj (.text.EnetPhyMdioDflt_writeC22)
                  70097064    000000b4     freertos.am243x.r5f.ti-arm-clang.release.lib : tasks.obj (.text.ulTaskGenericNotifyTake)
                  70097118    000000b0     enet-icssg.am243x.r5f.ti-arm-clang.freertos.release.lib : enet_rm_ioctl.obj (.text.EnetRm_ioctl_handler_ENET_RM_IOCTL_ATTACH)
                  700971c8    000000b0     {8BBC2A71-AA2B-40DC-8160-B220EDC9B3A1} (.text.EnetUdma_getMappedRxChNum)
                  70097278    000000b0     {8BBC2A71-AA2B-40DC-8160-B220EDC9B3A1} (.text.IcssgTas_open)
                  70097328    000000b0     drivers.am243x.r5f.ti-arm-clang.freertos.release.lib : udma_ring_common.obj (.text.Udma_ringQueueRaw)
                  700973d8    000000b0     {8BBC2A71-AA2B-40DC-8160-B220EDC9B3A1} (.text._ntoa_long_long)
                  70097488    000000b0     freertos.am243x.r5f.ti-arm-clang.release.lib : tasks.obj (.text.vTaskPriorityDisinheritAfterTimeout)
                  70097538    000000ac     enet-icssg.am243x.r5f.ti-arm-clang.freertos.release.lib : enet_phymdio_dflt.obj (.text.EnetPhyMdioDflt_ioctl)
                  700975e4    000000ac                                                             : enet_phymdio_dflt.obj (.text.EnetPhyMdioDflt_readC45)
                  70097690    000000ac     {8BBC2A71-AA2B-40DC-8160-B220EDC9B3A1} (.text.EnetPhy_setupManual)
                  7009773c    000000ac     enet-icssg.am243x.r5f.ti-arm-clang.freertos.release.lib : icssg.obj (.text.Icssg_initCfg)
                  700977e8    000000ac                                                             : icssg.obj (.text.Icssg_ioctl_handler_ENET_PER_IOCTL_DETACH_CORE)
                  70097894    000000ac                                                             : mdio_ioctl.obj (.text.Mdio_ioctl_handler_ENET_MDIO_IOCTL_C22_READ)
                  70097940    000000ac     {8BBC2A71-AA2B-40DC-8160-B220EDC9B3A1} (.text.UART_divisorLatchWrite)
                  700979ec    000000a8     {8BBC2A71-AA2B-40DC-8160-B220EDC9B3A1} (.text.EnetUdma_registerEvent)
                  70097a94    000000a8     freertos.am243x.r5f.ti-arm-clang.release.lib : tasks.obj (.text.xTaskPriorityDisinherit)
                  70097b3c    000000a6     {8BBC2A71-AA2B-40DC-8160-B220EDC9B3A1} (.text.Sciclient_pmSetModuleClkFreq)
                  70097be2    00000002     --HOLE-- [fill = 0]
                  70097be4    000000a4     {8BBC2A71-AA2B-40DC-8160-B220EDC9B3A1} (.text.EnetPhyMdioDflt_ioctl_handler_ENET_PHY_IOCTL_REGISTER_HANDLER)
                  70097c88    000000a4     enet-icssg.am243x.r5f.ti-arm-clang.freertos.release.lib : enet_phymdio_dflt.obj (.text.EnetPhyMdioDflt_readC22)
                  70097d2c    000000a4     {8BBC2A71-AA2B-40DC-8160-B220EDC9B3A1} (.text.EnetRm_allocResource)
                  70097dd0    000000a4     {8BBC2A71-AA2B-40DC-8160-B220EDC9B3A1} (.text.Mdio_ioctl_handler_MDIO_IOCTL_REGISTER_HANDLER)
                  70097e74    000000a4     leap_frame.o (.text.leap_frame_write)
                  70097f18    000000a0     enet-icssg.am243x.r5f.ti-arm-clang.freertos.release.lib : enet_rm_ioctl.obj (.text.EnetRm_ioctl_handler_ENET_RM_IOCTL_FREE_MAC_ADDR)
                  70097fb8    000000a0     {8BBC2A71-AA2B-40DC-8160-B220EDC9B3A1} (.text.EnetUdma_ringDequeue)
                  70098058    000000a0     enet-icssg.am243x.r5f.ti-arm-clang.freertos.release.lib : enet.obj (.text.Enet_close)
                  700980f8    000000a0     {8BBC2A71-AA2B-40DC-8160-B220EDC9B3A1} (.text.Enet_registerEventCb)
                  70098198    000000a0     {8BBC2A71-AA2B-40DC-8160-B220EDC9B3A1} (.text.leap_send_error_reply)
                  70098238    000000a0     {8BBC2A71-AA2B-40DC-8160-B220EDC9B3A1} (.text.prvInitialiseNewTask)
                  700982d8    000000a0     freertos.am243x.r5f.ti-arm-clang.release.lib : tasks.obj (.text.vTaskDelete)
                  70098378    000000a0     libc.a : memset32.S.obj (.text:memset)
                  70098418    0000009c     enet-icssg.am243x.r5f.ti-arm-clang.freertos.release.lib : enet_phymdio_dflt.obj (.text.EnetPhyMdioDflt_isAlive)
                  700984b4    0000009c                                                             : enet_phymdio_dflt.obj (.text.EnetPhyMdioDflt_isLinked)
                  70098550    0000009c     {8BBC2A71-AA2B-40DC-8160-B220EDC9B3A1} (.text.EnetPhy_findCommonNwayCaps)
                  700985ec    0000009c     {8BBC2A71-AA2B-40DC-8160-B220EDC9B3A1} (.text.SOC_isR5FDualCoreMode)
                  70098688    00000098     {8BBC2A71-AA2B-40DC-8160-B220EDC9B3A1} (.text.EnetRm_ioctl_handler_ENET_RM_IOCTL_REGISTER_HANDLER)
                  70098720    00000098     libc.a : _ltoa.c.obj (.text.__TI_ltoa)
                  700987b8    00000094     enet-icssg.am243x.r5f.ti-arm-clang.freertos.release.lib : enet_apputils_k3.obj (.text.EnetAppUtils_disableClocks)
                  7009884c    00000094                                                             : enet_queue.obj (.text.EnetQueue_enq)
                  700988e0    00000094                                                             : enet.obj (.text.Enet_periodicTick)
                  70098974    00000094     {8BBC2A71-AA2B-40DC-8160-B220EDC9B3A1} (.text.prvAddCurrentTaskToDelayedList)
                  70098a08    00000092     enet-icssg.am243x.r5f.ti-arm-clang.freertos.release.lib : mdio_ioctl.obj (.text.Mdio_ioctl_handler_MDIO_IOCTL_HANDLE_INTR)
                  70098a9a    00000002     --HOLE-- [fill = 0]
                  70098a9c    00000090     ti_enet_config.o (.text.EnetApp_releaseHandleInfo)
                  70098b2c    00000090     {8BBC2A71-AA2B-40DC-8160-B220EDC9B3A1} (.text.EnetRm_initCoreResourceQ)
                  70098bbc    00000090     enet-icssg.am243x.r5f.ti-arm-clang.freertos.release.lib : enet_utils.obj (.text.EnetUtils_delayNs)
                  70098c4c    00000090     {8BBC2A71-AA2B-40DC-8160-B220EDC9B3A1} (.text.Enet_unregisterEventCb)
                  70098cdc    00000090     enet-icssg.am243x.r5f.ti-arm-clang.freertos.release.lib : icssg.obj (.text.Icssg_ioctl_handler_ENET_PER_IOCTL_IS_PORT_LINK_UP)
                  70098d6c    0000008e     {8BBC2A71-AA2B-40DC-8160-B220EDC9B3A1} (.text._ntoa_long)
                  70098dfa    00000002     --HOLE-- [fill = 0]
                  70098dfc    0000008c     {8BBC2A71-AA2B-40DC-8160-B220EDC9B3A1} (.text.EnetDma_checkPktState)
                  70098e88    0000008c     {8BBC2A71-AA2B-40DC-8160-B220EDC9B3A1} (.text.Enet_poll)
                  70098f14    0000008c     {8BBC2A71-AA2B-40DC-8160-B220EDC9B3A1} (.text.Icssg_handleMdioLinkStateChange)
                  70098fa0    0000008c     freertos.am243x.r5f.ti-arm-clang.release.lib : tasks.obj (.text.xTaskCheckForTimeOut)
                  7009902c    0000008c                                                  : tasks.obj (.text.xTaskPriorityInherit)
                  700990b8    0000008a     {8BBC2A71-AA2B-40DC-8160-B220EDC9B3A1} (.text.Sciclient_rmIrInpIsFree)
                  70099142    00000002     --HOLE-- [fill = 0]
                  70099144    00000088     enet-icssg.am243x.r5f.ti-arm-clang.freertos.release.lib : enet.obj (.text.Enet_getDmaHandle)
                  700991cc    00000088     libc.a : fflush.c.obj (.text.__TI_doflush)
                  70099254    00000088     {8BBC2A71-AA2B-40DC-8160-B220EDC9B3A1} (.text._ecpy)
                  700992dc    00000088     freertos.am243x.r5f.ti-arm-clang.release.lib : port.obj (.text.pxPortInitialiseStack)
                  70099364    00000084     enet-icssg.am243x.r5f.ti-arm-clang.freertos.release.lib : enetphy.obj (.text.EnetPhy_rmwReg)
                  700993e8    00000084                                                             : enet_udma_priv.obj (.text.EnetUdma_rxCqIsr)
                  7009946c    00000084                                                             : enet_udma_priv.obj (.text.EnetUdma_txCqIsr)
                  700994f0    00000080                                                             : enet_apputils_k3.obj (.text.EnetAppUtils_enableClocks)
                  70099570    00000080     {8BBC2A71-AA2B-40DC-8160-B220EDC9B3A1} (.text.EnetAppUtils_validatePacketState)
                  700995f0    00000080     enet-icssg.am243x.r5f.ti-arm-clang.freertos.release.lib : enet_rm_ioctl.obj (.text.EnetRm_ioctl_handler_ENET_RM_IOCTL_FREE_RX_FLOW)
                  70099670    00000080     {8BBC2A71-AA2B-40DC-8160-B220EDC9B3A1} (.text.UART_udmaDeInitCh)
                  700996f0    00000080     {8BBC2A71-AA2B-40DC-8160-B220EDC9B3A1} (.text._pconv_f)
                  70099770    0000007c     libsysbm.a : hostrename.c.obj (.text.HOSTrename)
                  700997ec    0000007c     {8BBC2A71-AA2B-40DC-8160-B220EDC9B3A1} (.text.I2CControllerInitExpClk)
                  70099868    0000007c     enet-icssg.am243x.r5f.ti-arm-clang.freertos.release.lib : icssg_utils.obj (.text.IcssgUtils_getSliceNum)
                  700998e4    00000004     board.am243x.r5f.ti-arm-clang.freertos.release.lib : generic_phy.obj (.text.GenericPhy_isMacModeSupported)
                  700998e8    0000007c     libc.a : s_frexp.c.obj (.text.frexp)
                  70099964    0000007c     leap_diag_device.o (.text.leap_diag_device_on_pd_result)
                  700999e0    0000007a     {8BBC2A71-AA2B-40DC-8160-B220EDC9B3A1} (.text.CSL_bcdmaChanOpTeardownChan)
                  70099a5a    00000002     --HOLE-- [fill = 0]
                  70099a5c    00000078     enet-icssg.am243x.r5f.ti-arm-clang.freertos.release.lib : enet_apputils.obj (.text.EnetAppUtils_updatemacResPart)
                  70099ad4    00000078                                                             : enet_rm_ioctl.obj (.text.EnetRm_ioctl_handler_ENET_RM_IOCTL_FREE_TX_CH_PEERID)
                  70099b4c    00000078     libsysbm.a : hostopen.c.obj (.text.HOSTopen)
                  70099bc4    00000078     enet-icssg.am243x.r5f.ti-arm-clang.freertos.release.lib : icssg_utils.obj (.text.IcssgUtils_downloadFirmware)
                  70099c3c    00000078                                                             : icssg.obj (.text.Icssg_ioctl_handler_ICSSG_PER_IOCTL_SET_PORT_STATE)
                  70099cb4    00000078     {8BBC2A71-AA2B-40DC-8160-B220EDC9B3A1} (.text.leap_crc_init_tables)
                  70099d2c    00000074     {8BBC2A71-AA2B-40DC-8160-B220EDC9B3A1} (.text.EnetAppUtils_allocMac)
                  70099da0    00000074     {8BBC2A71-AA2B-40DC-8160-B220EDC9B3A1} (.text.EnetAppUtils_freeMac)
                  70099e14    00000074     {8BBC2A71-AA2B-40DC-8160-B220EDC9B3A1} (.text.EnetAppUtils_reduceCoreMacAllocation)
                  70099e88    00000074     ti_enet_config.o (.text.EnetApp_coreAttach)
                  70099efc    00000074     enet-icssg.am243x.r5f.ti-arm-clang.freertos.release.lib : enet_osal.obj (.text.EnetOsal_createMutex)
                  70099f70    00000074                                                             : icssg_utils.obj (.text.IcssgUtils_disablePruss)
                  70099fe4    00000074     {8BBC2A71-AA2B-40DC-8160-B220EDC9B3A1} (.text.PRUICSS_writeMemory)
                  7009a058    00000074     {8BBC2A71-AA2B-40DC-8160-B220EDC9B3A1} (.text.Sciclient_pmGetModuleClkNumParent)
                  7009a0cc    00000074     {8BBC2A71-AA2B-40DC-8160-B220EDC9B3A1} (.text.prvCheckForValidListAndQueue)
                  7009a140    00000070     {8BBC2A71-AA2B-40DC-8160-B220EDC9B3A1} (.text.EnetAppUtils_allocRxFlowForChIdx)
                  7009a1b0    00000070     enet-icssg.am243x.r5f.ti-arm-clang.freertos.release.lib : enet_rm.obj (.text.EnetRm_freeResource)
                  7009a220    00000070     {8BBC2A71-AA2B-40DC-8160-B220EDC9B3A1} (.text.EnetRm_getFreeQ)
                  7009a290    00000070     enet-icssg.am243x.r5f.ti-arm-clang.freertos.release.lib : icssg_utils.obj (.text.IcssgUtils_classiDisable)
                  7009a300    00000070     {8BBC2A71-AA2B-40DC-8160-B220EDC9B3A1} (.text.IcssgUtils_enablePruss)
                  7009a370    00000070     freertos.am243x.r5f.ti-arm-clang.release.lib : tasks.obj (.text.vTaskExitCritical)
                  7009a3e0    0000006e     {8BBC2A71-AA2B-40DC-8160-B220EDC9B3A1} (.text.Sciclient_pmGetModuleState)
                  7009a44e    0000006e     {8BBC2A71-AA2B-40DC-8160-B220EDC9B3A1} (.text._out_rev)
                  7009a4bc    0000006c     enet-icssg.am243x.r5f.ti-arm-clang.freertos.release.lib : icssg.obj (.text.Icssg_ioctl_handler_ICSSG_MACPORT_IOCTL_SET_MACADDR)
                  7009a528    0000006c                                                             : icssg.obj (.text.Icssg_registerEventCb)
                  7009a594    0000006c     {8BBC2A71-AA2B-40DC-8160-B220EDC9B3A1} (.text.UART_IsBaseAddrValid)
                  7009a600    0000006c     libc.a : atoi.c.obj (.text.atoi)
                  7009a66c    0000006c     {8BBC2A71-AA2B-40DC-8160-B220EDC9B3A1} (.text.prvUnlockQueue)
                  7009a6d8    0000006a     board.am243x.r5f.ti-arm-clang.freertos.release.lib : dp83869.obj (.text.Dp83869_rmwExtReg)
                  7009a742    0000006a     {8BBC2A71-AA2B-40DC-8160-B220EDC9B3A1} (.text.Sciclient_pmGetModuleClkParent)
                  7009a7ac    00000068     {8BBC2A71-AA2B-40DC-8160-B220EDC9B3A1} (.text.EnetMp_retrieveFreeTxPkts)
                  7009a814    00000068     {8BBC2A71-AA2B-40DC-8160-B220EDC9B3A1} (.text.EnetPhy_setIsolateState)
                  7009a87c    00000068     {8BBC2A71-AA2B-40DC-8160-B220EDC9B3A1} (.text.Icssg_mdioIsr)
                  7009a8e4    00000068     {8BBC2A71-AA2B-40DC-8160-B220EDC9B3A1} (.text.Mdio_manualModePhyRegAddWriteC45)
                  7009a94c    00000068     {8BBC2A71-AA2B-40DC-8160-B220EDC9B3A1} (.text.OUTLINED_FUNCTION_3)
                  7009a9b4    00000068     {8BBC2A71-AA2B-40DC-8160-B220EDC9B3A1} (.text.Sciclient_pmModuleGetClkStatus)
                  7009aa1c    00000068     {8BBC2A71-AA2B-40DC-8160-B220EDC9B3A1} (.text.prvCopyDataToQueue)
                  7009aa84    00000066     leap_diag_device.o (.text.leap_diag_device_record_event)
                  7009aaea    00000002     --HOLE-- [fill = 0]
                  7009aaec    00000064     enet-icssg.am243x.r5f.ti-arm-clang.freertos.release.lib : enet_queue.obj (.text.EnetQueue_deq)
                  7009ab50    00000064     libsysbm.a : hostlseek.c.obj (.text.HOSTlseek)
                  7009abb4    00000064     enet-icssg.am243x.r5f.ti-arm-clang.freertos.release.lib : icssg_utils.obj (.text.IcssgUtils_checkPortMode)
                  7009ac18    00000064                                                             : icssg_utils.obj (.text.IcssgUtils_configFilter3)
                  7009ac7c    00000060     board.am243x.r5f.ti-arm-clang.freertos.release.lib : dp83869.obj (.text.Dp83869_getSpeedDuplex)
                  7009acdc    00000060     {8BBC2A71-AA2B-40DC-8160-B220EDC9B3A1} (.text.Sciclient_pmSetModuleClkParent)
                  7009ad3c    00000060     drivers.am243x.r5f.ti-arm-clang.freertos.release.lib : sciclient_rm_irq.obj (.text.Sciclient_rmIrOutpIsFree)
                  7009ad9c    00000060     freertos.am243x.r5f.ti-arm-clang.release.lib : SemaphoreP_freertos.obj (.text.SemaphoreP_constructCounting)
                  7009adfc    00000060                                                  : DebugP_freertos.obj (.text._DebugP_logZone)
                  7009ae5c    00000060     {8BBC2A71-AA2B-40DC-8160-B220EDC9B3A1} (.text._fcpy)
                  7009aebc    00000060     freertos.am243x.r5f.ti-arm-clang.release.lib : tasks.obj (.text.vTaskPlaceOnEventListRestricted)
                  7009af1c    0000005e     board.am243x.r5f.ti-arm-clang.freertos.release.lib : dp83869.obj (.text.Dp83869_enableAdvertisement)
                  7009af7a    0000005e                                                        : generic_phy.obj (.text.GenericPhy_enableAdvertisement)
                  7009afd8    0000005c                                                        : dp83869.obj (.text.Dp83869_disableAdvertisement)
                  7009b034    0000005c     enet-icssg.am243x.r5f.ti-arm-clang.freertos.release.lib : enet_udma.obj (.text.EnetDma_submitTxPktQ)
                  7009b090    0000005c     board.am243x.r5f.ti-arm-clang.freertos.release.lib : generic_phy.obj (.text.GenericPhy_disableAdvertisement)
                  7009b0ec    0000005c                                                        : generic_phy.obj (.text.GenericPhy_readExtReg)
                  7009b148    0000005c     {8BBC2A71-AA2B-40DC-8160-B220EDC9B3A1} (.text.Sciclient_pmModuleClkRequest)
                  7009b1a4    0000005c     {8BBC2A71-AA2B-40DC-8160-B220EDC9B3A1} (.text.Sciclient_rmIrqGetNode)
                  7009b200    0000005c     drivers.am243x.r5f.ti-arm-clang.freertos.release.lib : udma_rm.obj (.text.Udma_rmFreeMappedRing)
                  7009b25c    0000005c     freertos.am243x.r5f.ti-arm-clang.release.lib : DebugP_log.obj (.text._DebugP_assert)
                  7009b2b8    0000005c     {8BBC2A71-AA2B-40DC-8160-B220EDC9B3A1} (.text.leap_locate_start)
                  7009b314    0000005c     {8BBC2A71-AA2B-40DC-8160-B220EDC9B3A1} (.text.sprintf)
                  7009b370    0000005c     freertos.am243x.r5f.ti-arm-clang.release.lib : port.obj (.text.xPortStartScheduler)
                  7009b3cc    00000058     enet-icssg.am243x.r5f.ti-arm-clang.freertos.release.lib : enet_udma.obj (.text.EnetUdma_close)
                  7009b424    00000058     libsysbm.a : hostread.c.obj (.text.HOSTread)
                  7009b47c    00000058     drivers.am243x.r5f.ti-arm-clang.freertos.release.lib : udma_event.obj (.text.Udma_eventDisable)
                  7009b4d4    00000058     libsysbm.a : trgmsg.c.obj (.text.__TI_readmsg)
                  7009b52c    00000058                : trgmsg.c.obj (.text.__TI_writemsg)
                  7009b584    00000058     {8BBC2A71-AA2B-40DC-8160-B220EDC9B3A1} (.text.__aeabi_assert)
                  7009b5dc    00000058     {8BBC2A71-AA2B-40DC-8160-B220EDC9B3A1} (.text.set_priority_queue_mapping)
                  7009b634    00000058     freertos.am243x.r5f.ti-arm-clang.release.lib : queue.obj (.text.vQueueAddToRegistry)
                  7009b68c    00000056     drivers.am243x.r5f.ti-arm-clang.freertos.release.lib : uart_v0_lld.obj (.text.UART_intrDisable)
                  7009b6e2    00000056     {8BBC2A71-AA2B-40DC-8160-B220EDC9B3A1} (.text.leap_mgmt_apply_diff_flags)
                  7009b738    00000054     {8BBC2A71-AA2B-40DC-8160-B220EDC9B3A1} (.text.EnetAppUtils_freeRxFlowForChIdx)
                  7009b78c    00000054     {8BBC2A71-AA2B-40DC-8160-B220EDC9B3A1} (.text.EnetDma_submitRxPktQ)
                  7009b7e0    00000054     {8BBC2A71-AA2B-40DC-8160-B220EDC9B3A1} (.text.EnetMem_allocRingMem)
                  7009b834    00000054     enet-icssg.am243x.r5f.ti-arm-clang.freertos.release.lib : enet.obj (.text.Enet_deinit)
                  7009b888    00000054                                                             : icssg.obj (.text.Icssg_ioctl_handler_ICSSG_HOSTPORT_IOCTL_SET_MACADDR)
                  7009b8dc    00000054     {8BBC2A71-AA2B-40DC-8160-B220EDC9B3A1} (.text.Sciclient_pmSetModuleState)
                  7009b930    00000054     freertos.am243x.r5f.ti-arm-clang.release.lib : TaskP_freertos.obj (.text.TaskP_destruct)
                  7009b984    00000054     libc.a : autoinit.c.obj (.text:__TI_auto_init_nobinit_nopinit)
                  7009b9d8    00000052     {8BBC2A71-AA2B-40DC-8160-B220EDC9B3A1} (.text.EnetAppUtils_setDeviceState)
                  7009ba2a    00000052     board.am243x.r5f.ti-arm-clang.freertos.release.lib : generic_phy.obj (.text.GenericPhy_writeExtReg)
                  7009ba7c    00000052     {8BBC2A71-AA2B-40DC-8160-B220EDC9B3A1} (.text.Sciclient_rmGetResourceRange)
                  7009bace    00000002     --HOLE-- [fill = 0]
                  7009bad0    00000050     enet-icssg.am243x.r5f.ti-arm-clang.freertos.release.lib : enet_udma.obj (.text.EnetDma_retrieveRxPktQ)
                  7009bb20    00000050                                                             : enet_udma.obj (.text.EnetDma_retrieveTxPktQ)
                  7009bb70    00000050                                                             : enet_osal.obj (.text.EnetOsal_deleteMutex)
                  7009bbc0    00000050     libsysbm.a : hostwrite.c.obj (.text.HOSTwrite)
                  7009bc10    00000050     drivers.am243x.r5f.ti-arm-clang.freertos.release.lib : udma_ring_common.obj (.text.Udma_ringFree)
                  7009bc60    00000050     {8BBC2A71-AA2B-40DC-8160-B220EDC9B3A1} (.text.xTimerGenericCommandFromTask)
                  7009bcb0    0000004c     {8BBC2A71-AA2B-40DC-8160-B220EDC9B3A1} (.text.EnetUtils_delayTicks)
                  7009bcfc    0000004c     enet-icssg.am243x.r5f.ti-arm-clang.freertos.release.lib : icssg.obj (.text.Icssg_unregisterEventCb)
                  7009bd48    0000004c     drivers.am243x.r5f.ti-arm-clang.freertos.release.lib : uart_v0_lld.obj (.text.UART_lld_deInitDma)
                  7009bd94    0000004c     {8BBC2A71-AA2B-40DC-8160-B220EDC9B3A1} (.text.leap_hw_refresh_inputs)
                  7009bde0    0000004c     freertos.am243x.r5f.ti-arm-clang.release.lib : tasks.obj (.text.vTaskDelay)
                  7009be2c    0000004c                                                  : tasks.obj (.text.vTaskEnterCritical)
                  7009be78    0000004a     {8BBC2A71-AA2B-40DC-8160-B220EDC9B3A1} (.text.CSL_bcdmaChanOpGetChanRT)
                  7009bec2    00000002     --HOLE-- [fill = 0]
                  7009bec4    00000048     {8BBC2A71-AA2B-40DC-8160-B220EDC9B3A1} (.text.EnetDma_checkDescState)
                  7009bf0c    00000048     enet-icssg.am243x.r5f.ti-arm-clang.freertos.release.lib : enet_udma.obj (.text.EnetUdma_initTxChParams)
                  7009bf54    00000048     libsysbm.a : hostunlink.c.obj (.text.HOSTunlink)
                  7009bf9c    00000048     {8BBC2A71-AA2B-40DC-8160-B220EDC9B3A1} (.text.Icssg_R30SendAsyncIoctl)
                  7009bfe4    00000048     freertos.am243x.r5f.ti-arm-clang.release.lib : SemaphoreP_freertos.obj (.text.SemaphoreP_constructBinary)
                  7009c02c    00000048     drivers.am243x.r5f.ti-arm-clang.freertos.release.lib : udma_ch.obj (.text.UdmaChTxPrms_init)
                  7009c074    00000046     enet-icssg.am243x.r5f.ti-arm-clang.freertos.release.lib : enet_udma.obj (.text.EnetUdma_initRxFlowParams)
                  7009c0ba    00000046     board.am243x.r5f.ti-arm-clang.freertos.release.lib : generic_phy.obj (.text.GenericPhy_isLinkUp)
                  7009c100    00000046     {8BBC2A71-AA2B-40DC-8160-B220EDC9B3A1} (.text.Sciclient_pmSetModuleRst)
                  7009c146    00000046     {8BBC2A71-AA2B-40DC-8160-B220EDC9B3A1} (.text.Sciclient_rmIrqReleaseRaw)
                  7009c18c    00000044     {8BBC2A71-AA2B-40DC-8160-B220EDC9B3A1} (.text.CSL_bcdmaChanOpAccessRemotePeerReg)
                  7009c1d0    00000044     {8BBC2A71-AA2B-40DC-8160-B220EDC9B3A1} (.text.EnetApp_phyStateHandler)
                  7009c214    00000044     enet-icssg.am243x.r5f.ti-arm-clang.freertos.release.lib : enet_queue.obj (.text.EnetQueue_getQCount)
                  7009c258    00000044                                                             : enet_trace.obj (.text.EnetTrace_trace)
                  7009c29c    00000044     {8BBC2A71-AA2B-40DC-8160-B220EDC9B3A1} (.text.I2C_completeCurrTransfer)
                  7009c2e0    00000044     {8BBC2A71-AA2B-40DC-8160-B220EDC9B3A1} (.text.I2C_waitForPin)
                  7009c324    00000044     drivers.am243x.r5f.ti-arm-clang.freertos.release.lib : sciclient.obj (.text.Sciclient_getCurrentContext)
                  7009c368    00000044     freertos.am243x.r5f.ti-arm-clang.release.lib : SemaphoreP_freertos.obj (.text.SemaphoreP_destruct)
                  7009c3ac    00000044     drivers.am243x.r5f.ti-arm-clang.freertos.release.lib : udma_ch.obj (.text.UdmaChRxPrms_init)
                  7009c3f0    00000044     {8BBC2A71-AA2B-40DC-8160-B220EDC9B3A1} (.text.Udma_getMappedChRingAttributes)
                  7009c434    00000044     {8BBC2A71-AA2B-40DC-8160-B220EDC9B3A1} (.text.free_list_insert)
                  7009c478    00000044     {8BBC2A71-AA2B-40DC-8160-B220EDC9B3A1} (.text.prvDeleteTCB)
                  7009c4bc    00000044     {8BBC2A71-AA2B-40DC-8160-B220EDC9B3A1} (.text.prvSampleTimeNow)
                  7009c500    00000044     freertos.am243x.r5f.ti-arm-clang.release.lib : queue.obj (.text.vQueueUnregisterQueue)
                  7009c544    00000042     {8BBC2A71-AA2B-40DC-8160-B220EDC9B3A1} (.text.CSL_pktdmaTeardownChan)
                  7009c586    00000002     --HOLE-- [fill = 0]
                  7009c588    00000042     drivers.am243x.r5f.ti-arm-clang.freertos.release.lib : pruicss_g_v0.obj (.text.PRUICSS_disableCore)
                  7009c5ca    00000002     --HOLE-- [fill = 0]
                  7009c5cc    00000042                                                          : pruicss_g_v0.obj (.text.PRUICSS_enableCore)
                  7009c60e    00000040     {8BBC2A71-AA2B-40DC-8160-B220EDC9B3A1} (.text.CSL_bcdmaChanOpSetChanRT)
                  7009c64e    00000040     {8BBC2A71-AA2B-40DC-8160-B220EDC9B3A1} (.text.EnetPhy_getLocalCaps)
                  7009c68e    00000002     --HOLE-- [fill = 0]
                  7009c690    00000040     enet-icssg.am243x.r5f.ti-arm-clang.freertos.release.lib : enet_utils.obj (.text.EnetUtils_printf)
                  7009c6d0    00000040     {8BBC2A71-AA2B-40DC-8160-B220EDC9B3A1} (.text.IcssgUtils_pdInitAndPush)
                  7009c710    00000040     enet-icssg.am243x.r5f.ti-arm-clang.freertos.release.lib : icssg.obj (.text.Icssg_convertTs)
                  7009c750    00000040     {8BBC2A71-AA2B-40DC-8160-B220EDC9B3A1} (.text.Icssg_getMacPortIoctlHandlerEntry)
                  7009c790    00000040     {8BBC2A71-AA2B-40DC-8160-B220EDC9B3A1} (.text.Mdio_manualModeSendPreamble)
                  7009c7d0    00000040     {8BBC2A71-AA2B-40DC-8160-B220EDC9B3A1} (.text.Sciclient_rmIrqUnmappedVintRouteDelete)
                  7009c810    00000040     {8BBC2A71-AA2B-40DC-8160-B220EDC9B3A1} (.text.Sciclient_rmPsPop)
                  7009c850    00000040     {8BBC2A71-AA2B-40DC-8160-B220EDC9B3A1} (.text.UdmaChPrms_init)
                  7009c890    00000040     {8BBC2A71-AA2B-40DC-8160-B220EDC9B3A1} (.text.leap_header_crc16_compute)
                  7009c8d0    00000040     leap_hw.o (.text.leap_hw_apply_outputs)
                  7009c910    00000040     {8BBC2A71-AA2B-40DC-8160-B220EDC9B3A1} (.text.prvProcessExpiredTimer)
                  7009c950    00000040     freertos.am243x.r5f.ti-arm-clang.release.lib : tasks.obj (.text.vTaskPlaceOnEventList)
                  7009c990    0000003e     board.am243x.r5f.ti-arm-clang.freertos.release.lib : generic_phy.obj (.text.GenericPhy_getId)
                  7009c9ce    0000003e     {8BBC2A71-AA2B-40DC-8160-B220EDC9B3A1} (.text.I2C_lld_transferInit)
                  7009ca0c    0000003e     {8BBC2A71-AA2B-40DC-8160-B220EDC9B3A1} (.text.IcssgUtils_getHwqNum)
                  7009ca4a    0000003e     enet-icssg.am243x.r5f.ti-arm-clang.freertos.release.lib : mdio_ioctl.obj (.text.Mdio_ioctl_handler_ENET_MDIO_IOCTL_IS_LINKED)
                  7009ca88    0000003c     ti_board_open_close.o (.text.Board_eepromOpen)
                  7009cac4    0000003c     freertos.am243x.r5f.ti-arm-clang.release.lib : ClockP_freertos.obj (.text.ClockP_stop)
                  7009cb00    0000003c                                                  : ClockP_freertos.obj (.text.ClockP_timerCallbackFunction)
                  7009cb3c    0000003c     ti_enet_soc.o (.text.EnetSoc_getEnetHandle)
                  7009cb78    0000003c     enet-icssg.am243x.r5f.ti-arm-clang.freertos.release.lib : enet.obj (.text.Enet_getHandleInfo)
                  7009cbb4    0000003c     board.am243x.r5f.ti-arm-clang.freertos.release.lib : generic_phy.obj (.text.GenericPhy_printRegs)
                  7009cbf0    0000003c     {8BBC2A71-AA2B-40DC-8160-B220EDC9B3A1} (.text.I2C_lld_completeCurrTransfer)
                  7009cc2c    0000003c     enet-icssg.am243x.r5f.ti-arm-clang.freertos.release.lib : icssg_utils.obj (.text.IcssgUtils_isR30CmdDone)
                  7009cc68    0000003c                                                             : icssg_utils.obj (.text.Icssg_R30SendSyncIoctl)
                  7009cca4    0000003c     libc.a : fopen.c.obj (.text.__TI_cleanup)
                  7009cce0    0000003c     leap_crc.o (.text.leap_crc32c)
                  7009cd1c    0000003c     {8BBC2A71-AA2B-40DC-8160-B220EDC9B3A1} (.text.prvCheckTasksWaitingTermination)
                  7009cd58    0000003c     {8BBC2A71-AA2B-40DC-8160-B220EDC9B3A1} (.text.prvInsertTimerInActiveList)
                  7009cd94    0000003a     {8BBC2A71-AA2B-40DC-8160-B220EDC9B3A1} (.text.CSL_pktdmaAccessChanPeerReg)
                  7009cdce    0000003a     board.am243x.r5f.ti-arm-clang.freertos.release.lib : eeprom.obj (.text.EEPROM_open)
                  7009ce08    0000003a     enet-icssg.am243x.r5f.ti-arm-clang.freertos.release.lib : enetphy.obj (.text.EnetPhy_initCfg)
                  7009ce42    00000002     --HOLE-- [fill = 0]
                  7009ce44    00000038     freertos.am243x.r5f.ti-arm-clang.release.lib : ClockP_freertos.obj (.text.ClockP_getTimeUsec)
                  7009ce7c    00000038     {8BBC2A71-AA2B-40DC-8160-B220EDC9B3A1} (.text.EnetAppUtils_clkRateSetState)
                  7009ceb4    00000038     {8BBC2A71-AA2B-40DC-8160-B220EDC9B3A1} (.text.EnetMem_allocDmaDesc)
                  7009ceec    00000038     {8BBC2A71-AA2B-40DC-8160-B220EDC9B3A1} (.text.EnetPhyMdioDflt_getIoctlHandlerIdx)
                  7009cf24    00000038     {8BBC2A71-AA2B-40DC-8160-B220EDC9B3A1} (.text.EnetPhy_initState)
                  7009cf5c    00000038     {8BBC2A71-AA2B-40DC-8160-B220EDC9B3A1} (.text.EnetRm_getIoctlHandlerIdx)
                  7009cf94    00000038     {8BBC2A71-AA2B-40DC-8160-B220EDC9B3A1} (.text.Icssg_getInternalIoctlHandlerEntry)
                  7009cfcc    00000038     {8BBC2A71-AA2B-40DC-8160-B220EDC9B3A1} (.text.Icssg_getStatsIoctlHandlerEntry)
                  7009d004    00000038     {8BBC2A71-AA2B-40DC-8160-B220EDC9B3A1} (.text.Icssg_getTasIoctlHandlerEntry)
                  7009d03c    00000038     {8BBC2A71-AA2B-40DC-8160-B220EDC9B3A1} (.text.Icssg_getTimeSyncIoctlHandlerEntry)
                  7009d074    00000038     {8BBC2A71-AA2B-40DC-8160-B220EDC9B3A1} (.text.Mdio_getIoctlHandlerIdx)
                  7009d0ac    00000038     {8BBC2A71-AA2B-40DC-8160-B220EDC9B3A1} (.text._outs)
                  7009d0e4    00000038     freertos.am243x.r5f.ti-arm-clang.release.lib : PmuP_armv7r_asm.obj (.text.pmu)
                  7009d11c    00000036     enet-icssg.am243x.r5f.ti-arm-clang.freertos.release.lib : enet_udma.obj (.text.EnetDma_initPktInfo)
                  7009d152    00000036     {8BBC2A71-AA2B-40DC-8160-B220EDC9B3A1} (.text.leap_mgmt_validate_session)
                  7009d188    00000034     freertos.am243x.r5f.ti-arm-clang.release.lib : ClockP_freertos.obj (.text.ClockP_usleep)
                  7009d1bc    00000034     board.am243x.r5f.ti-arm-clang.freertos.release.lib : eeprom_at24c.obj (.text.EEPROM_AT24C_open)
                  7009d1f0    00000034     {8BBC2A71-AA2B-40DC-8160-B220EDC9B3A1} (.text.EnetPhy_isAlive)
                  7009d224    00000034     {8BBC2A71-AA2B-40DC-8160-B220EDC9B3A1} (.text.EnetPhy_isPhyLinked)
                  7009d258    00000034     drivers.am243x.r5f.ti-arm-clang.freertos.release.lib : i2c_v0.obj (.text.I2C_recoverBus)
                  7009d28c    00000034                                                          : soc.obj (.text.SOC_controlModuleUnlockMMR)
                  7009d2c0    00000034                                                          : udma_flow.obj (.text.Udma_flowDetach)
                  7009d2f4    00000034     {8BBC2A71-AA2B-40DC-8160-B220EDC9B3A1} (.text.free_list_remove)
                  7009d328    00000034     {8BBC2A71-AA2B-40DC-8160-B220EDC9B3A1} (.text.memccpy)
                  7009d35c    00000034     libsysbm.a : write.c.obj (.text.write)
                  7009d390    00000032     board.am243x.r5f.ti-arm-clang.freertos.release.lib : dp83869.obj (.text.Dp83869_isResetComplete)
                  7009d3c2    00000032     {8BBC2A71-AA2B-40DC-8160-B220EDC9B3A1} (.text.EnetPhy_capToMode)
                  7009d3f4    00000032     enet-icssg.am243x.r5f.ti-arm-clang.freertos.release.lib : enet_udma_priv.obj (.text.EnetUdma_dmaDescDeque)
                  7009d426    00000032                                                             : mdio_ioctl.obj (.text.Mdio_ioctl_handler_ENET_MDIO_IOCTL_IS_ALIVE)
                  7009d458    00000032     drivers.am243x.r5f.ti-arm-clang.freertos.release.lib : uart_v0_lld.obj (.text.UART_lld_deInit)
                  7009d48a    00000032     {8BBC2A71-AA2B-40DC-8160-B220EDC9B3A1} (.text.leap_device_frame_peek_service_id)
                  7009d4bc    00000032     {8BBC2A71-AA2B-40DC-8160-B220EDC9B3A1} (.text.leap_mgmt_reject_not_owner)
                  7009d4ee    00000002     --HOLE-- [fill = 0]
                  7009d4f0    00000030     freertos.am243x.r5f.ti-arm-clang.release.lib : ClockP_freertos.obj (.text.ClockP_timerTickIsr)
                  7009d520    00000030     enet-icssg.am243x.r5f.ti-arm-clang.freertos.release.lib : enet_apputils.obj (.text.EnetAppUtils_print)
                  7009d550    00000030     enet_layer2_icssg.o (.text.EnetMp_mapPerCtxt2Idx)
                  7009d580    00000030     {8BBC2A71-AA2B-40DC-8160-B220EDC9B3A1} (.text.EnetUtilsDflt_print)
                  7009d5b0    00000030     libsysbm.a : hostclose.c.obj (.text.HOSTclose)
                  7009d5e0    00000030     {8BBC2A71-AA2B-40DC-8160-B220EDC9B3A1} (.text.I2C_LLD_targetTransferCompleteCallback)
                  7009d610    00000030     enet-icssg.am243x.r5f.ti-arm-clang.freertos.release.lib : icssg_utils.obj (.text.IcssgUtils_R30CmdInit)
                  7009d640    00000030     {8BBC2A71-AA2B-40DC-8160-B220EDC9B3A1} (.text.Sciclient_rmIrqSetRaw)
                  7009d670    00000030     {8BBC2A71-AA2B-40DC-8160-B220EDC9B3A1} (.text.Sciclient_rmPsPush)
                  7009d6a0    00000030     {8BBC2A71-AA2B-40DC-8160-B220EDC9B3A1} (.text.Sciclient_rmRingCfg)
                  7009d6d0    00000030     freertos.am243x.r5f.ti-arm-clang.release.lib : SemaphoreP_freertos.obj (.text.SemaphoreP_constructMutex)
                  7009d700    00000030     drivers.am243x.r5f.ti-arm-clang.freertos.release.lib : uart_v0_lld.obj (.text.UART_lld_flushTxFifo)
                  7009d730    00000030     {8BBC2A71-AA2B-40DC-8160-B220EDC9B3A1} (.text.UART_lld_readCompleteCallback)
                  7009d760    00000030     {8BBC2A71-AA2B-40DC-8160-B220EDC9B3A1} (.text.UART_lld_writeCompleteCallback)
                  7009d790    00000030     freertos.am243x.r5f.ti-arm-clang.release.lib : printf.obj (.text.printf_)
                  7009d7c0    0000002e     enet-icssg.am243x.r5f.ti-arm-clang.freertos.release.lib : enet_rm.obj (.text.EnetRm_isCoreAttached)
                  7009d7ee    0000002e     board.am243x.r5f.ti-arm-clang.freertos.release.lib : generic_phy.obj (.text.GenericPhy_ctrlAutoNegotiation)
                  7009d81c    0000002e     leap_mgmt_device.o (.text.leap_mgmt_device_session_allows_diag_read)
                  7009d84a    0000002e     freertos.am243x.r5f.ti-arm-clang.release.lib : list.obj (.text.vListInsert)
                  7009d878    0000002c     board.am243x.r5f.ti-arm-clang.freertos.release.lib : dp83869.obj (.text.Dp83869_isRestartComplete)
                  7009d8a4    0000002c     enet-icssg.am243x.r5f.ti-arm-clang.freertos.release.lib : enetphy.obj (.text.EnetPhy_readReg)
                  7009d8d0    0000002c                                                             : enetphy.obj (.text.EnetPhy_writeReg)
                  7009d8fc    0000002c     {8BBC2A71-AA2B-40DC-8160-B220EDC9B3A1} (.text.EnetUdma_drainIsrCq)
                  7009d928    0000002c     {8BBC2A71-AA2B-40DC-8160-B220EDC9B3A1} (.text.EnetUdma_freeRing)
                  7009d954    0000002c     {8BBC2A71-AA2B-40DC-8160-B220EDC9B3A1} (.text.EnetUtils_assertLocal)
                  7009d980    0000002c     board.am243x.r5f.ti-arm-clang.freertos.release.lib : generic_phy.obj (.text.GenericPhy_isAutoNegotiationRestartComplete)
                  7009d9ac    0000002c                                                        : generic_phy.obj (.text.GenericPhy_isResetComplete)
                  7009d9d8    0000002c                                                        : generic_phy.obj (.text.GenericPhy_readReg)
                  7009da04    0000002c                                                        : generic_phy.obj (.text.GenericPhy_writeReg)
                  7009da30    0000002c     {8BBC2A71-AA2B-40DC-8160-B220EDC9B3A1} (.text.Icssg_getTxIpgCfgAddr)
                  7009da5c    0000002c     drivers.am243x.r5f.ti-arm-clang.freertos.release.lib : udma_ring_common.obj (.text.UdmaRingPrms_init)
                  7009da88    0000002c     libclang_rt.builtins.a : divsi3.S.obj (.text.__divsi3)
                  7009dab4    0000002c     libc.a : exit.c.obj (.text.exit)
                  7009dae0    0000002c     freertos.am243x.r5f.ti-arm-clang.release.lib : queue.obj (.text.uxQueueMessagesWaiting)
                  7009db0c    0000002c                                                  : queue.obj (.text.xQueueCreateMutexStatic)
                  7009db38    0000002a     board.am243x.r5f.ti-arm-clang.freertos.release.lib : dp83869.obj (.text.Dp83869_setMiiMode)
                  7009db62    0000002a     {8BBC2A71-AA2B-40DC-8160-B220EDC9B3A1} (.text.EnetPhy_phyTimeout)
                  7009db8c    0000002a     enet-icssg.am243x.r5f.ti-arm-clang.freertos.release.lib : enet_udma_priv.obj (.text.EnetUdma_dmaDescEnque)
                  7009dbb6    0000002a     drivers.am243x.r5f.ti-arm-clang.freertos.release.lib : soc.obj (.text.SOC_controlModuleLockMMR)
                  7009dbe0    0000002a     {8BBC2A71-AA2B-40DC-8160-B220EDC9B3A1} (.text.leap_hw_gpio_write)
                  7009dc0a    00000002     --HOLE-- [fill = 0]
                  7009dc0c    00000028     enet-icssg.am243x.r5f.ti-arm-clang.freertos.release.lib : enet_apputils.obj (.text.EnetAppUtils_assertLocal)
                  7009dc34    00000028     {8BBC2A71-AA2B-40DC-8160-B220EDC9B3A1} (.text.EnetRm_freeCoreResource)
                  7009dc5c    00000028     enet-icssg.am243x.r5f.ti-arm-clang.freertos.release.lib : enet_rm.obj (.text.EnetRm_validateCoreKey)
                  7009dc84    00000028     {8BBC2A71-AA2B-40DC-8160-B220EDC9B3A1} (.text.EnetUtils_assertLocal.125)
                  7009dcac    00000028     {8BBC2A71-AA2B-40DC-8160-B220EDC9B3A1} (.text.EnetUtils_assertLocal.271)
                  7009dcd4    00000028     {8BBC2A71-AA2B-40DC-8160-B220EDC9B3A1} (.text.EnetUtils_assertLocal.287)
                  7009dcfc    00000028     {8BBC2A71-AA2B-40DC-8160-B220EDC9B3A1} (.text.EnetUtils_assertLocal.300)
                  7009dd24    00000028     {8BBC2A71-AA2B-40DC-8160-B220EDC9B3A1} (.text.EnetUtils_assertLocal.318)
                  7009dd4c    00000028     {8BBC2A71-AA2B-40DC-8160-B220EDC9B3A1} (.text.EnetUtils_assertLocal.343)
                  7009dd74    00000028     {8BBC2A71-AA2B-40DC-8160-B220EDC9B3A1} (.text.EnetUtils_assertLocal.374)
                  7009dd9c    00000028     {8BBC2A71-AA2B-40DC-8160-B220EDC9B3A1} (.text.EnetUtils_assertLocal.566)
                  7009ddc4    00000028     {8BBC2A71-AA2B-40DC-8160-B220EDC9B3A1} (.text.EnetUtils_assertLocal.596)
                  7009ddec    00000028     {8BBC2A71-AA2B-40DC-8160-B220EDC9B3A1} (.text.EnetUtils_assertLocal.644)
                  7009de14    00000028     {8BBC2A71-AA2B-40DC-8160-B220EDC9B3A1} (.text.EnetUtils_assertLocal.681)
                  7009de3c    00000028     {8BBC2A71-AA2B-40DC-8160-B220EDC9B3A1} (.text.EnetUtils_assertLocal.706)
                  7009de64    00000028     {8BBC2A71-AA2B-40DC-8160-B220EDC9B3A1} (.text.EnetUtils_assertLocal.70)
                  7009de8c    00000028     {8BBC2A71-AA2B-40DC-8160-B220EDC9B3A1} (.text.EnetUtils_assertLocal.76)
                  7009deb4    00000028     {8BBC2A71-AA2B-40DC-8160-B220EDC9B3A1} (.text.EnetUtils_assertLocal.87)
                  7009dedc    00000028     {8BBC2A71-AA2B-40DC-8160-B220EDC9B3A1} (.text.Enet_ioctl_register_ENET_MACPORT_IOCTL_SET_EGRESS_QOS_PRI_MAP)
                  7009df04    00000028     {8BBC2A71-AA2B-40DC-8160-B220EDC9B3A1} (.text.Enet_ioctl_register_ENET_MDIO_IOCTL_IS_ALIVE)
                  7009df2c    00000028     {8BBC2A71-AA2B-40DC-8160-B220EDC9B3A1} (.text.Enet_ioctl_register_ENET_PER_IOCTL_ATTACH_CORE)
                  7009df54    00000028     {8BBC2A71-AA2B-40DC-8160-B220EDC9B3A1} (.text.Enet_ioctl_register_ENET_PER_IOCTL_DETACH_CORE)
                  7009df7c    00000028     {8BBC2A71-AA2B-40DC-8160-B220EDC9B3A1} (.text.Enet_ioctl_register_ENET_PER_IOCTL_IS_PORT_LINK_UP)
                  7009dfa4    00000028     {8BBC2A71-AA2B-40DC-8160-B220EDC9B3A1} (.text.Enet_ioctl_register_ENET_PER_IOCTL_OPEN_PORT_LINK)
                  7009dfcc    00000028     {8BBC2A71-AA2B-40DC-8160-B220EDC9B3A1} (.text.Enet_ioctl_register_ICSSG_HOSTPORT_IOCTL_SET_MACADDR)
                  7009dff4    00000028     {8BBC2A71-AA2B-40DC-8160-B220EDC9B3A1} (.text.Enet_ioctl_register_ICSSG_MACPORT_IOCTL_SET_MACADDR)
                  7009e01c    00000028     {8BBC2A71-AA2B-40DC-8160-B220EDC9B3A1} (.text.Enet_ioctl_register_ICSSG_PER_IOCTL_SET_PORT_STATE)
                  7009e044    00000028     board.am243x.r5f.ti-arm-clang.freertos.release.lib : generic_phy.obj (.text.GenericPhy_isAutoNegotiationComplete)
                  7009e06c    00000028                                                        : generic_phy.obj (.text.GenericPhy_isLinkPartnerAutoNegotiationAble)
                  7009e094    00000028     enet-icssg.am243x.r5f.ti-arm-clang.freertos.release.lib : icssg_tas.obj (.text.IcssgTas_close)
                  7009e0bc    00000028                                                             : icssg_utils.obj (.text.IcssgUtils_hwqPop)
                  7009e0e4    00000028     {8BBC2A71-AA2B-40DC-8160-B220EDC9B3A1} (.text.Mdio_manualModeFieldSend)
                  7009e10c    00000028     {8BBC2A71-AA2B-40DC-8160-B220EDC9B3A1} (.text.Sciclient_rmIrGetInst)
                  7009e134    00000028     drivers.am243x.r5f.ti-arm-clang.freertos.release.lib : udma_ch.obj (.text.Udma_chGetFqRingHandle)
                  7009e15c    00000028                                                          : udma_rmcfg.obj (.text.Udma_rmGetSharedResPrms)
                  7009e184    00000028     libclang_rt.builtins.a : ashldi3.S.obj (.text.__ashldi3)
                  7009e1ac    00000028     enet_layer2_icssg.o (.text.leap_icssg_eth_poll_tx)
                  7009e1d4    00000028     libc.a : rand.c.obj (.text.rand)
                  7009e1fc    00000028     freertos.am243x.r5f.ti-arm-clang.release.lib : port.obj (.text.vPortTimerTickHandler)
                  7009e224    00000026     board.am243x.r5f.ti-arm-clang.freertos.release.lib : dp83869.obj (.text.Dp83869_isPhyDevSupported)
                  7009e24a    00000026     enet-icssg.am243x.r5f.ti-arm-clang.freertos.release.lib : enet.obj (.text.Enet_getHandle)
                  7009e270    00000026     board.am243x.r5f.ti-arm-clang.freertos.release.lib : generic_phy.obj (.text.GenericPhy_isAutoNegotiationEnabled)
                  7009e296    00000026                                                        : generic_phy.obj (.text.GenericPhy_isPowerDownActive)
                  7009e2bc    00000026                                                        : generic_phy.obj (.text.GenericPhy_setSpeedDuplex)
                  7009e2e2    00000026     {8BBC2A71-AA2B-40DC-8160-B220EDC9B3A1} (.text.Mdio_manualModeToggleMdclk)
                  7009e308    00000026     {8BBC2A71-AA2B-40DC-8160-B220EDC9B3A1} (.text.OUTLINED_FUNCTION_26)
                  7009e32e    00000026     {8BBC2A71-AA2B-40DC-8160-B220EDC9B3A1} (.text.leap_dir_find_profile)
                  7009e354    00000026     {8BBC2A71-AA2B-40DC-8160-B220EDC9B3A1} (.text.leap_pd_apply_digital_outputs)
                  7009e37a    00000026     {8BBC2A71-AA2B-40DC-8160-B220EDC9B3A1} (.text.prvReloadTimer)
                  7009e3a0    00000024     {8BBC2A71-AA2B-40DC-8160-B220EDC9B3A1} (.text.CSL_bcdmaGetChanPeerReg)
                  7009e3c4    00000024     drivers.am243x.r5f.ti-arm-clang.freertos.release.lib : i2c_v0.obj (.text.I2C_init)
                  7009e3e8    00000024     enet-icssg.am243x.r5f.ti-arm-clang.freertos.release.lib : icssg.obj (.text.IcssgMacPort_initCfg)
                  7009e40c    00000024     {8BBC2A71-AA2B-40DC-8160-B220EDC9B3A1} (.text.Icssg_setVlanPriorityRegen)
                  7009e430    00000024     {8BBC2A71-AA2B-40DC-8160-B220EDC9B3A1} (.text.UART_IsHWFlowCtrlValid)
                  7009e454    00000024     drivers.am243x.r5f.ti-arm-clang.freertos.release.lib : udma_event.obj (.text.Udma_eventGetId)
                  7009e478    00000024     libclang_rt.builtins.a : aeabi_uldivmod.S.obj (.text.__aeabi_uldivmod)
                  7009e49c    00000024     {8BBC2A71-AA2B-40DC-8160-B220EDC9B3A1} (.text._atoi)
                  7009e4c0    00000024     {8BBC2A71-AA2B-40DC-8160-B220EDC9B3A1} (.text.leap_mgmt_owner_lease_expired)
                  7009e4e4    00000024     {8BBC2A71-AA2B-40DC-8160-B220EDC9B3A1} (.text.prvCopyDataFromQueue)
                  7009e508    00000024     {8BBC2A71-AA2B-40DC-8160-B220EDC9B3A1} (.text.prvResetNextTaskUnblockTime)
                  7009e52c    00000024     {8BBC2A71-AA2B-40DC-8160-B220EDC9B3A1} (.text.strchr)
                  7009e550    00000024     freertos.am243x.r5f.ti-arm-clang.release.lib : port.obj (.text.vApplicationStackOverflowHook)
                  7009e574    00000022     board.am243x.r5f.ti-arm-clang.freertos.release.lib : eeprom_at24c.obj (.text.EEPROM_AT24C_close)
                  7009e596    00000022     {8BBC2A71-AA2B-40DC-8160-B220EDC9B3A1} (.text.OUTLINED_FUNCTION_19)
                  7009e5b8    00000020     {8BBC2A71-AA2B-40DC-8160-B220EDC9B3A1} (.text.CSL_bcdmaTeardownTxChan)
                  7009e5d8    00000020     {8BBC2A71-AA2B-40DC-8160-B220EDC9B3A1} (.text.DebugP_logZoneEnable)
                  7009e5f8    00000020     enet-icssg.am243x.r5f.ti-arm-clang.freertos.release.lib : enet_apputils.obj (.text.EnetAppUtils_printMacAddr)
                  7009e618    00000020     ti_enet_soc.o (.text.EnetSoc_getRxFlowCount)
                  7009e638    00000020     ti_enet_soc.o (.text.EnetSoc_getTxChCount)
                  7009e658    00000020     drivers.am243x.r5f.ti-arm-clang.freertos.release.lib : i2c_v0.obj (.text.I2C_getHandle)
                  7009e678    00000020     {8BBC2A71-AA2B-40DC-8160-B220EDC9B3A1} (.text.IcssgStats_resetMacPortStats)
                  7009e698    00000020     enet-icssg.am243x.r5f.ti-arm-clang.freertos.release.lib : icssg_utils.obj (.text.IcssgUtils_hwqLevel)
                  7009e6b8    00000020     {8BBC2A71-AA2B-40DC-8160-B220EDC9B3A1} (.text.Icssg_MCastFloodingCtrl)
                  7009e6d8    00000020     {8BBC2A71-AA2B-40DC-8160-B220EDC9B3A1} (.text.Icssg_UCastFloodingCtrl)
                  7009e6f8    00000020     enet-icssg.am243x.r5f.ti-arm-clang.freertos.release.lib : icssg_utils.obj (.text.Icssg_getDfltVlanAddr)
                  7009e718    00000020                                                             : icssg.obj (.text.Icssg_rejoin)
                  7009e738    00000020     drivers.am243x.r5f.ti-arm-clang.freertos.release.lib : uart_v0_lld.obj (.text.UART_getChar)
                  7009e758    00000020                                                          : uart_v0_lld.obj (.text.UART_spaceAvail)
                  7009e778    00000020     {8BBC2A71-AA2B-40DC-8160-B220EDC9B3A1} (.text.leap_locate_stop)
                  7009e798    00000020     {8BBC2A71-AA2B-40DC-8160-B220EDC9B3A1} (.text.uxListRemove)
                  7009e7b8    00000020     freertos.am243x.r5f.ti-arm-clang.release.lib : heap_3.obj (.text.vPortFree)
                  7009e7d8    0000001e     board.am243x.r5f.ti-arm-clang.freertos.release.lib : dp83869.obj (.text.Dp83869_reset)
                  7009e7f6    0000001e                                                        : dp83869.obj (.text.Dp83869_restart)
                  7009e814    0000001e                                                        : eeprom.obj (.text.EEPROM_read)
                  7009e832    0000001e     enet-icssg.am243x.r5f.ti-arm-clang.freertos.release.lib : enet_udma_priv.obj (.text.EnetUdma_dmaDescInit)
                  7009e850    0000001e     {8BBC2A71-AA2B-40DC-8160-B220EDC9B3A1} (.text.I2C_lld_completeCurrTargetTransfer)
                  7009e86e    0000001e     {8BBC2A71-AA2B-40DC-8160-B220EDC9B3A1} (.text.OUTLINED_FUNCTION_38)
                  7009e88c    0000001c     {8BBC2A71-AA2B-40DC-8160-B220EDC9B3A1} (.text.CSL_bcdmaSetChanPeerReg)
                  7009e8a8    0000001c     {8BBC2A71-AA2B-40DC-8160-B220EDC9B3A1} (.text.EnetMp_asyncIoctlCb)
                  7009e8c4    0000001c     {8BBC2A71-AA2B-40DC-8160-B220EDC9B3A1} (.text.leap_mac_equal)
                  7009e8e0    0000001c     {8BBC2A71-AA2B-40DC-8160-B220EDC9B3A1} (.text.strcpy)
                  7009e8fc    0000001c     {8BBC2A71-AA2B-40DC-8160-B220EDC9B3A1} (.text.strlen.12)
                  7009e918    0000001c     {8BBC2A71-AA2B-40DC-8160-B220EDC9B3A1} (.text.strlen.35)
                  7009e934    0000001c     {8BBC2A71-AA2B-40DC-8160-B220EDC9B3A1} (.text.strlen)
                  7009e950    0000001c     libc.a : wcslen.c.obj (.text.wcslen)
                  7009e96c    0000001a     {8BBC2A71-AA2B-40DC-8160-B220EDC9B3A1} (.text.CSL_bcdmaChanOpIsChanEnabled)
                  7009e986    0000001a     board.am243x.r5f.ti-arm-clang.freertos.release.lib : dp83869.obj (.text.Dp83869_ctrlExtFD)
                  7009e9a0    0000001a     {8BBC2A71-AA2B-40DC-8160-B220EDC9B3A1} (.text.EnetPhy_checkTimeout)
                  7009e9ba    0000001a     {8BBC2A71-AA2B-40DC-8160-B220EDC9B3A1} (.text.EnetPhy_isNwayCapable)
                  7009e9d4    0000001a     board.am243x.r5f.ti-arm-clang.freertos.release.lib : generic_phy.obj (.text.GenericPhy_ctrlPowerDown)
                  7009e9ee    0000001a     {8BBC2A71-AA2B-40DC-8160-B220EDC9B3A1} (.text.OUTLINED_FUNCTION_18)
                  7009ea08    0000001a     {8BBC2A71-AA2B-40DC-8160-B220EDC9B3A1} (.text.OUTLINED_FUNCTION_40)
                  7009ea22    0000001a     {8BBC2A71-AA2B-40DC-8160-B220EDC9B3A1} (.text.UART_enhanFuncEnable)
                  7009ea3c    00000018     ti_board_open_close.o (.text.Board_eepromClose)
                  7009ea54    00000018     {8BBC2A71-AA2B-40DC-8160-B220EDC9B3A1} (.text.CSL_armR5GetCpuID)
                  7009ea6c    00000018     freertos.am243x.r5f.ti-arm-clang.release.lib : ClockP_freertos.obj (.text.ClockP_getTicks)
                  7009ea84    00000018     board.am243x.r5f.ti-arm-clang.freertos.release.lib : dp83869.obj (.text.Dp83869_isMacModeSupported)
                  7009ea9c    00000018     ti_drivers_open_close.o (.text.Drivers_i2cClose)
                  7009eab4    00000018     ti_drivers_open_close.o (.text.Drivers_uartClose)
                  7009eacc    00000018     enet-icssg.am243x.r5f.ti-arm-clang.freertos.release.lib : enet.obj (.text.Enet_initUtilsCfg)
                  7009eae4    00000018     {8BBC2A71-AA2B-40DC-8160-B220EDC9B3A1} (.text.OUTLINED_FUNCTION_25)
                  7009eafc    00000018     {8BBC2A71-AA2B-40DC-8160-B220EDC9B3A1} (.text.OUTLINED_FUNCTION_56)
                  7009eb14    00000018     {8BBC2A71-AA2B-40DC-8160-B220EDC9B3A1} (.text.OUTLINED_FUNCTION_59)
                  7009eb2c    00000018     {8BBC2A71-AA2B-40DC-8160-B220EDC9B3A1} (.text.OUTLINED_FUNCTION_61)
                  7009eb44    00000018     {8BBC2A71-AA2B-40DC-8160-B220EDC9B3A1} (.text.prvIdleTask)
                  7009eb5c    00000018     freertos.am243x.r5f.ti-arm-clang.release.lib : list.obj (.text.vListInsertEnd)
                  7009eb74    00000018                                                  : printf.obj (.text.vprintf_)
                  7009eb8c    00000018                                                  : printf.obj (.text.vsnprintf_)
                  7009eba4    00000018                                                  : tasks.obj (.text.xTaskGetTickCount)
                  7009ebbc    00000018                                                  : tasks.obj (.text.xTaskGetTickCountFromISR)
                  7009ebd4    00000016     {8BBC2A71-AA2B-40DC-8160-B220EDC9B3A1} (.text.EnetPhy_findBestCap)
                  7009ebea    00000016     enet-icssg.am243x.r5f.ti-arm-clang.freertos.release.lib : enetphy.obj (.text.EnetPhy_readExtReg)
                  7009ec00    00000016                                                             : enetphy.obj (.text.EnetPhy_writeExtReg)
                  7009ec16    00000016                                                             : enet_udma_priv.obj (.text.EnetUdma_deInitRxFreeDescQ)
                  7009ec2c    00000016                                                             : enet_udma_priv.obj (.text.EnetUdma_deInitTxFreeDescQ)
                  7009ec42    00000016     {8BBC2A71-AA2B-40DC-8160-B220EDC9B3A1} (.text.OUTLINED_FUNCTION_150)
                  7009ec58    00000016     {8BBC2A71-AA2B-40DC-8160-B220EDC9B3A1} (.text.OUTLINED_FUNCTION_20)
                  7009ec6e    00000016     {8BBC2A71-AA2B-40DC-8160-B220EDC9B3A1} (.text.OUTLINED_FUNCTION_67)
                  7009ec84    00000016     {8BBC2A71-AA2B-40DC-8160-B220EDC9B3A1} (.text.OUTLINED_FUNCTION_68)
                  7009ec9a    00000016     {8BBC2A71-AA2B-40DC-8160-B220EDC9B3A1} (.text.OUTLINED_FUNCTION_7)
                  7009ecb0    00000016     {8BBC2A71-AA2B-40DC-8160-B220EDC9B3A1} (.text.prvIsQueueEmpty)
                  7009ecc6    00000002     --HOLE-- [fill = 0]
                  7009ecc8    00000014     freertos.am243x.r5f.ti-arm-clang.release.lib : ClockP_freertos.obj (.text.ClockP_usecToTicks)
                  7009ecdc    00000014     enet-icssg.am243x.r5f.ti-arm-clang.freertos.release.lib : enet_udma.obj (.text.EnetDma_disableRxEvent)
                  7009ecf0    00000014                                                             : enet_udma.obj (.text.EnetDma_disableTxEvent)
                  7009ed04    00000014                                                             : enet_queue.obj (.text.EnetQueue_initQ)
                  7009ed18    00000014                                                             : enet_udma_priv.obj (.text.EnetUdma_memMgrFreeTxChObj)
                  7009ed2c    00000014     board.am243x.r5f.ti-arm-clang.freertos.release.lib : generic_phy.obj (.text.GenericPhy_reset)
                  7009ed40    00000014     enet-icssg.am243x.r5f.ti-arm-clang.freertos.release.lib : icssg_utils.obj (.text.Icssg_getDramAddr)
                  7009ed54    00000014     {8BBC2A71-AA2B-40DC-8160-B220EDC9B3A1} (.text.OUTLINED_FUNCTION_33)
                  7009ed68    00000014     {8BBC2A71-AA2B-40DC-8160-B220EDC9B3A1} (.text.OUTLINED_FUNCTION_43)
                  7009ed7c    00000014     {8BBC2A71-AA2B-40DC-8160-B220EDC9B3A1} (.text.OUTLINED_FUNCTION_57)
                  7009ed90    00000014     {8BBC2A71-AA2B-40DC-8160-B220EDC9B3A1} (.text.OUTLINED_FUNCTION_60)
                  7009eda4    00000014     {8BBC2A71-AA2B-40DC-8160-B220EDC9B3A1} (.text.Sciclient_getIrAddr)
                  7009edb8    00000014     {8BBC2A71-AA2B-40DC-8160-B220EDC9B3A1} (.text.UART_enhanFuncBitValRestore)
                  7009edcc    00000014     {8BBC2A71-AA2B-40DC-8160-B220EDC9B3A1} (.text._outc)
                  7009ede0    00000012     {8BBC2A71-AA2B-40DC-8160-B220EDC9B3A1} (.text.CSL_pktdmaGetChanPeerReg)
                  7009edf2    00000012     {8BBC2A71-AA2B-40DC-8160-B220EDC9B3A1} (.text.CSL_pktdmaIsValidChanIdx)
                  7009ee04    00000012     {8BBC2A71-AA2B-40DC-8160-B220EDC9B3A1} (.text.CSL_pktdmaSetChanPeerReg)
                  7009ee16    00000012     {8BBC2A71-AA2B-40DC-8160-B220EDC9B3A1} (.text.EnetDma_registerRxEventCb)
                  7009ee28    00000012     {8BBC2A71-AA2B-40DC-8160-B220EDC9B3A1} (.text.EnetDma_registerTxEventCb)
                  7009ee3a    00000012     {8BBC2A71-AA2B-40DC-8160-B220EDC9B3A1} (.text.I2C_LLD_transferCompleteCallback)
                  7009ee4c    00000012     {8BBC2A71-AA2B-40DC-8160-B220EDC9B3A1} (.text.OUTLINED_FUNCTION_2)
                  7009ee5e    00000012     {8BBC2A71-AA2B-40DC-8160-B220EDC9B3A1} (.text.OUTLINED_FUNCTION_4)
                  7009ee70    00000012     {8BBC2A71-AA2B-40DC-8160-B220EDC9B3A1} (.text.OUTLINED_FUNCTION_64)
                  7009ee82    00000012     {8BBC2A71-AA2B-40DC-8160-B220EDC9B3A1} (.text.OUTLINED_FUNCTION_70)
                  7009ee94    00000012     {8BBC2A71-AA2B-40DC-8160-B220EDC9B3A1} (.text.OUTLINED_FUNCTION_86)
                  7009eea6    00000012     {8BBC2A71-AA2B-40DC-8160-B220EDC9B3A1} (.text.OUTLINED_FUNCTION_90)
                  7009eeb8    00000012     {8BBC2A71-AA2B-40DC-8160-B220EDC9B3A1} (.text.OUTLINED_FUNCTION_94)
                  7009eeca    00000012     {8BBC2A71-AA2B-40DC-8160-B220EDC9B3A1} (.text.OUTLINED_FUNCTION_99)
                  7009eedc    00000012     drivers.am243x.r5f.ti-arm-clang.freertos.release.lib : uart_v0_lld.obj (.text.UART_readLineStatus)
                  7009eeee    00000010     {8BBC2A71-AA2B-40DC-8160-B220EDC9B3A1} (.text.CSL_pktdmaSetRxRT)
                  7009eefe    00000010     {8BBC2A71-AA2B-40DC-8160-B220EDC9B3A1} (.text.CSL_pktdmaSetTxRT)
                  7009ef0e    00000010     board.am243x.r5f.ti-arm-clang.freertos.release.lib : dp83869.obj (.text.Dp83869_bind)
                  7009ef1e    00000002     --HOLE-- [fill = 0]
[...]
700a68c0  __aeabi_ctype_table_C                      
7009da88  __aeabi_idiv                               
7009f714  __aeabi_idiv0                              
7009f718  __aeabi_ldiv0                              
7009e184  __aeabi_llsl                               
7009f274  __aeabi_memclr                             
7009f274  __aeabi_memclr4                            
7009f274  __aeabi_memclr8                            
7009f71c  __aeabi_memcpy                             
7009f71c  __aeabi_memcpy4                            
7009f71c  __aeabi_memcpy8                            
7009f000  __aeabi_memset                             
7009f000  __aeabi_memset4                            
7009f000  __aeabi_memset8                            
7009094c  __aeabi_uidiv                              
7009e478  __aeabi_uldivmod                           
7009e184  __ashldi3                                  
ffffffff  __binit__                                  
7009da88  __divsi3                                   
700fc7e5  __mpu_init                                 
700f9940  __stack                                    
700941b0  __udivmoddi4                               
7009094c  __udivsi3                                  
700fc6c4  _c_int00                                   
700fc6a0  _c_int00_sbl                               
UNDEFED   _system_post_cinit                         
700fc8cd  _system_pre_init                           
00000000  _vectors                                   
700fc8e8  abort                                      
ffffffff  binit                                      
7009dab4  exit                                       
700838d1  freertos_main                              
700998e8  frexp                                      
700998e8  frexpl                                     
700a752c  gCacheConfig                               
700acc54  gCacheL1dCacheLineSize                     
700acc58  gCacheL1pCacheLineSize                     
700f929c  gClockConfig                               
700d3860  gClockCtrl                                 
700f94bc  gEepromAttrs_AT24C                         
700f94c8  gEepromConfig                              
700f8cec  gEepromConfigNum                           
700f94ac  gEepromFxns_AT24C                          
700d3884  gEepromHandle                              
700d2c84  gEepromObject_AT24C                        
700f94d4  gEepromParams                              
700f8510  gEnetPhyDrvDp83869                         
700f8614  gEnetPhyDrvGeneric                         
700f8c9c  gHwiConfig                                 
700d3888  gMainTask                                  
700d34f0  gMainTaskObj                               
700c49c0  gMainTaskStack                             
700a7534  gMpuConfig                                 
700a7540  gMpuRegionConfig                           
700d37a8  gRovDummyQueue                             
70092ed8  ldexp                                      
70092ed8  ldexpl                                     
70084f25  main                                       
70091ba4  memcpy                                     
70098378  memset                                     
7009d791  printf_                                    
7008b409  putchar_                                   
700f8dd0  pxCurrentTCB                               
700992dd  pxPortInitialiseStack                      
7008c6e0  strcmp                                     
700f8c90  ulPortInterruptNesting                     
700f8dc4  ulPortSchedularRunning                     
700f92d4  ulPortTaskHasFPUContext                    
700f8dc0  ulPortYieldRequired                        
70097065  ulTaskGenericNotifyTake                    
70095915  vApplicationIdleHook                       
7009e551  vApplicationStackOverflowHook              
700fbc00  vPortRestoreTaskContext                    
7009e1fd  vPortTimerTickHandler                      
7009bde1  vTaskDelay                                 
700982d9  vTaskDelete                                
7009be2d  vTaskEnterCritical                         
7009a371  vTaskExitCritical                          
7009c951  vTaskPlaceOnEventList                      
7009aebd  vTaskPlaceOnEventListRestricted            
70097489  vTaskPriorityDisinheritAfterTimeout        
70096545  vTaskStartScheduler                        
70094a11  vTaskSwitchContext                         
7009eb75  vprintf_                                   
7009eb8d  vsnprintf_                                 
7009b371  xPortStartScheduler                        
70098fa1  xTaskCheckForTimeOut                       
70096611  xTaskCreateStatic                          
700925b9  xTaskGenericNotify                         
7009eba5  xTaskGetTickCount                          
7009ebbd  xTaskGetTickCountFromISR                   
70093289  xTaskIncrementTick                         
70097a95  xTaskPriorityDisinherit                    
7009902d  xTaskPriorityInherit                       
70095ac9  xTaskRemoveFromEventList                   
700933c1  xTaskResumeAll                             


GLOBAL SYMBOLS: SORTED BY Symbol Address 

address   name                                       
-------   ----                                       
00000000  __TI_ATRegion0_region_sz                   
00000000  __TI_ATRegion0_src_addr                    
00000000  __TI_ATRegion0_trg_addr                    
00000000  __TI_ATRegion1_region_sz                   
00000000  __TI_ATRegion1_src_addr                    
00000000  __TI_ATRegion1_trg_addr                    
00000000  __TI_ATRegion2_region_sz                   
00000000  __TI_ATRegion2_src_addr                    
00000000  __TI_ATRegion2_trg_addr                    
00000000  __TI_static_base__                         
00000000  _vectors                                   
00000100  __ABORT_STACK_SIZE                         
00000100  __FIQ_STACK_SIZE                           
00000100  __IRQ_STACK_SIZE                           
00000100  __UNDEFINED_STACK_SIZE                     
00000400  __SYSMEM_SIZE                              
00001000  __SVC_STACK_SIZE                           
00002000  __STACK_SIZE                               
700838d1  freertos_main                              
70084f25  main                                       
7008b409  putchar_                                   
7008b7f1  Dp83869_printRegs                          
7008c335  I2C_transfer                               
7008c6d5  I2C_Transaction_init                       
7008c6e0  strcmp                                     
7008ca71  Dpl_init                                   
7008e408  __TI_printfi                               
7008e999  I2C_open                                   
7008eedd  Dp83869_config                             
7009094c  __aeabi_uidiv                              
7009094c  __udivsi3                                  
70091ba4  memcpy                                     
700925b9  xTaskGenericNotify                         
70092ed8  ldexp                                      
70092ed8  ldexpl                                     
70093289  xTaskIncrementTick                         
700933c1  xTaskResumeAll                             
7009362d  SemaphoreP_pend                            
70093d39  SemaphoreP_post                            
700941b0  __udivmoddi4                               
700943dd  ClockP_construct                           
70094a11  vTaskSwitchContext                         
70094d15  EEPROM_AT24C_write                         
7009559d  EEPROM_AT24C_read                          
70095915  vApplicationIdleHook                       
70095ac9  xTaskRemoveFromEventList                   
70096545  vTaskStartScheduler                        
70096611  xTaskCreateStatic                          
70096d8d  I2C_close                                  
70097065  ulTaskGenericNotifyTake                    
70097489  vTaskPriorityDisinheritAfterTimeout        
70097a95  xTaskPriorityDisinherit                    
700982d9  vTaskDelete                                
70098378  memset                                     
70098fa1  xTaskCheckForTimeOut                       
7009902d  xTaskPriorityInherit                       
700992dd  pxPortInitialiseStack                      
700998e8  frexp                                      
700998e8  frexpl                                     
7009a371  vTaskExitCritical                          
7009ad9d  SemaphoreP_constructCounting               
7009aebd  vTaskPlaceOnEventListRestricted            
7009af7b  GenericPhy_enableAdvertisement             
7009b091  GenericPhy_disableAdvertisement            
7009b0ed  GenericPhy_readExtReg                      
7009b371  xPortStartScheduler                        
7009b4d4  __TI_readmsg                               
7009b52c  __TI_writemsg                              
7009b578  C$$IO$$                                    
7009b984  __TI_auto_init_nobinit_nopinit             
7009ba2b  GenericPhy_writeExtReg                     
7009bde1  vTaskDelay                                 
7009be2d  vTaskEnterCritical                         
7009bfe5  SemaphoreP_constructBinary                 
7009c0bb  GenericPhy_isLinkUp                        
7009c369  SemaphoreP_destruct                        
7009c951  vTaskPlaceOnEventList                      
7009c991  GenericPhy_getId                           
7009ca89  Board_eepromOpen                           
7009cac5  ClockP_stop                                
7009cb01  ClockP_timerCallbackFunction               
7009cbb5  GenericPhy_printRegs                       
7009cdcf  EEPROM_open                                
7009ce45  ClockP_getTimeUsec                         
7009d0e4  CycleCounterP_getCount32                   
7009d0ec  PmuP_setup                                 
7009d0f4  PmuP_enableCounters                        
7009d0fc  PmuP_disableCounters                       
7009d104  PmuP_getOverflowStatus                     
7009d10c  PmuP_clearOverflowStatus                   
7009d114  PmuP_setUserEnable                         
7009d189  ClockP_usleep                              
7009d1bd  EEPROM_AT24C_open                          
7009d259  I2C_recoverBus                             
7009d391  Dp83869_isResetComplete                    
7009d4f1  ClockP_timerTickIsr                        
7009d6d1  SemaphoreP_constructMutex                  
7009d791  printf_                                    
7009d7ef  GenericPhy_ctrlAutoNegotiation             
7009d981  GenericPhy_isAutoNegotiationRestartComplete
7009d9ad  GenericPhy_isResetComplete                 
7009d9d9  GenericPhy_readReg                         
7009da05  GenericPhy_writeReg                        
7009da88  __aeabi_idiv                               
7009da88  __divsi3                                   
7009dab4  exit                                       
7009e045  GenericPhy_isAutoNegotiationComplete       
7009e06d  GenericPhy_isLinkPartnerAutoNegotiationAble
7009e184  __aeabi_llsl                               
7009e184  __ashldi3                                  
7009e1fd  vPortTimerTickHandler                      
7009e225  Dp83869_isPhyDevSupported                  
7009e271  GenericPhy_isAutoNegotiationEnabled        
7009e297  GenericPhy_isPowerDownActive               
7009e2bd  GenericPhy_setSpeedDuplex                  
7009e3c5  I2C_init                                   
7009e478  __aeabi_uldivmod                           
7009e551  vApplicationStackOverflowHook              
7009e575  EEPROM_AT24C_close                         
7009e659  I2C_getHandle                              
7009e7d9  Dp83869_reset                              
7009e815  EEPROM_read                                
7009e9d5  GenericPhy_ctrlPowerDown                   
7009ea3d  Board_eepromClose                          
7009ea6d  ClockP_getTicks                            
7009ea85  Dp83869_isMacModeSupported                 
7009eb75  vprintf_                                   
7009eb8d  vsnprintf_                                 
7009eba5  xTaskGetTickCount                          
7009ebbd  xTaskGetTickCountFromISR                   
7009ecc9  ClockP_usecToTicks                         
7009ed2d  GenericPhy_reset                           
7009ef0f  Dp83869_bind                               
7009ef31  GenericPhy_bind                            
7009f000  __aeabi_memset                             
7009f000  __aeabi_memset4                            
7009f000  __aeabi_memset8                            
7009f041  EEPROM_close                               
7009f274  __aeabi_memclr                             
7009f274  __aeabi_memclr4                            
7009f274  __aeabi_memclr8                            
7009f28c  CSL_armR5ReadMpidrReg                      
7009f2c1  ClockP_destruct                            
7009f474  C$$EXIT                                    
7009f709  PhyPriv_getPhyAddr                         
7009f70d  PhyPriv_getRegAccessApi                    
7009f714  __aeabi_idiv0                              
7009f718  __aeabi_ldiv0                              
7009f71c  __aeabi_memcpy                             
7009f71c  __aeabi_memcpy4                            
7009f71c  __aeabi_memcpy8                            
700a68c0  __aeabi_ctype_table_                       
700a68c0  __aeabi_ctype_table_C                      
700a752c  gCacheConfig                               
700a7534  gMpuConfig                                 
700a7540  gMpuRegionConfig                           
700a93b8  I2C_defaultTransaction                     
700acc54  gCacheL1dCacheLineSize                     
700acc58  gCacheL1pCacheLineSize                     
700acd00  __BSS_START                                
700c49c0  gMainTaskStack                             
700d2c84  gEepromObject_AT24C                        
700d2df0  _CIOBUF_                                   
700d2df0  __CIOBUF_                                  
700d34f0  gMainTaskObj                               
700d37a8  gRovDummyQueue                             
700d3860  gClockCtrl                                 
700d3884  gEepromHandle                              
700d3888  gMainTask                                  
700d3900  __BSS_END                                  
700f8510  gEnetPhyDrvDp83869                         
700f8614  gEnetPhyDrvGeneric                         
700f8c90  ulPortInterruptNesting                     
700f8c9c  gHwiConfig                                 
700f8cec  gEepromConfigNum                           
700f8d7c  __TI_dtors_ptr                             
700f8d80  __TI_cleanup_ptr                           
700f8dc0  ulPortYieldRequired                        
700f8dc4  ulPortSchedularRunning                     
700f8dd0  pxCurrentTCB                               
700f8dd4  FreeRTOS_errno                             
700f929c  gClockConfig                               
700f92d4  ulPortTaskHasFPUContext                    
700f94ac  gEepromFxns_AT24C                          
700f94bc  gEepromAttrs_AT24C                         
700f94c8  gEepromConfig                              
700f94d4  gEepromParams                              
700f9940  __stack                                    
700fb940  __STACK_END                                
700fb941  HwiP_irq_handler_c                         
700fb9e9  HwiP_fiq_handler                           
700fba99  HwiP_reserved_handler                      
700fbabf  HwiP_undefined_handler_c                   
700fbadb  HwiP_user_undefined_handler_c              
700fbaef  HwiP_prefetch_abort_handler_c              
700fbb63  HwiP_user_prefetch_abort_handler_c         
700fbb73  HwiP_data_abort_handler_c                  
700fbbef  HwiP_user_data_abort_handler_c             
700fbc00  vPortRestoreTaskContext                    
700fbc38  HwiP_svc_handler                           
700fbca8  HwiP_irq_handler                           
700fbf54  HwiP_data_abort_handler                    
700fbf98  HwiP_prefetch_abort_handler                
700fbfe4  HwiP_undefined_handler                     
700fc014  GET_DFSR                                   
700fc01c  GET_ADFSR                                  
700fc024  GET_DFAR                                   
700fc02c  GET_IFSR                                   
700fc034  GET_AIFSR                                  
700fc03c  GET_IFAR                                   
700fc044  GET_SPSR                                   
700fc114  HwiP_disable                               
700fc124  HwiP_disableFIQ                            
700fc134  HwiP_enable                                
700fc144  HwiP_enableFIQ                             
700fc154  HwiP_restore                               
700fc15c  HwiP_enableVIC                             
700fc16c  HwiP_disableVIC                            
700fc17c  HwiP_getCPSR                               
700fc188  CacheP_disableL1d                          
700fc1b0  CacheP_disableL1p                          
700fc1c8  CacheP_enableL1d                           
700fc1e0  CacheP_enableL1p                           
700fc1f8  CacheP_invL1d                              
700fc230  CacheP_invL1p                              
700fc26c  CacheP_invL1dAll                           
700fc274  CacheP_invL1pAll                           
700fc27c  CacheP_wb                                  
700fc2b8  CacheP_wbInv                               
700fc2f4  CacheP_wbAll                               
700fc39c  CacheP_wbInvAll                            
700fc3b4  CacheP_wbInvAllAsm                         
700fc454  CacheP_getEnabled                          
700fc48c  CacheP_getCacheLevelInfo                   
700fc498  CacheP_configForceWrThru                   
700fc4b8  CacheP_setDLFO                             
700fc4c9  CacheP_init                                
700fc513  CacheP_disable                             
700fc54d  CacheP_enable                              
700fc56d  CacheP_inv                                 
700fc5b0  MpuP_disableAsm                            
700fc5c8  MpuP_disableBRAsm                          
700fc5d8  MpuP_enableAsm                             
700fc5f0  MpuP_enableBRAsm                           
700fc600  MpuP_isEnableAsm                           
700fc614  MpuP_setRegionAsm                          
700fc6a0  _c_int00_sbl                               
700fc6c4  _c_int00                                   
700fc7e5  __mpu_init                                 
700fc8cd  _system_pre_init                           
700fc8e8  abort                                      
700fc8f0  __IRQ_STACK_START                          
700fc9f0  __FIQ_STACK_START                          
700fc9f0  __IRQ_STACK_END                            
700fcaf0  __FIQ_STACK_END                            
700fcaf0  __SVC_STACK_START                          
700fdaf0  __ABORT_STACK_START                        
700fdaf0  __SVC_STACK_END                            
700fdbf0  __ABORT_STACK_END                          
700fdbf0  __UNDEFINED_STACK_START                    
700fdcf0  __UNDEFINED_STACK_END                      
ffffffff  __TI_pprof_out_hndl                        
ffffffff  __TI_prof_data_size                        
ffffffff  __TI_prof_data_start                       
ffffffff  __binit__                                  
ffffffff  binit                                      
UNDEFED   __TI_CINIT_Base                            
UNDEFED   __TI_CINIT_Limit                           
UNDEFED   __TI_Handler_Table_Base                    
UNDEFED   __TI_Handler_Table_Limit                   
UNDEFED   _system_post_cinit                         

[271 symbols]
